Component: ARM Compiler 5.06 (build 20) Tool: armlink [4d35a3]

==============================================================================

Section Cross References

    main.o(i.main) refers to tasks.o(i.xTaskGenericCreate) for xTaskGenericCreate
    main.o(i.main) refers to tasks.o(i.vTaskStartScheduler) for vTaskStartScheduler
    main.o(i.main) refers to task_sysinitconfig.o(i.Task_SysInitConfig) for Task_SysInitConfig
    stm32f4xx_it.o(i.CAN1_RX0_IRQHandler) refers to stm32f4xx_can.o(i.CAN_Receive) for CAN_Receive
    stm32f4xx_it.o(i.CAN1_RX0_IRQHandler) refers to stm32f4xx_can.o(i.CAN_ITConfig) for CAN_ITConfig
    stm32f4xx_it.o(i.CAN1_RX0_IRQHandler) refers to stm32f4xx_it.o(.bss) for CanRxData
    stm32f4xx_it.o(i.CAN1_RX0_IRQHandler) refers to driver_cloudmotor.o(.bss) for CloudParam
    stm32f4xx_it.o(i.CAN1_RX0_IRQHandler) refers to driver_supergyroscope.o(.data) for SuperGyoFrameCounter
    stm32f4xx_it.o(i.CAN1_RX0_IRQHandler) refers to stm32f4xx_it.o(.data) for FristGyroData
    stm32f4xx_it.o(i.CAN1_RX0_IRQHandler) refers to driver_supergyroscope.o(.bss) for SuperGyoParam
    stm32f4xx_it.o(i.CAN1_RX0_IRQHandler) refers to driver_chassis.o(.data) for ChassisFrameCounter
    stm32f4xx_it.o(i.CAN1_RX0_IRQHandler) refers to driver_chassis.o(.bss) for ChassisParam
    stm32f4xx_it.o(i.CAN1_RX0_IRQHandler) refers to driver_fricmotor.o(.data) for ArtilleryFricRealSpeed
    stm32f4xx_it.o(i.CAN2_RX0_IRQHandler) refers to stm32f4xx_can.o(i.CAN_ITConfig) for CAN_ITConfig
    stm32f4xx_it.o(i.UART4_IRQHandler) refers to stm32f4xx_dma.o(i.DMA_Cmd) for DMA_Cmd
    stm32f4xx_it.o(i.UART4_IRQHandler) refers to driver_judge.o(i.Verify_CRC16_Check_Sum) for Verify_CRC16_Check_Sum
    stm32f4xx_it.o(i.UART4_IRQHandler) refers to tasks.o(i.xTaskGetTickCountFromISR) for xTaskGetTickCountFromISR
    stm32f4xx_it.o(i.UART4_IRQHandler) refers to stm32f4xx_dma.o(i.DMA_ClearFlag) for DMA_ClearFlag
    stm32f4xx_it.o(i.UART4_IRQHandler) refers to stm32f4xx_dma.o(i.DMA_GetCmdStatus) for DMA_GetCmdStatus
    stm32f4xx_it.o(i.UART4_IRQHandler) refers to stm32f4xx_dma.o(i.DMA_SetCurrDataCounter) for DMA_SetCurrDataCounter
    stm32f4xx_it.o(i.UART4_IRQHandler) refers to stm32f4xx_it.o(.data) for UARTtemp
    stm32f4xx_it.o(i.UART4_IRQHandler) refers to driver_judge.o(.bss) for JudgeDataBuffer
    stm32f4xx_it.o(i.UART4_IRQHandler) refers to driver_judge.o(.data) for JudgeFrameCounter
    stm32f4xx_it.o(i.UART4_IRQHandler) refers to driver_chassis.o(.data) for ChassisMaxSumCurrent
    stm32f4xx_it.o(i.UART5_IRQHandler) refers to stm32f4xx_dma.o(i.DMA_Cmd) for DMA_Cmd
    stm32f4xx_it.o(i.UART5_IRQHandler) refers to driver_dbus.o(i.DBUS_DataDecoding) for DBUS_DataDecoding
    stm32f4xx_it.o(i.UART5_IRQHandler) refers to stm32f4xx_dma.o(i.DMA_ClearFlag) for DMA_ClearFlag
    stm32f4xx_it.o(i.UART5_IRQHandler) refers to stm32f4xx_dma.o(i.DMA_GetCmdStatus) for DMA_GetCmdStatus
    stm32f4xx_it.o(i.UART5_IRQHandler) refers to stm32f4xx_dma.o(i.DMA_SetCurrDataCounter) for DMA_SetCurrDataCounter
    stm32f4xx_it.o(i.UART5_IRQHandler) refers to stm32f4xx_it.o(.data) for UARTtemp
    stm32f4xx_it.o(i.UART5_IRQHandler) refers to driver_dbus.o(.data) for DBUSFrameCounter
    stm32f4xx_it.o(i.USART1_IRQHandler) refers to stm32f4xx_it.o(.data) for UARTtemp
    stm32f4xx_it.o(i.USART1_IRQHandler) refers to driver_vision.o(.data) for PCDataBufferPoint
    stm32f4xx_it.o(i.USART1_IRQHandler) refers to driver_vision.o(.bss) for PCDataBuffer
    driver_bell.o(i.Bell_BarkWarning) refers to task_bell.o(.data) for BellWarningNum
    driver_bell.o(i.Bell_InitConfig) refers to task_bell.o(.data) for BellWarningNum
    driver_dbus.o(i.DBUS_ButtonCheckJump) refers to driver_dbus.o(.bss) for LastJumpTick
    driver_dbus.o(i.DBUS_CheckJump) refers to driver_dbus.o(.bss) for DBUS_ReceiveData
    driver_dbus.o(i.DBUS_CheckPush) refers to driver_dbus.o(.bss) for DBUS_ReceiveData
    driver_dbus.o(i.DBUS_DataDecoding) refers to rt_memcpy_v6.o(.text) for __aeabi_memcpy
    driver_dbus.o(i.DBUS_DataDecoding) refers to driver_dbus.o(.bss) for DBUS_ReceiveData
    driver_dbus.o(i.DBUS_InitConfig) refers to driver_dbus.o(.data) for DBUSConnectStatus
    driver_dbus.o(i.DBUS_InitConfig) refers to driver_dbus.o(.bss) for DBUS_ReceiveData
    driver_judge.o(i.Append_CRC16_Check_Sum) refers to driver_judge.o(i.Get_CRC16_Check_Sum) for Get_CRC16_Check_Sum
    driver_judge.o(i.Append_CRC16_Check_Sum) refers to driver_judge.o(.data) for CRC_INIT
    driver_judge.o(i.Append_CRC8_Check_Sum) refers to driver_judge.o(i.Get_CRC8_Check_Sum) for Get_CRC8_Check_Sum
    driver_judge.o(i.Get_CRC16_Check_Sum) refers to driver_judge.o(.constdata) for wCRC_Table
    driver_judge.o(i.Get_CRC8_Check_Sum) refers to driver_judge.o(.constdata) for CRC8_TAB
    driver_judge.o(i.Judge_InitConfig) refers to driver_judge.o(.bss) for InfantryJudge
    driver_judge.o(i.Judge_InitConfig) refers to driver_judge.o(.data) for JudgeFrameCounter
[...]
    OTG_HS_IRQHandler                        0x0800033b   Thumb Code     0  startup_stm32f40_41xxx.o(.text)
    OTG_HS_WKUP_IRQHandler                   0x0800033b   Thumb Code     0  startup_stm32f40_41xxx.o(.text)
    PVD_IRQHandler                           0x0800033b   Thumb Code     0  startup_stm32f40_41xxx.o(.text)
    RCC_IRQHandler                           0x0800033b   Thumb Code     0  startup_stm32f40_41xxx.o(.text)
    RTC_Alarm_IRQHandler                     0x0800033b   Thumb Code     0  startup_stm32f40_41xxx.o(.text)
    RTC_WKUP_IRQHandler                      0x0800033b   Thumb Code     0  startup_stm32f40_41xxx.o(.text)
    SDIO_IRQHandler                          0x0800033b   Thumb Code     0  startup_stm32f40_41xxx.o(.text)
    SPI1_IRQHandler                          0x0800033b   Thumb Code     0  startup_stm32f40_41xxx.o(.text)
    SPI2_IRQHandler                          0x0800033b   Thumb Code     0  startup_stm32f40_41xxx.o(.text)
    SPI3_IRQHandler                          0x0800033b   Thumb Code     0  startup_stm32f40_41xxx.o(.text)
    TAMP_STAMP_IRQHandler                    0x0800033b   Thumb Code     0  startup_stm32f40_41xxx.o(.text)
    TIM1_BRK_TIM9_IRQHandler                 0x0800033b   Thumb Code     0  startup_stm32f40_41xxx.o(.text)
    TIM1_CC_IRQHandler                       0x0800033b   Thumb Code     0  startup_stm32f40_41xxx.o(.text)
    TIM1_TRG_COM_TIM11_IRQHandler            0x0800033b   Thumb Code     0  startup_stm32f40_41xxx.o(.text)
    TIM1_UP_TIM10_IRQHandler                 0x0800033b   Thumb Code     0  startup_stm32f40_41xxx.o(.text)
    TIM2_IRQHandler                          0x0800033b   Thumb Code     0  startup_stm32f40_41xxx.o(.text)
    TIM3_IRQHandler                          0x0800033b   Thumb Code     0  startup_stm32f40_41xxx.o(.text)
    TIM4_IRQHandler                          0x0800033b   Thumb Code     0  startup_stm32f40_41xxx.o(.text)
    TIM5_IRQHandler                          0x0800033b   Thumb Code     0  startup_stm32f40_41xxx.o(.text)
    TIM6_DAC_IRQHandler                      0x0800033b   Thumb Code     0  startup_stm32f40_41xxx.o(.text)
    TIM7_IRQHandler                          0x0800033b   Thumb Code     0  startup_stm32f40_41xxx.o(.text)
    TIM8_BRK_TIM12_IRQHandler                0x0800033b   Thumb Code     0  startup_stm32f40_41xxx.o(.text)
    TIM8_CC_IRQHandler                       0x0800033b   Thumb Code     0  startup_stm32f40_41xxx.o(.text)
    TIM8_TRG_COM_TIM14_IRQHandler            0x0800033b   Thumb Code     0  startup_stm32f40_41xxx.o(.text)
    TIM8_UP_TIM13_IRQHandler                 0x0800033b   Thumb Code     0  startup_stm32f40_41xxx.o(.text)
    USART2_IRQHandler                        0x0800033b   Thumb Code     0  startup_stm32f40_41xxx.o(.text)
    USART3_IRQHandler                        0x0800033b   Thumb Code     0  startup_stm32f40_41xxx.o(.text)
    USART6_IRQHandler                        0x0800033b   Thumb Code     0  startup_stm32f40_41xxx.o(.text)
    WWDG_IRQHandler                          0x0800033b   Thumb Code     0  startup_stm32f40_41xxx.o(.text)
    __user_initial_stackheap                 0x0800033d   Thumb Code     0  startup_stm32f40_41xxx.o(.text)
    __aeabi_ldivmod                          0x08000361   Thumb Code     0  llsdiv.o(.text)
    _ll_sdiv                                 0x08000361   Thumb Code    72  llsdiv.o(.text)
    memcmp                                   0x080003a9   Thumb Code    88  memcmp.o(.text)
    __aeabi_memcpy                           0x08000401   Thumb Code     0  rt_memcpy_v6.o(.text)
    __rt_memcpy                              0x08000401   Thumb Code   138  rt_memcpy_v6.o(.text)
    _memcpy_lastbytes                        0x08000467   Thumb Code     0  rt_memcpy_v6.o(.text)
    __aeabi_memset                           0x0800048b   Thumb Code    16  aeabi_memset.o(.text)
    __use_two_region_memory                  0x0800049b   Thumb Code     2  heapauxi.o(.text)
    __rt_heap_escrow$2region                 0x0800049d   Thumb Code     2  heapauxi.o(.text)
    __rt_heap_expand$2region                 0x0800049f   Thumb Code     2  heapauxi.o(.text)
    __aeabi_uldivmod                         0x080004a1   Thumb Code     0  lludivv7m.o(.text)
    _ll_udiv                                 0x080004a1   Thumb Code   238  lludivv7m.o(.text)
    __read_errno                             0x0800058f   Thumb Code    10  _rserrno.o(.text)
    __set_errno                              0x08000599   Thumb Code    12  _rserrno.o(.text)
    __aeabi_memcpy4                          0x080005a5   Thumb Code     0  rt_memcpy_w.o(.text)
    __aeabi_memcpy8                          0x080005a5   Thumb Code     0  rt_memcpy_w.o(.text)
    __rt_memcpy_w                            0x080005a5   Thumb Code   100  rt_memcpy_w.o(.text)
    _memcpy_lastbytes_aligned                0x080005ed   Thumb Code     0  rt_memcpy_w.o(.text)
    __aeabi_memclr                           0x08000609   Thumb Code     0  rt_memclr.o(.text)
    __rt_memclr                              0x08000609   Thumb Code    68  rt_memclr.o(.text)
    _memset                                  0x0800060d   Thumb Code     0  rt_memclr.o(.text)
    __aeabi_errno_addr                       0x0800064d   Thumb Code     8  rt_errno_addr_intlibspace.o(.text)
    __errno$intlibspace                      0x0800064d   Thumb Code     0  rt_errno_addr_intlibspace.o(.text)
    __rt_errno_addr$intlibspace              0x0800064d   Thumb Code     0  rt_errno_addr_intlibspace.o(.text)
    __aeabi_memclr4                          0x08000655   Thumb Code     0  rt_memclr_w.o(.text)
    __aeabi_memclr8                          0x08000655   Thumb Code     0  rt_memclr_w.o(.text)
    __rt_memclr_w                            0x08000655   Thumb Code    78  rt_memclr_w.o(.text)
    _memset_w                                0x08000659   Thumb Code     0  rt_memclr_w.o(.text)
    __user_libspace                          0x080006a5   Thumb Code     8  libspace.o(.text)
    __user_perproc_libspace                  0x080006a5   Thumb Code     0  libspace.o(.text)
    __user_perthread_libspace                0x080006a5   Thumb Code     0  libspace.o(.text)
    __user_setup_stackheap                   0x080006ad   Thumb Code    74  sys_stackheap_outer.o(.text)
    exit                                     0x080006f7   Thumb Code    18  exit.o(.text)
    _sys_exit                                0x08000709   Thumb Code     8  sys_exit.o(.text)
    __I$use$semihosting                      0x08000715   Thumb Code     0  use_no_semi.o(.text)
    __use_no_semihosting_swi                 0x08000715   Thumb Code     2  use_no_semi.o(.text)
    __semihosting_library_function           0x08000717   Thumb Code     0  indicate_semi.o(.text)
    BSP_CAN_InitConfig                       0x08000719   Thumb Code   254  bsp_can.o(i.BSP_CAN_InitConfig)
    BSP_DMA_InitConfig                       0x08000821   Thumb Code   248  bsp_dma.o(i.BSP_DMA_InitConfig)
    BSP_GPIO_InitConfig                      0x08000939   Thumb Code   704  bsp_gpio.o(i.BSP_GPIO_InitConfig)
    BSP_NVIC_InitConfig                      0x08000c09   Thumb Code   218  bsp_nvic.o(i.BSP_NVIC_InitConfig)
    BSP_TIM_InitConfig                       0x08000cf9   Thumb Code   390  bsp_tim.o(i.BSP_TIM_InitConfig)
    BSP_UART_InitConfig                      0x08000e8d   Thumb Code   266  bsp_uart.o(i.BSP_UART_InitConfig)
    Bell_Bark                                0x08000fad   Thumb Code    24  driver_bell.o(i.Bell_Bark)
    Bell_BarkWarning                         0x08000fc5   Thumb Code    10  driver_bell.o(i.Bell_BarkWarning)
    Bell_InitConfig                          0x08000fd9   Thumb Code    18  driver_bell.o(i.Bell_InitConfig)
    BusFault_Handler                         0x08000ff5   Thumb Code     4  stm32f4xx_it.o(i.BusFault_Handler)
    CAN1_RX0_IRQHandler                      0x08000ff9   Thumb Code   590  stm32f4xx_it.o(i.CAN1_RX0_IRQHandler)
    CAN2_RX0_IRQHandler                      0x08001271   Thumb Code    14  stm32f4xx_it.o(i.CAN2_RX0_IRQHandler)
    CAN_FilterInit                           0x08001285   Thumb Code   258  stm32f4xx_can.o(i.CAN_FilterInit)
    CAN_ITConfig                             0x0800138d   Thumb Code    18  stm32f4xx_can.o(i.CAN_ITConfig)
    CAN_Init                                 0x0800139f   Thumb Code   276  stm32f4xx_can.o(i.CAN_Init)
    CAN_Receive                              0x080014b3   Thumb Code   240  stm32f4xx_can.o(i.CAN_Receive)
    CAN_Transmit                             0x080015a3   Thumb Code   294  stm32f4xx_can.o(i.CAN_Transmit)
    Chassis_Adjust                           0x080016c9   Thumb Code   508  driver_chassis.o(i.Chassis_Adjust)
    Chassis_InitConfig                       0x080018cd   Thumb Code    78  driver_chassis.o(i.Chassis_InitConfig)
    Chassis_SendMotorParam                   0x08001935   Thumb Code   296  driver_chassis.o(i.Chassis_SendMotorParam)
    Chassis_SpeedSet                         0x08001a69   Thumb Code   124  driver_chassis.o(i.Chassis_SpeedSet)
    Chassis_TargetDirectionSet               0x08001af1   Thumb Code     8  driver_chassis.o(i.Chassis_TargetDirectionSet)
    CloudMotorCurrent                        0x08001afd   Thumb Code    72  driver_cloudmotor.o(i.CloudMotorCurrent)
    CloudMotor_InitConfig                    0x08001b4d   Thumb Code    74  driver_cloudmotor.o(i.CloudMotor_InitConfig)
    CloudPID_InitConfig                      0x08001ba1   Thumb Code   654  driver_control.o(i.CloudPID_InitConfig)
    Cloud_Adjust                             0x08001e99   Thumb Code    34  driver_cloudmotor.o(i.Cloud_Adjust)
    Cloud_AutoAdjust                         0x08001ebb   Thumb Code    50  driver_cloudmotor.o(i.Cloud_AutoAdjust)
    Cloud_PitchAngleSet                      0x08001eed   Thumb Code   184  driver_cloudmotor.o(i.Cloud_PitchAngleSet)
    Cloud_YawAngleSet                        0x08001fb9   Thumb Code   104  driver_cloudmotor.o(i.Cloud_YawAngleSet)
    Control_ChassisPID                       0x08002031   Thumb Code   538  driver_control.o(i.Control_ChassisPID)
    Control_FeedForwardYawPID                0x0800225d   Thumb Code   672  driver_control.o(i.Control_FeedForwardYawPID)
    Control_FricPID                          0x08002511   Thumb Code   760  driver_control.o(i.Control_FricPID)
    Control_PitchPID                         0x08002f59   Thumb Code   654  driver_control.o(i.Control_PitchPID)
    Control_PokeIPID                         0x080031fd   Thumb Code   468  driver_control.o(i.Control_PokeIPID)
    Control_YawPID                           0x080034cd   Thumb Code   656  driver_control.o(i.Control_YawPID)
    DBUS_ButtonCheckJump                     0x08003771   Thumb Code    90  driver_dbus.o(i.DBUS_ButtonCheckJump)
    DBUS_CheckPush                           0x080037d9   Thumb Code    18  driver_dbus.o(i.DBUS_CheckPush)
    DBUS_DataDecoding                        0x080037f1   Thumb Code   262  driver_dbus.o(i.DBUS_DataDecoding)
    DBUS_InitConfig                          0x08003905   Thumb Code    36  driver_dbus.o(i.DBUS_InitConfig)
    DMA_ClearFlag                            0x08003939   Thumb Code    38  stm32f4xx_dma.o(i.DMA_ClearFlag)
    DMA_Cmd                                  0x0800396d   Thumb Code    22  stm32f4xx_dma.o(i.DMA_Cmd)
    DMA_GetCmdStatus                         0x08003983   Thumb Code    20  stm32f4xx_dma.o(i.DMA_GetCmdStatus)
    DMA_Init                                 0x08003999   Thumb Code    82  stm32f4xx_dma.o(i.DMA_Init)
    DMA_SetCurrDataCounter                   0x080039f1   Thumb Code     4  stm32f4xx_dma.o(i.DMA_SetCurrDataCounter)
    DebugMon_Handler                         0x080039f5   Thumb Code     2  stm32f4xx_it.o(i.DebugMon_Handler)
    FricArtilleryMotorCurrent                0x080039f9   Thumb Code    90  driver_fricmotor.o(i.FricArtilleryMotorCurrent)
    FricArtillerySpeed_Adjust                0x08003a59   Thumb Code    28  driver_fricmotor.o(i.FricArtillerySpeed_Adjust)
    FricMotor_InitConfig                     0x08003a79   Thumb Code    26  driver_fricmotor.o(i.FricMotor_InitConfig)
    GPIO_Init                                0x08003aa1   Thumb Code   144  stm32f4xx_gpio.o(i.GPIO_Init)
    GPIO_PinAFConfig                         0x08003b31   Thumb Code    70  stm32f4xx_gpio.o(i.GPIO_PinAFConfig)
    GPIO_ReadInputDataBit                    0x08003b77   Thumb Code    18  stm32f4xx_gpio.o(i.GPIO_ReadInputDataBit)
    GPIO_ResetBits                           0x08003b89   Thumb Code     4  stm32f4xx_gpio.o(i.GPIO_ResetBits)
    GPIO_SetBits                             0x08003b8d   Thumb Code     4  stm32f4xx_gpio.o(i.GPIO_SetBits)
    Get_CRC16_Check_Sum                      0x08003b91   Thumb Code    46  driver_judge.o(i.Get_CRC16_Check_Sum)
    GunFric_Control                          0x08003bc5   Thumb Code    50  driver_fricmotor.o(i.GunFric_Control)
    HardFault_Handler                        0x08003bfd   Thumb Code     4  stm32f4xx_it.o(i.HardFault_Handler)
    IIC_ACK                                  0x08003c01   Thumb Code    68  sim_iic.o(i.IIC_ACK)
    IIC_Delay                                0x08003c49   Thumb Code    12  sim_iic.o(i.IIC_Delay)
    IIC_NACK                                 0x08003c55   Thumb Code    68  sim_iic.o(i.IIC_NACK)
    IIC_ReadBuffer                           0x08003c9d   Thumb Code   116  sim_iic.o(i.IIC_ReadBuffer)
    IIC_ReadByte                             0x08003d11   Thumb Code    92  sim_iic.o(i.IIC_ReadByte)
    IIC_SendBuffer                           0x08003d71   Thumb Code    98  sim_iic.o(i.IIC_SendBuffer)
    IIC_SendByte                             0x08003dd5   Thumb Code   100  sim_iic.o(i.IIC_SendByte)
    IIC_Start                                0x08003e3d   Thumb Code    86  sim_iic.o(i.IIC_Start)
    IIC_Stop                                 0x08003e99   Thumb Code    68  sim_iic.o(i.IIC_Stop)
    IIC_WaitACK                              0x08003ee1   Thumb Code    90  sim_iic.o(i.IIC_WaitACK)
    MPU9250DMP_GetEuler                      0x08003fe5   Thumb Code   520  mpu9250dmp.o(i.MPU9250DMP_GetEuler)
    MPU9250DMP_InitConfig                    0x080041fd   Thumb Code   208  mpu9250dmp.o(i.MPU9250DMP_InitConfig)
    MPU9250_GetGyro                          0x080042d5   Thumb Code   122  mpu9250dmp.o(i.MPU9250_GetGyro)
    MPU9250_InitConfig                       0x08004359   Thumb Code     2  driver_mpu9250.o(i.MPU9250_InitConfig)
    MPU9250_Update                           0x0800435d   Thumb Code   144  driver_mpu9250.o(i.MPU9250_Update)
    MemManage_Handler                        0x08004559   Thumb Code     4  stm32f4xx_it.o(i.MemManage_Handler)
    NMI_Handler                              0x0800455d   Thumb Code     2  stm32f4xx_it.o(i.NMI_Handler)
    NVIC_Init                                0x08004561   Thumb Code   106  misc.o(i.NVIC_Init)
    NVIC_PriorityGroupConfig                 0x080045d9   Thumb Code    10  misc.o(i.NVIC_PriorityGroupConfig)
    PokeMotorCurrent                         0x080045ed   Thumb Code    70  driver_pokemotor.o(i.PokeMotorCurrent)
    PokeMotor_Adjust                         0x0800463d   Thumb Code   300  driver_pokemotor.o(i.PokeMotor_Adjust)
    PokeMotor_InitConfig                     0x08004785   Thumb Code    42  driver_pokemotor.o(i.PokeMotor_InitConfig)
    Poke_CylinderAdjust                      0x080047c1   Thumb Code    68  driver_pokemotor.o(i.Poke_CylinderAdjust)
    Poke_CylinderControl                     0x08004809   Thumb Code    26  driver_pokemotor.o(i.Poke_CylinderControl)
    RCC_AHB1PeriphClockCmd                   0x08004829   Thumb Code    26  stm32f4xx_rcc.o(i.RCC_AHB1PeriphClockCmd)
    RCC_APB1PeriphClockCmd                   0x08004849   Thumb Code    26  stm32f4xx_rcc.o(i.RCC_APB1PeriphClockCmd)
    RCC_APB2PeriphClockCmd                   0x08004869   Thumb Code    26  stm32f4xx_rcc.o(i.RCC_APB2PeriphClockCmd)
    RCC_GetClocksFreq                        0x08004889   Thumb Code   214  stm32f4xx_rcc.o(i.RCC_GetClocksFreq)
    RecToPolar                               0x08004971   Thumb Code   536  driver_vision.o(i.RecToPolar)
    StatusMachine_InitConfig                 0x08004c8d   Thumb Code    18  driver_statusmachine.o(i.StatusMachine_InitConfig)
    StatusMachine_Update                     0x08004cad   Thumb Code   296  driver_statusmachine.o(i.StatusMachine_Update)
    Steering_Control                         0x08004de9   Thumb Code    38  driver_steering.o(i.Steering_Control)
    Steering_InitConfig                      0x08004e15   Thumb Code     8  driver_steering.o(i.Steering_InitConfig)
    SuperGyo_InitConfig                      0x08004e21   Thumb Code    30  driver_supergyroscope.o(i.SuperGyo_InitConfig)
    SysTick_Handler                          0x08004e4d   Thumb Code    48  port.o(i.SysTick_Handler)
    SystemInit                               0x08004e81   Thumb Code    88  system_stm32f4xx.o(i.SystemInit)
    TIM_ClearFlag                            0x0800500b   Thumb Code     6  stm32f4xx_tim.o(i.TIM_ClearFlag)
    TIM_Cmd                                  0x08005011   Thumb Code    24  stm32f4xx_tim.o(i.TIM_Cmd)
    TIM_CtrlPWMOutputs                       0x08005029   Thumb Code    30  stm32f4xx_tim.o(i.TIM_CtrlPWMOutputs)
    TIM_EncoderInterfaceConfig               0x08005047   Thumb Code    66  stm32f4xx_tim.o(i.TIM_EncoderInterfaceConfig)
    TIM_ICInit                               0x08005089   Thumb Code   110  stm32f4xx_tim.o(i.TIM_ICInit)
    TIM_ICStructInit                         0x080050f7   Thumb Code    18  stm32f4xx_tim.o(i.TIM_ICStructInit)
    TIM_OC1Init                              0x08005109   Thumb Code   114  stm32f4xx_tim.o(i.TIM_OC1Init)
    TIM_OC1PreloadConfig                     0x08005185   Thumb Code    18  stm32f4xx_tim.o(i.TIM_OC1PreloadConfig)
    TIM_OC2Init                              0x08005199   Thumb Code   154  stm32f4xx_tim.o(i.TIM_OC2Init)
    TIM_OC4Init                              0x0800523d   Thumb Code   112  stm32f4xx_tim.o(i.TIM_OC4Init)
    TIM_SetIC1Prescaler                      0x080052b5   Thumb Code    18  stm32f4xx_tim.o(i.TIM_SetIC1Prescaler)
    TIM_SetIC2Prescaler                      0x080052c7   Thumb Code    26  stm32f4xx_tim.o(i.TIM_SetIC2Prescaler)
    TIM_SetIC3Prescaler                      0x080052e1   Thumb Code    18  stm32f4xx_tim.o(i.TIM_SetIC3Prescaler)
    TIM_SetIC4Prescaler                      0x080052f3   Thumb Code    26  stm32f4xx_tim.o(i.TIM_SetIC4Prescaler)
    TIM_TimeBaseInit                         0x0800530d   Thumb Code   104  stm32f4xx_tim.o(i.TIM_TimeBaseInit)
    Task_BellBark                            0x08005391   Thumb Code    86  task_bell.o(i.Task_BellBark)
    Task_CANSend                             0x080053f5   Thumb Code   114  task_cansend.o(i.Task_CANSend)
    Task_Control                             0x08005475   Thumb Code   346  task_control.o(i.Task_Control)
    Task_Monitor                             0x080055fd   Thumb Code   550  task_monitor.o(i.Task_Monitor)
    Task_SysInitConfig                       0x0800585d   Thumb Code   308  task_sysinitconfig.o(i.Task_SysInitConfig)
    UART4_IRQHandler                         0x080059e9   Thumb Code   412  stm32f4xx_it.o(i.UART4_IRQHandler)
    UART5_IRQHandler                         0x08005ba9   Thumb Code    86  stm32f4xx_it.o(i.UART5_IRQHandler)
    USART1_IRQHandler                        0x08005c15   Thumb Code   856  stm32f4xx_it.o(i.USART1_IRQHandler)
    USART_Cmd                                0x08005f8d   Thumb Code    24  stm32f4xx_usart.o(i.USART_Cmd)
    USART_DMACmd                             0x08005fa5   Thumb Code    18  stm32f4xx_usart.o(i.USART_DMACmd)
    USART_ITConfig                           0x08005fb7   Thumb Code    74  stm32f4xx_usart.o(i.USART_ITConfig)
    USART_Init                               0x08006001   Thumb Code   204  stm32f4xx_usart.o(i.USART_Init)
    UsageFault_Handler                       0x080060d5   Thumb Code     4  stm32f4xx_it.o(i.UsageFault_Handler)
    Verify_CRC16_Check_Sum                   0x080060d9   Thumb Code    60  driver_judge.o(i.Verify_CRC16_Check_Sum)
    Vision_InitConfig                        0x08006119   Thumb Code   112  driver_vision.o(i.Vision_InitConfig)
    __ARM_fpclassify                         0x0800619d   Thumb Code    48  fpclassify.o(i.__ARM_fpclassify)
    __hardfp_asin                            0x080061d1   Thumb Code   770  asin.o(i.__hardfp_asin)
    __hardfp_atan                            0x08006531   Thumb Code   622  atan.o(i.__hardfp_atan)
    __hardfp_atan2                           0x08006809   Thumb Code   432  atan2.o(i.__hardfp_atan2)
    __hardfp_cos                             0x080069f9   Thumb Code   180  cos.o(i.__hardfp_cos)
    __hardfp_sin                             0x08006ac1   Thumb Code   180  sin.o(i.__hardfp_sin)
    __hardfp_sqrt                            0x08006b89   Thumb Code   122  sqrt.o(i.__hardfp_sqrt)
    __ieee754_rem_pio2                       0x08006c09   Thumb Code   938  rred.o(i.__ieee754_rem_pio2)
    __kernel_cos                             0x08007041   Thumb Code   322  cos_i.o(i.__kernel_cos)
    __kernel_poly                            0x080071b1   Thumb Code   248  poly.o(i.__kernel_poly)
    __kernel_sin                             0x080072a9   Thumb Code   280  sin_i.o(i.__kernel_sin)
    __mathlib_dbl_infnan                     0x080073d9   Thumb Code    20  dunder.o(i.__mathlib_dbl_infnan)
    __mathlib_dbl_infnan2                    0x080073ed   Thumb Code    20  dunder.o(i.__mathlib_dbl_infnan2)
    __mathlib_dbl_invalid                    0x08007401   Thumb Code    24  dunder.o(i.__mathlib_dbl_invalid)
    __mathlib_dbl_underflow                  0x08007421   Thumb Code    24  dunder.o(i.__mathlib_dbl_underflow)
    atan                                     0x08007441   Thumb Code    16  atan.o(i.atan)
    dmp_enable_6x_lp_quat                    0x080074b5   Thumb Code    60  inv_mpu_dmp_motion_driver.o(i.dmp_enable_6x_lp_quat)
    dmp_enable_feature                       0x080074f1   Thumb Code   530  inv_mpu_dmp_motion_driver.o(i.dmp_enable_feature)
    dmp_enable_gyro_cal                      0x0800770d   Thumb Code    62  inv_mpu_dmp_motion_driver.o(i.dmp_enable_gyro_cal)
    dmp_enable_lp_quat                       0x08007765   Thumb Code    60  inv_mpu_dmp_motion_driver.o(i.dmp_enable_lp_quat)
    dmp_load_motion_driver_firmware          0x080077a1   Thumb Code    20  inv_mpu_dmp_motion_driver.o(i.dmp_load_motion_driver_firmware)
    dmp_read_fifo                            0x080077b9   Thumb Code   456  inv_mpu_dmp_motion_driver.o(i.dmp_read_fifo)
    dmp_set_accel_bias                       0x08007985   Thumb Code   300  inv_mpu_dmp_motion_driver.o(i.dmp_set_accel_bias)
    dmp_set_fifo_rate                        0x08007ab5   Thumb Code    96  inv_mpu_dmp_motion_driver.o(i.dmp_set_fifo_rate)
    dmp_set_gyro_bias                        0x08007b25   Thumb Code   294  inv_mpu_dmp_motion_driver.o(i.dmp_set_gyro_bias)
    dmp_set_orientation                      0x08007c55   Thumb Code   290  inv_mpu_dmp_motion_driver.o(i.dmp_set_orientation)
    dmp_set_shake_reject_thresh              0x08007d8d   Thumb Code    56  inv_mpu_dmp_motion_driver.o(i.dmp_set_shake_reject_thresh)
    dmp_set_shake_reject_time                0x08007dc5   Thumb Code    38  inv_mpu_dmp_motion_driver.o(i.dmp_set_shake_reject_time)
    dmp_set_shake_reject_timeout             0x08007deb   Thumb Code    38  inv_mpu_dmp_motion_driver.o(i.dmp_set_shake_reject_timeout)
    dmp_set_tap_axes                         0x08007e11   Thumb Code    70  inv_mpu_dmp_motion_driver.o(i.dmp_set_tap_axes)
    dmp_set_tap_count                        0x08007e57   Thumb Code    38  inv_mpu_dmp_motion_driver.o(i.dmp_set_tap_count)
    dmp_set_tap_thresh                       0x08007e7d   Thumb Code   412  inv_mpu_dmp_motion_driver.o(i.dmp_set_tap_thresh)
    dmp_set_tap_time                         0x0800803d   Thumb Code    38  inv_mpu_dmp_motion_driver.o(i.dmp_set_tap_time)
    dmp_set_tap_time_multi                   0x08008063   Thumb Code    38  inv_mpu_dmp_motion_driver.o(i.dmp_set_tap_time_multi)
    fabs                                     0x08008089   Thumb Code    24  fabs.o(i.fabs)
    main                                     0x08008561   Thumb Code    36  main.o(i.main)
    mpu_accel_lpfset                         0x08008591   Thumb Code    20  mpu9250dmp.o(i.mpu_accel_lpfset)
    mpu_configure_fifo                       0x080085a5   Thumb Code   106  inv_mpu.o(i.mpu_configure_fifo)
    mpu_delay_ms                             0x08008615   Thumb Code    18  mpu9250dmp.o(i.mpu_delay_ms)
    mpu_get_accel_fsr                        0x08008629   Thumb Code    72  inv_mpu.o(i.mpu_get_accel_fsr)
    mpu_get_accel_sens                       0x08008675   Thumb Code    78  inv_mpu.o(i.mpu_get_accel_sens)
    mpu_get_fifo_config                      0x080086c9   Thumb Code    12  inv_mpu.o(i.mpu_get_fifo_config)
    mpu_get_gyro_fsr                         0x080086d9   Thumb Code    64  inv_mpu.o(i.mpu_get_gyro_fsr)
    mpu_get_gyro_reg                         0x0800871d   Thumb Code   110  inv_mpu.o(i.mpu_get_gyro_reg)
    mpu_get_gyro_sens                        0x08008791   Thumb Code    74  inv_mpu.o(i.mpu_get_gyro_sens)
    mpu_get_lpf                              0x080087f1   Thumb Code    74  inv_mpu.o(i.mpu_get_lpf)
    mpu_get_ms                               0x08008841   Thumb Code     2  mpu9250dmp.o(i.mpu_get_ms)
    mpu_get_sample_rate                      0x08008845   Thumb Code    26  inv_mpu.o(i.mpu_get_sample_rate)
    mpu_init                                 0x08008865   Thumb Code   304  inv_mpu.o(i.mpu_init)
    mpu_load_firmware                        0x08008999   Thumb Code   180  inv_mpu.o(i.mpu_load_firmware)
    mpu_lp_accel_mode                        0x08008a51   Thumb Code   280  inv_mpu.o(i.mpu_lp_accel_mode)
    mpu_read_fifo_stream                     0x08008b6d   Thumb Code   186  inv_mpu.o(i.mpu_read_fifo_stream)
    mpu_read_mem                             0x08008c2d   Thumb Code   122  inv_mpu.o(i.mpu_read_mem)
    mpu_reset_fifo                           0x08008cad   Thumb Code   450  inv_mpu.o(i.mpu_reset_fifo)
    mpu_run_self_test                        0x08008e75   Thumb Code   168  inv_mpu.o(i.mpu_run_self_test)
    mpu_set_accel_fsr                        0x08008f21   Thumb Code   126  inv_mpu.o(i.mpu_set_accel_fsr)
    mpu_set_bypass                           0x08008fa5   Thumb Code   328  inv_mpu.o(i.mpu_set_bypass)
    mpu_set_compass_sample_rate              0x080090f1   Thumb Code    92  inv_mpu.o(i.mpu_set_compass_sample_rate)
    mpu_set_dmp_state                        0x08009151   Thumb Code   138  inv_mpu.o(i.mpu_set_dmp_state)
    mpu_set_gyro_fsr                         0x080091e1   Thumb Code   132  inv_mpu.o(i.mpu_set_gyro_fsr)
    mpu_set_int_latched                      0x08009269   Thumb Code   102  inv_mpu.o(i.mpu_set_int_latched)
    mpu_set_lpf                              0x080092d5   Thumb Code   126  inv_mpu.o(i.mpu_set_lpf)
    mpu_set_sample_rate                      0x08009359   Thumb Code   174  inv_mpu.o(i.mpu_set_sample_rate)
    mpu_set_sensors                          0x0800940d   Thumb Code   354  inv_mpu.o(i.mpu_set_sensors)
    mpu_write_mem                            0x08009575   Thumb Code   122  inv_mpu.o(i.mpu_write_mem)
    pvPortMalloc                             0x08009db9   Thumb Code   166  heap_2.o(i.pvPortMalloc)
    pvTaskIncrementMutexHeldCount            0x08009e71   Thumb Code    26  tasks.o(i.pvTaskIncrementMutexHeldCount)
    pxPortInitialiseStack                    0x08009e91   Thumb Code    34  port.o(i.pxPortInitialiseStack)
    sqrt                                     0x0800a181   Thumb Code   110  sqrt.o(i.sqrt)
    uxListRemove                             0x0800a1ef   Thumb Code    40  list.o(i.uxListRemove)
    vListInitialise                          0x0800a217   Thumb Code    26  list.o(i.vListInitialise)
    vListInitialiseItem                      0x0800a231   Thumb Code     6  list.o(i.vListInitialiseItem)
    vListInsert                              0x0800a237   Thumb Code    52  list.o(i.vListInsert)
    vListInsertEnd                           0x0800a26b   Thumb Code    24  list.o(i.vListInsertEnd)
    vPortEnterCritical                       0x0800a285   Thumb Code    76  port.o(i.vPortEnterCritical)
    vPortExitCritical                        0x0800a2d9   Thumb Code    56  port.o(i.vPortExitCritical)
    vPortFree                                0x0800a315   Thumb Code    56  heap_2.o(i.vPortFree)
    vPortSetupTimerInterrupt                 0x0800a355   Thumb Code    14  port.o(i.vPortSetupTimerInterrupt)
    vPortValidateInterruptPriority           0x0800a369   Thumb Code   106  port.o(i.vPortValidateInterruptPriority)
    vQueueAddToRegistry                      0x0800a3e1   Thumb Code    38  queue.o(i.vQueueAddToRegistry)
    vQueueWaitForMessageRestricted           0x0800a40d   Thumb Code    66  queue.o(i.vQueueWaitForMessageRestricted)
    vTaskDelay                               0x0800a451   Thumb Code   120  tasks.o(i.vTaskDelay)
    vTaskDelayUntil                          0x0800a4dd   Thumb Code   230  tasks.o(i.vTaskDelayUntil)
    vTaskDelete                              0x0800a5d9   Thumb Code   186  tasks.o(i.vTaskDelete)
    vTaskMissedYield                         0x0800a6b9   Thumb Code     8  tasks.o(i.vTaskMissedYield)
    vTaskPlaceOnEventList                    0x0800a6c5   Thumb Code   108  tasks.o(i.vTaskPlaceOnEventList)
    vTaskPlaceOnEventListRestricted          0x0800a741   Thumb Code   114  tasks.o(i.vTaskPlaceOnEventListRestricted)
    vTaskPriorityInherit                     0x0800a7c5   Thumb Code   164  tasks.o(i.vTaskPriorityInherit)
    vTaskSetTimeOutState                     0x0800a875   Thumb Code    38  tasks.o(i.vTaskSetTimeOutState)
    vTaskStartScheduler                      0x0800a8a5   Thumb Code   110  tasks.o(i.vTaskStartScheduler)
    vTaskSuspendAll                          0x0800a92d   Thumb Code    12  tasks.o(i.vTaskSuspendAll)
    vTaskSwitchContext                       0x0800a93d   Thumb Code   118  tasks.o(i.vTaskSwitchContext)
    xPortStartScheduler                      0x0800a9c9   Thumb Code   288  port.o(i.xPortStartScheduler)
    xQueueGenericCreate                      0x0800ab05   Thumb Code   134  queue.o(i.xQueueGenericCreate)
    xQueueGenericReceive                     0x0800ab8d   Thumb Code   424  queue.o(i.xQueueGenericReceive)
    xQueueGenericReset                       0x0800ad39   Thumb Code   144  queue.o(i.xQueueGenericReset)
    xQueueGenericSend                        0x0800adcd   Thumb Code   412  queue.o(i.xQueueGenericSend)
    xQueueGenericSendFromISR                 0x0800af6d   Thumb Code   240  queue.o(i.xQueueGenericSendFromISR)
    xTaskCheckForTimeOut                     0x0800b05d   Thumb Code   132  tasks.o(i.xTaskCheckForTimeOut)
    xTaskGenericCreate                       0x0800b0e9   Thumb Code   340  tasks.o(i.xTaskGenericCreate)
    xTaskGetSchedulerState                   0x0800b259   Thumb Code    24  tasks.o(i.xTaskGetSchedulerState)
    xTaskGetTickCount                        0x0800b279   Thumb Code     6  tasks.o(i.xTaskGetTickCount)
    xTaskGetTickCountFromISR                 0x0800b285   Thumb Code    16  tasks.o(i.xTaskGetTickCountFromISR)
    xTaskIncrementTick                       0x0800b299   Thumb Code   286  tasks.o(i.xTaskIncrementTick)
    xTaskPriorityDisinherit                  0x0800b3e5   Thumb Code   188  tasks.o(i.xTaskPriorityDisinherit)
    xTaskRemoveFromEventList                 0x0800b4ad   Thumb Code   128  tasks.o(i.xTaskRemoveFromEventList)
    xTaskResumeAll                           0x0800b545   Thumb Code   224  tasks.o(i.xTaskResumeAll)
    xTimerCreateTimerTask                    0x0800b649   Thumb Code    72  timers.o(i.xTimerCreateTimerTask)
    xTimerGenericCommand                     0x0800b6a1   Thumb Code   126  timers.o(i.xTimerGenericCommand)
    __aeabi_dneg                             0x0800b725   Thumb Code     0  basic.o(x$fpl$basic)
    _dneg                                    0x0800b725   Thumb Code     6  basic.o(x$fpl$basic)
    __aeabi_fneg                             0x0800b72b   Thumb Code     0  basic.o(x$fpl$basic)
    _fneg                                    0x0800b72b   Thumb Code     6  basic.o(x$fpl$basic)
    _dabs                                    0x0800b731   Thumb Code     6  basic.o(x$fpl$basic)
    _fabs                                    0x0800b737   Thumb Code     6  basic.o(x$fpl$basic)
    __aeabi_d2f                              0x0800b73d   Thumb Code     0  d2f.o(x$fpl$d2f)
    _d2f                                     0x0800b73d   Thumb Code    98  d2f.o(x$fpl$d2f)
    __aeabi_dadd                             0x0800b7a1   Thumb Code     0  daddsub_clz.o(x$fpl$dadd)
    _dadd                                    0x0800b7a1   Thumb Code   332  daddsub_clz.o(x$fpl$dadd)
    __aeabi_ddiv                             0x0800b8f1   Thumb Code     0  ddiv.o(x$fpl$ddiv)
    _ddiv                                    0x0800b8f1   Thumb Code   552  ddiv.o(x$fpl$ddiv)
    __aeabi_d2iz                             0x0800bba1   Thumb Code     0  dfix.o(x$fpl$dfix)
    _dfix                                    0x0800bba1   Thumb Code    94  dfix.o(x$fpl$dfix)
    __aeabi_i2d                              0x0800bbff   Thumb Code     0  dflt_clz.o(x$fpl$dflt)
    _dflt                                    0x0800bbff   Thumb Code    46  dflt_clz.o(x$fpl$dflt)
    __aeabi_ui2d                             0x0800bc2d   Thumb Code     0  dflt_clz.o(x$fpl$dfltu)
    _dfltu                                   0x0800bc2d   Thumb Code    38  dflt_clz.o(x$fpl$dfltu)
    __aeabi_dmul                             0x0800bc55   Thumb Code     0  dmul.o(x$fpl$dmul)
    _dmul                                    0x0800bc55   Thumb Code   332  dmul.o(x$fpl$dmul)
    __fpl_dnaninf                            0x0800bda9   Thumb Code   156  dnaninf.o(x$fpl$dnaninf)
    __fpl_dretinf                            0x0800be45   Thumb Code    12  dretinf.o(x$fpl$dretinf)
    __aeabi_drsub                            0x0800be51   Thumb Code     0  daddsub_clz.o(x$fpl$drsb)
    _drsb                                    0x0800be51   Thumb Code    22  daddsub_clz.o(x$fpl$drsb)
    _dsqrt                                   0x0800be69   Thumb Code   404  dsqrt_umaal.o(x$fpl$dsqrt)
    __aeabi_dsub                             0x0800c001   Thumb Code     0  daddsub_clz.o(x$fpl$dsub)
    _dsub                                    0x0800c001   Thumb Code   464  daddsub_clz.o(x$fpl$dsub)
    __aeabi_f2d                              0x0800c1d5   Thumb Code     0  f2d.o(x$fpl$f2d)
    _f2d                                     0x0800c1d5   Thumb Code    86  f2d.o(x$fpl$f2d)
    __fpl_fnaninf                            0x0800c22b   Thumb Code   140  fnaninf.o(x$fpl$fnaninf)
    _fp_init                                 0x0800c2b7   Thumb Code    10  fpinit.o(x$fpl$fpinit)
    __fplib_config_fpu_vfp                   0x0800c2bf   Thumb Code     0  fpinit.o(x$fpl$fpinit)
    __fplib_config_pureend_doubles           0x0800c2bf   Thumb Code     0  fpinit.o(x$fpl$fpinit)
    __fpl_fretinf                            0x0800c2c1   Thumb Code    10  fretinf.o(x$fpl$fretinf)
    CRC8_INIT                                0x0800c2ca   Data           1  driver_judge.o(.constdata)
    __I$use$fp                               0x0800c2ca   Number         0  usenofp.o(x$fpl$usenofp)
    CRC8_TAB                                 0x0800c2cb   Data         256  driver_judge.o(.constdata)
    wCRC_Table                               0x0800c3cc   Data         512  driver_judge.o(.constdata)
    AttackModeOrder                          0x0800c5cc   Data          26  driver_vision.o(.constdata)
    BigSymbolModeOrder                       0x0800c5e6   Data          26  driver_vision.o(.constdata)
    RedEnemyOrder                            0x0800c600   Data          26  driver_vision.o(.constdata)
    BlueEnemyOrder                           0x0800c61a   Data          26  driver_vision.o(.constdata)
    ShutdownOrder                            0x0800c634   Data          26  driver_vision.o(.constdata)
    reg                                      0x0800c650   Data          42  inv_mpu.o(.constdata)
    hw                                       0x0800c67a   Data          14  inv_mpu.o(.constdata)
    test                                     0x0800c688   Data          40  inv_mpu.o(.constdata)
    __mathlib_zero                           0x0800d3c0   Data           8  qnan.o(.constdata)
    Region$$Table$$Base                      0x0800d4b8   Number         0  anon$$obj.o(Region$$Table)
    Region$$Table$$Limit                     0x0800d4d8   Number         0  anon$$obj.o(Region$$Table)
    Queue_CANSend                            0x20000000   Data           4  main.o(.data)
    TaskHandle_BellOnce                      0x20000004   Data           4  main.o(.data)
    TaskHandle_BellCycle                     0x20000008   Data           4  main.o(.data)
    UARTtemp                                 0x2000000c   Data           1  stm32f4xx_it.o(.data)
    DBUSFrameCounter                         0x2000000e   Data           1  driver_dbus.o(.data)
    DBUSFrameRate                            0x2000000f   Data           1  driver_dbus.o(.data)
    DBUSConnectStatus                        0x20000010   Data           1  driver_dbus.o(.data)
    JudgeFrameCounter                        0x20000014   Data           4  driver_judge.o(.data)
    JudgeFrameRate                           0x20000018   Data           4  driver_judge.o(.data)
    CRC_INIT                                 0x2000001c   Data           2  driver_judge.o(.data)
    VisionType                               0x20000020   Data           1  driver_vision.o(.data)
    PCDataBufferPoint                        0x20000021   Data           1  driver_vision.o(.data)
    EnemyDataBufferPoint                     0x20000022   Data           1  driver_vision.o(.data)
    ForcastTarget                            0x20000024   Data           8  driver_vision.o(.data)
    VisionUpdataFlag                         0x2000002c   Data           1  driver_vision.o(.data)
    PCFrameCounter                           0x2000002e   Data           2  driver_vision.o(.data)
    PCFrameRate                              0x20000030   Data           2  driver_vision.o(.data)
    ChassisMaxSumCurrent                     0x20000034   Data           4  driver_chassis.o(.data)
    ChassisFrameCounter                      0x20000038   Data           8  driver_chassis.o(.data)
    ChassisFrameRate                         0x20000040   Data           8  driver_chassis.o(.data)
    ArtilleryFricRealSpeed                   0x20000048   Data           4  driver_fricmotor.o(.data)
    ArtilleryFricTargetSpeed                 0x2000004c   Data           2  driver_fricmotor.o(.data)
    ControlMode                              0x20000058   Data           1  driver_statusmachine.o(.data)
    KMSubschema                              0x20000059   Data           1  driver_statusmachine.o(.data)
    FricStatus                               0x2000005a   Data           1  driver_statusmachine.o(.data)
    ShotFlag                                 0x2000005b   Data           1  driver_statusmachine.o(.data)
    FristToKM                                0x2000005c   Data           1  driver_statusmachine.o(.data)
    SuperGyoFrameCounter                     0x20000060   Data           4  driver_supergyroscope.o(.data)
    SuperGyoFrameRate                        0x20000064   Data           4  driver_supergyroscope.o(.data)
    BellWarningCount                         0x20000068   Data           2  task_bell.o(.data)
    BellWarningNum                           0x2000006a   Data           1  task_bell.o(.data)
    CurrentAngle                             0x20000174   Data           8  task_control.o(.data)
    FeendS                                   0x20000180   Data           8  task_control.o(.data)
    FeedParam                                0x20000188   Data           4  task_control.o(.data)
    pxCurrentTCB                             0x200001ac   Data           4  tasks.o(.data)
    CanRxData                                0x20000250   Data          20  stm32f4xx_it.o(.bss)
    DBUSBuffer                               0x20000264   Data          19  driver_dbus.o(.bss)
    DBUS_ReceiveData                         0x20000278   Data          22  driver_dbus.o(.bss)
    LASTDBUS_ReceiveData                     0x2000028e   Data          22  driver_dbus.o(.bss)
    JudgeDataBuffer                          0x200002e0   Data         150  driver_judge.o(.bss)
    InfantryJudge                            0x20000378   Data          24  driver_judge.o(.bss)
    PCDataBuffer                             0x20000390   Data          26  driver_vision.o(.bss)
    EnemyDataBuffer                          0x200003ac   Data         720  driver_vision.o(.bss)
    ChassisParam                             0x2000067c   Data          60  driver_chassis.o(.bss)
    PitchOPID                                0x200006e8   Data          48  driver_control.o(.bss)
    YawOPID                                  0x20000718   Data          48  driver_control.o(.bss)
    PitchIPID                                0x20000748   Data          48  driver_control.o(.bss)
    YawIPID                                  0x20000778   Data          48  driver_control.o(.bss)
    PokeIPID                                 0x200007a8   Data          48  driver_control.o(.bss)
    PokeOPID                                 0x200007d8   Data          48  driver_control.o(.bss)
    ChassisIPID                              0x20000808   Data          48  driver_control.o(.bss)
    ChassisOPID                              0x20000838   Data          48  driver_control.o(.bss)
    ChassisAUTOIPID                          0x20000868   Data          48  driver_control.o(.bss)
    ChassisAUTOOPID                          0x20000898   Data          48  driver_control.o(.bss)
    ForcastYawSpeedPID                       0x200008c8   Data          48  driver_control.o(.bss)
    ArtFricLeftPID                           0x200008f8   Data          48  driver_control.o(.bss)
    ArtFricRightPID                          0x20000928   Data          48  driver_control.o(.bss)
    Position                                 0x20000958   Data          40  driver_mpu9250.o(.bss)
    Omega_Offset                             0x20000980   Data          12  driver_mpu9250.o(.bss)
    PokeMotorParam                           0x2000098c   Data          20  driver_pokemotor.o(.bss)
    CloudParam                               0x200009a0   Data          36  driver_cloudmotor.o(.bss)
    SuperGyoParam                            0x200009dc   Data          12  driver_supergyroscope.o(.bss)
    LastAngle                                0x200009e8   Data          48  task_control.o(.bss)
    xQueueRegistry                           0x20000b30   Data          64  queue.o(.bss)
    __libspace_start                         0x20006f8c   Data          96  libspace.o(.bss)
    __temporary_stack_top$libspace           0x20006fec   Data           0  libspace.o(.bss)



==============================================================================

Memory Map of the image

  Image Entry point : 0x08000189

  Load Region LR_IROM1 (Base: 0x08000000, Size: 0x0000d728, Max: 0x00100000, ABSOLUTE, COMPRESSED[0x0000d54c])

    Execution Region ER_IROM1 (Base: 0x08000000, Size: 0x0000d4d8, Max: 0x00100000, ABSOLUTE)

    Base Addr    Size         Type   Attr      Idx    E Section Name        Object

    0x08000000   0x00000188   Data   RO         4310    RESET               startup_stm32f40_41xxx.o
    0x08000188   0x00000008   Code   RO         4419  * !!!main             c_w.l(__main.o)
    0x08000190   0x00000034   Code   RO         4761    !!!scatter          c_w.l(__scatter.o)
    0x080001c4   0x0000005a   Code   RO         4759    !!dczerorl2         c_w.l(__dczerorl2.o)
    0x0800021e   0x00000002   PAD
    0x08000220   0x0000001c   Code   RO         4763    !!handler_zi        c_w.l(__scatter_zi.o)
    0x0800023c   0x00000002   Code   RO         4628    .ARM.Collect$$libinit$$00000000  c_w.l(libinit.o)
    0x0800023e   0x00000004   Code   RO         4635    .ARM.Collect$$libinit$$00000001  c_w.l(libinit2.o)
    0x08000242   0x00000000   Code   RO         4638    .ARM.Collect$$libinit$$00000004  c_w.l(libinit2.o)
    0x08000242   0x00000000   Code   RO         4641    .ARM.Collect$$libinit$$0000000A  c_w.l(libinit2.o)
    0x08000242   0x00000000   Code   RO         4643    .ARM.Collect$$libinit$$0000000C  c_w.l(libinit2.o)
    0x08000242   0x00000000   Code   RO         4645    .ARM.Collect$$libinit$$0000000E  c_w.l(libinit2.o)
    0x08000242   0x00000000   Code   RO         4648    .ARM.Collect$$libinit$$00000011  c_w.l(libinit2.o)
    0x08000242   0x00000000   Code   RO         4650    .ARM.Collect$$libinit$$00000013  c_w.l(libinit2.o)
    0x08000242   0x00000000   Code   RO         4652    .ARM.Collect$$libinit$$00000015  c_w.l(libinit2.o)
    0x08000242   0x00000000   Code   RO         4654    .ARM.Collect$$libinit$$00000017  c_w.l(libinit2.o)
    0x08000242   0x00000000   Code   RO         4656    .ARM.Collect$$libinit$$00000019  c_w.l(libinit2.o)
    0x08000242   0x00000000   Code   RO         4658    .ARM.Collect$$libinit$$0000001B  c_w.l(libinit2.o)
    0x08000242   0x00000000   Code   RO         4660    .ARM.Collect$$libinit$$0000001D  c_w.l(libinit2.o)
    0x08000242   0x00000000   Code   RO         4662    .ARM.Collect$$libinit$$0000001F  c_w.l(libinit2.o)
    0x08000242   0x00000000   Code   RO         4664    .ARM.Collect$$libinit$$00000021  c_w.l(libinit2.o)
    0x08000242   0x00000000   Code   RO         4666    .ARM.Collect$$libinit$$00000023  c_w.l(libinit2.o)
    0x08000242   0x00000000   Code   RO         4668    .ARM.Collect$$libinit$$00000025  c_w.l(libinit2.o)
    0x08000242   0x00000000   Code   RO         4672    .ARM.Collect$$libinit$$0000002C  c_w.l(libinit2.o)
    0x08000242   0x00000000   Code   RO         4674    .ARM.Collect$$libinit$$0000002E  c_w.l(libinit2.o)
    0x08000242   0x00000000   Code   RO         4676    .ARM.Collect$$libinit$$00000030  c_w.l(libinit2.o)
    0x08000242   0x00000000   Code   RO         4678    .ARM.Collect$$libinit$$00000032  c_w.l(libinit2.o)
    0x08000242   0x00000002   Code   RO         4679    .ARM.Collect$$libinit$$00000033  c_w.l(libinit2.o)
    0x08000244   0x00000002   Code   RO         4709    .ARM.Collect$$libshutdown$$00000000  c_w.l(libshutdown.o)
    0x08000246   0x00000000   Code   RO         4726    .ARM.Collect$$libshutdown$$00000002  c_w.l(libshutdown2.o)
    0x08000246   0x00000000   Code   RO         4728    .ARM.Collect$$libshutdown$$00000004  c_w.l(libshutdown2.o)
    0x08000246   0x00000000   Code   RO         4731    .ARM.Collect$$libshutdown$$00000007  c_w.l(libshutdown2.o)
    0x08000246   0x00000000   Code   RO         4734    .ARM.Collect$$libshutdown$$0000000A  c_w.l(libshutdown2.o)
    0x08000246   0x00000000   Code   RO         4736    .ARM.Collect$$libshutdown$$0000000C  c_w.l(libshutdown2.o)
    0x08000246   0x00000000   Code   RO         4739    .ARM.Collect$$libshutdown$$0000000F  c_w.l(libshutdown2.o)
    0x08000246   0x00000002   Code   RO         4740    .ARM.Collect$$libshutdown$$00000010  c_w.l(libshutdown2.o)
    0x08000248   0x00000000   Code   RO         4521    .ARM.Collect$$rtentry$$00000000  c_w.l(__rtentry.o)
    0x08000248   0x00000000   Code   RO         4583    .ARM.Collect$$rtentry$$00000002  c_w.l(__rtentry2.o)
    0x08000248   0x00000006   Code   RO         4595    .ARM.Collect$$rtentry$$00000004  c_w.l(__rtentry4.o)
    0x0800024e   0x00000000   Code   RO         4585    .ARM.Collect$$rtentry$$00000009  c_w.l(__rtentry2.o)
    0x0800024e   0x00000004   Code   RO         4586    .ARM.Collect$$rtentry$$0000000A  c_w.l(__rtentry2.o)
    0x08000252   0x00000000   Code   RO         4588    .ARM.Collect$$rtentry$$0000000C  c_w.l(__rtentry2.o)
    0x08000252   0x00000008   Code   RO         4589    .ARM.Collect$$rtentry$$0000000D  c_w.l(__rtentry2.o)
    0x0800025a   0x00000002   Code   RO         4629    .ARM.Collect$$rtexit$$00000000  c_w.l(rtexit.o)
    0x0800025c   0x00000000   Code   RO         4681    .ARM.Collect$$rtexit$$00000002  c_w.l(rtexit2.o)
    0x0800025c   0x00000004   Code   RO         4682    .ARM.Collect$$rtexit$$00000003  c_w.l(rtexit2.o)
    0x08000260   0x00000006   Code   RO         4683    .ARM.Collect$$rtexit$$00000004  c_w.l(rtexit2.o)
    0x08000266   0x00000002   PAD
    0x08000268   0x000000b6   Code   RO         2913    .emb_text           port.o
    0x0800031e   0x00000002   PAD
    0x08000320   0x00000040   Code   RO         4311    .text               startup_stm32f40_41xxx.o
    0x08000360   0x00000048   Code   RO         4409    .text               c_w.l(llsdiv.o)
    0x080003a8   0x00000058   Code   RO         4411    .text               c_w.l(memcmp.o)
    0x08000400   0x0000008a   Code   RO         4413    .text               c_w.l(rt_memcpy_v6.o)
    0x0800048a   0x00000010   Code   RO         4415    .text               c_w.l(aeabi_memset.o)
    0x0800049a   0x00000006   Code   RO         4417    .text               c_w.l(heapauxi.o)
    0x080004a0   0x000000ee   Code   RO         4522    .text               c_w.l(lludivv7m.o)
    0x0800058e   0x00000016   Code   RO         4524    .text               c_w.l(_rserrno.o)
    0x080005a4   0x00000064   Code   RO         4526    .text               c_w.l(rt_memcpy_w.o)
    0x08000608   0x00000044   Code   RO         4528    .text               c_w.l(rt_memclr.o)
    0x0800064c   0x00000008   Code   RO         4604    .text               c_w.l(rt_errno_addr_intlibspace.o)
    0x08000654   0x0000004e   Code   RO         4606    .text               c_w.l(rt_memclr_w.o)
    0x080006a2   0x00000002   PAD
    0x080006a4   0x00000008   Code   RO         4614    .text               c_w.l(libspace.o)
    0x080006ac   0x0000004a   Code   RO         4617    .text               c_w.l(sys_stackheap_outer.o)
    0x080006f6   0x00000012   Code   RO         4621    .text               c_w.l(exit.o)
    0x08000708   0x0000000c   Code   RO         4697    .text               c_w.l(sys_exit.o)
    0x08000714   0x00000002   Code   RO         4714    .text               c_w.l(use_no_semi.o)
    0x08000716   0x00000000   Code   RO         4716    .text               c_w.l(indicate_semi.o)
    0x08000716   0x00000002   PAD
    0x08000718   0x00000108   Code   RO         1191    i.BSP_CAN_InitConfig  bsp_can.o
    0x08000820   0x00000118   Code   RO         1211    i.BSP_DMA_InitConfig  bsp_dma.o
    0x08000938   0x000002d0   Code   RO         1251    i.BSP_GPIO_InitConfig  bsp_gpio.o
    0x08000c08   0x000000f0   Code   RO         1231    i.BSP_NVIC_InitConfig  bsp_nvic.o
    0x08000cf8   0x00000194   Code   RO         1171    i.BSP_TIM_InitConfig  bsp_tim.o
    0x08000e8c   0x00000120   Code   RO         1271    i.BSP_UART_InitConfig  bsp_uart.o
    0x08000fac   0x00000018   Code   RO          309    i.Bell_Bark         driver_bell.o
    0x08000fc4   0x00000014   Code   RO          310    i.Bell_BarkWarning  driver_bell.o
    0x08000fd8   0x0000001c   Code   RO          311    i.Bell_InitConfig   driver_bell.o
    0x08000ff4   0x00000004   Code   RO          187    i.BusFault_Handler  stm32f4xx_it.o
    0x08000ff8   0x00000278   Code   RO          188    i.CAN1_RX0_IRQHandler  stm32f4xx_it.o
    0x08001270   0x00000014   Code   RO          189    i.CAN2_RX0_IRQHandler  stm32f4xx_it.o
    0x08001284   0x00000108   Code   RO         2237    i.CAN_FilterInit    stm32f4xx_can.o
    0x0800138c   0x00000012   Code   RO         2243    i.CAN_ITConfig      stm32f4xx_can.o
    0x0800139e   0x00000114   Code   RO         2244    i.CAN_Init          stm32f4xx_can.o
    0x080014b2   0x000000f0   Code   RO         2247    i.CAN_Receive       stm32f4xx_can.o
    0x080015a2   0x00000126   Code   RO         2252    i.CAN_Transmit      stm32f4xx_can.o
    0x080016c8   0x00000204   Code   RO          533    i.Chassis_Adjust    driver_chassis.o
    0x080018cc   0x00000068   Code   RO          534    i.Chassis_InitConfig  driver_chassis.o
    0x08001934   0x00000134   Code   RO          536    i.Chassis_SendMotorParam  driver_chassis.o
    0x08001a68   0x00000088   Code   RO          537    i.Chassis_SpeedSet  driver_chassis.o
    0x08001af0   0x0000000c   Code   RO          538    i.Chassis_TargetDirectionSet  driver_chassis.o
    0x08001afc   0x00000050   Code   RO          859    i.CloudMotorCurrent  driver_cloudmotor.o
    0x08001b4c   0x00000054   Code   RO          860    i.CloudMotor_InitConfig  driver_cloudmotor.o
    0x08001ba0   0x000002f8   Code   RO          602    i.CloudPID_InitConfig  driver_control.o
    0x08001e98   0x00000022   Code   RO          861    i.Cloud_Adjust      driver_cloudmotor.o
    0x08001eba   0x00000032   Code   RO          862    i.Cloud_AutoAdjust  driver_cloudmotor.o
    0x08001eec   0x000000cc   Code   RO          863    i.Cloud_PitchAngleSet  driver_cloudmotor.o
    0x08001fb8   0x00000078   Code   RO          864    i.Cloud_YawAngleSet  driver_cloudmotor.o
    0x08002030   0x0000022c   Code   RO          603    i.Control_ChassisPID  driver_control.o
    0x0800225c   0x000002b4   Code   RO          604    i.Control_FeedForwardYawPID  driver_control.o
    0x08002510   0x00000308   Code   RO          605    i.Control_FricPID   driver_control.o
    0x08002818   0x00000068   Code   RO         1003    i.Control_KMMode    task_control.o
    0x08002880   0x00000002   Code   RO         1004    i.Control_KMSubschemaBigsample  task_control.o
    0x08002882   0x00000002   PAD
    0x08002884   0x000000a8   Code   RO         1005    i.Control_KMSubschemaCircle  task_control.o
    0x0800292c   0x00000002   Code   RO         1006    i.Control_KMSubschemaFullauto  task_control.o
    0x0800292e   0x00000002   PAD
    0x08002930   0x00000144   Code   RO         1007    i.Control_KMSubschemaHalfauto  task_control.o
    0x08002a74   0x00000130   Code   RO         1008    i.Control_KMSubschemaNormal  task_control.o
    0x08002ba4   0x00000100   Code   RO         1009    i.Control_KMSubschemaSupply  task_control.o
    0x08002ca4   0x000002b4   Code   RO         1010    i.Control_KMSubschemaSwing  task_control.o
    0x08002f58   0x000002a4   Code   RO          606    i.Control_PitchPID  driver_control.o
    0x080031fc   0x000001e0   Code   RO          607    i.Control_PokeIPID  driver_control.o
    0x080033dc   0x00000024   Code   RO         1011    i.Control_ProtectMode  task_control.o
    0x08003400   0x000000cc   Code   RO         1012    i.Control_RCMode    task_control.o
    0x080034cc   0x000002a4   Code   RO          608    i.Control_YawPID    driver_control.o
    0x08003770   0x00000068   Code   RO          352    i.DBUS_ButtonCheckJump  driver_dbus.o
    0x080037d8   0x00000018   Code   RO          354    i.DBUS_CheckPush    driver_dbus.o
    0x080037f0   0x00000114   Code   RO          355    i.DBUS_DataDecoding  driver_dbus.o
    0x08003904   0x00000034   Code   RO          356    i.DBUS_InitConfig   driver_dbus.o
    0x08003938   0x00000034   Code   RO         2456    i.DMA_ClearFlag     stm32f4xx_dma.o
    0x0800396c   0x00000016   Code   RO         2458    i.DMA_Cmd           stm32f4xx_dma.o
    0x08003982   0x00000014   Code   RO         2463    i.DMA_GetCmdStatus  stm32f4xx_dma.o
    0x08003996   0x00000002   PAD
    0x08003998   0x00000058   Code   RO         2470    i.DMA_Init          stm32f4xx_dma.o
    0x080039f0   0x00000004   Code   RO         2473    i.DMA_SetCurrDataCounter  stm32f4xx_dma.o
    0x080039f4   0x00000002   Code   RO          190    i.DebugMon_Handler  stm32f4xx_it.o
    0x080039f6   0x00000002   PAD
    0x080039f8   0x00000060   Code   RO          758    i.FricArtilleryMotorCurrent  driver_fricmotor.o
    0x08003a58   0x00000020   Code   RO          759    i.FricArtillerySpeed_Adjust  driver_fricmotor.o
    0x08003a78   0x00000028   Code   RO          760    i.FricMotor_InitConfig  driver_fricmotor.o
    0x08003aa0   0x00000090   Code   RO         2585    i.GPIO_Init         stm32f4xx_gpio.o
    0x08003b30   0x00000046   Code   RO         2586    i.GPIO_PinAFConfig  stm32f4xx_gpio.o
    0x08003b76   0x00000012   Code   RO         2589    i.GPIO_ReadInputDataBit  stm32f4xx_gpio.o
    0x08003b88   0x00000004   Code   RO         2592    i.GPIO_ResetBits    stm32f4xx_gpio.o
    0x08003b8c   0x00000004   Code   RO         2593    i.GPIO_SetBits      stm32f4xx_gpio.o
    0x08003b90   0x00000034   Code   RO          405    i.Get_CRC16_Check_Sum  driver_judge.o
    0x08003bc4   0x00000038   Code   RO          761    i.GunFric_Control   driver_fricmotor.o
    0x08003bfc   0x00000004   Code   RO          191    i.HardFault_Handler  stm32f4xx_it.o
    0x08003c00   0x00000048   Code   RO         4317    i.IIC_ACK           sim_iic.o
    0x08003c48   0x0000000c   Code   RO         4318    i.IIC_Delay         sim_iic.o
    0x08003c54   0x00000048   Code   RO         4320    i.IIC_NACK          sim_iic.o
    0x08003c9c   0x00000074   Code   RO         4321    i.IIC_ReadBuffer    sim_iic.o
    0x08003d10   0x00000060   Code   RO         4322    i.IIC_ReadByte      sim_iic.o
    0x08003d70   0x00000062   Code   RO         4323    i.IIC_SendBuffer    sim_iic.o
    0x08003dd2   0x00000002   PAD
    0x08003dd4   0x00000068   Code   RO         4324    i.IIC_SendByte      sim_iic.o
    0x08003e3c   0x0000005c   Code   RO         4327    i.IIC_Start         sim_iic.o
    0x08003e98   0x00000048   Code   RO         4328    i.IIC_Stop          sim_iic.o
    0x08003ee0   0x00000060   Code   RO         4329    i.IIC_WaitACK       sim_iic.o
    0x08003f40   0x000000a4   Code   RO         4002    i.MPU9250DMPU_Selftest  mpu9250dmp.o
    0x08003fe4   0x00000218   Code   RO         4003    i.MPU9250DMP_GetEuler  mpu9250dmp.o
    0x080041fc   0x000000d8   Code   RO         4004    i.MPU9250DMP_InitConfig  mpu9250dmp.o
    0x080042d4   0x00000084   Code   RO         4006    i.MPU9250_GetGyro   mpu9250dmp.o
    0x08004358   0x00000002   Code   RO          717    i.MPU9250_InitConfig  driver_mpu9250.o
    0x0800435a   0x00000002   PAD
    0x0800435c   0x00000098   Code   RO          718    i.MPU9250_Update    driver_mpu9250.o
    0x080043f4   0x00000164   Code   RO          539    i.MecanumCalculate  driver_chassis.o
    0x08004558   0x00000004   Code   RO          192    i.MemManage_Handler  stm32f4xx_it.o
    0x0800455c   0x00000002   Code   RO          193    i.NMI_Handler       stm32f4xx_it.o
    0x0800455e   0x00000002   PAD
    0x08004560   0x00000078   Code   RO         1291    i.NVIC_Init         misc.o
    0x080045d8   0x00000014   Code   RO         1292    i.NVIC_PriorityGroupConfig  misc.o
    0x080045ec   0x00000050   Code   RO          802    i.PokeMotorCurrent  driver_pokemotor.o
    0x0800463c   0x00000148   Code   RO          803    i.PokeMotor_Adjust  driver_pokemotor.o
    0x08004784   0x0000003c   Code   RO          804    i.PokeMotor_InitConfig  driver_pokemotor.o
    0x080047c0   0x00000048   Code   RO          806    i.Poke_CylinderAdjust  driver_pokemotor.o
    0x08004808   0x00000020   Code   RO          807    i.Poke_CylinderControl  driver_pokemotor.o
    0x08004828   0x00000020   Code   RO         1897    i.RCC_AHB1PeriphClockCmd  stm32f4xx_rcc.o
    0x08004848   0x00000020   Code   RO         1906    i.RCC_APB1PeriphClockCmd  stm32f4xx_rcc.o
    0x08004868   0x00000020   Code   RO         1909    i.RCC_APB2PeriphClockCmd  stm32f4xx_rcc.o
    0x08004888   0x000000e8   Code   RO         1918    i.RCC_GetClocksFreq  stm32f4xx_rcc.o
    0x08004970   0x00000230   Code   RO          469    i.RecToPolar        driver_vision.o
    0x08004ba0   0x000000ec   Code   RO         4273    i.SetSysClock       system_stm32f4xx.o
    0x08004c8c   0x00000020   Code   RO          915    i.StatusMachine_InitConfig  driver_statusmachine.o
    0x08004cac   0x0000013c   Code   RO          916    i.StatusMachine_Update  driver_statusmachine.o
    0x08004de8   0x0000002c   Code   RO          688    i.Steering_Control  driver_steering.o
    0x08004e14   0x0000000c   Code   RO          689    i.Steering_InitConfig  driver_steering.o
    0x08004e20   0x0000002c   Code   RO          947    i.SuperGyo_InitConfig  driver_supergyroscope.o
    0x08004e4c   0x00000034   Code   RO         2914    i.SysTick_Handler   port.o
    0x08004e80   0x00000068   Code   RO         4275    i.SystemInit        system_stm32f4xx.o
    0x08004ee8   0x0000003a   Code   RO         1335    i.TI1_Config        stm32f4xx_tim.o
    0x08004f22   0x00000050   Code   RO         1336    i.TI2_Config        stm32f4xx_tim.o
    0x08004f72   0x00000048   Code   RO         1337    i.TI3_Config        stm32f4xx_tim.o
    0x08004fba   0x00000050   Code   RO         1338    i.TI4_Config        stm32f4xx_tim.o
    0x0800500a   0x00000006   Code   RO         1345    i.TIM_ClearFlag     stm32f4xx_tim.o
    0x08005010   0x00000018   Code   RO         1351    i.TIM_Cmd           stm32f4xx_tim.o
    0x08005028   0x0000001e   Code   RO         1353    i.TIM_CtrlPWMOutputs  stm32f4xx_tim.o
    0x08005046   0x00000042   Code   RO         1360    i.TIM_EncoderInterfaceConfig  stm32f4xx_tim.o
    0x08005088   0x0000006e   Code   RO         1374    i.TIM_ICInit        stm32f4xx_tim.o
    0x080050f6   0x00000012   Code   RO         1375    i.TIM_ICStructInit  stm32f4xx_tim.o
    0x08005108   0x0000007c   Code   RO         1380    i.TIM_OC1Init       stm32f4xx_tim.o
    0x08005184   0x00000012   Code   RO         1383    i.TIM_OC1PreloadConfig  stm32f4xx_tim.o
    0x08005196   0x00000002   PAD
    0x08005198   0x000000a4   Code   RO         1385    i.TIM_OC2Init       stm32f4xx_tim.o
    0x0800523c   0x00000078   Code   RO         1395    i.TIM_OC4Init       stm32f4xx_tim.o
    0x080052b4   0x00000012   Code   RO         1418    i.TIM_SetIC1Prescaler  stm32f4xx_tim.o
    0x080052c6   0x0000001a   Code   RO         1419    i.TIM_SetIC2Prescaler  stm32f4xx_tim.o
    0x080052e0   0x00000012   Code   RO         1420    i.TIM_SetIC3Prescaler  stm32f4xx_tim.o
    0x080052f2   0x0000001a   Code   RO         1421    i.TIM_SetIC4Prescaler  stm32f4xx_tim.o
    0x0800530c   0x00000084   Code   RO         1423    i.TIM_TimeBaseInit  stm32f4xx_tim.o
    0x08005390   0x00000064   Code   RO          974    i.Task_BellBark     task_bell.o
    0x080053f4   0x00000080   Code   RO         1106    i.Task_CANSend      task_cansend.o
    0x08005474   0x00000188   Code   RO         1013    i.Task_Control      task_control.o
    0x080055fc   0x00000260   Code   RO         1080    i.Task_Monitor      task_monitor.o
    0x0800585c   0x0000018c   Code   RO         1126    i.Task_SysInitConfig  task_sysinitconfig.o
    0x080059e8   0x000001c0   Code   RO          194    i.UART4_IRQHandler  stm32f4xx_it.o
    0x08005ba8   0x0000006c   Code   RO          195    i.UART5_IRQHandler  stm32f4xx_it.o
    0x08005c14   0x00000378   Code   RO          196    i.USART1_IRQHandler  stm32f4xx_it.o
    0x08005f8c   0x00000018   Code   RO         2686    i.USART_Cmd         stm32f4xx_usart.o
    0x08005fa4   0x00000012   Code   RO         2687    i.USART_DMACmd      stm32f4xx_usart.o
    0x08005fb6   0x0000004a   Code   RO         2692    i.USART_ITConfig    stm32f4xx_usart.o
    0x08006000   0x000000d4   Code   RO         2693    i.USART_Init        stm32f4xx_usart.o
    0x080060d4   0x00000004   Code   RO          197    i.UsageFault_Handler  stm32f4xx_it.o
    0x080060d8   0x00000040   Code   RO          408    i.Verify_CRC16_Check_Sum  driver_judge.o
    0x08006118   0x00000084   Code   RO          472    i.Vision_InitConfig  driver_vision.o
    0x0800619c   0x00000030   Code   RO         4566    i.__ARM_fpclassify  m_wm.l(fpclassify.o)
    0x080061cc   0x00000004   PAD
    0x080061d0   0x00000360   Code   RO         4445    i.__hardfp_asin     m_wm.l(asin.o)
    0x08006530   0x000002d8   Code   RO         4459    i.__hardfp_atan     m_wm.l(atan.o)
    0x08006808   0x000001f0   Code   RO         4473    i.__hardfp_atan2    m_wm.l(atan2.o)
    0x080069f8   0x000000c8   Code   RO         4485    i.__hardfp_cos      m_wm.l(cos.o)
    0x08006ac0   0x000000c8   Code   RO         4497    i.__hardfp_sin      m_wm.l(sin.o)
    0x08006b88   0x0000007a   Code   RO         4509    i.__hardfp_sqrt     m_wm.l(sqrt.o)
    0x08006c02   0x00000006   PAD
    0x08006c08   0x00000438   Code   RO         4571    i.__ieee754_rem_pio2  m_wm.l(rred.o)
    0x08007040   0x00000170   Code   RO         4543    i.__kernel_cos      m_wm.l(cos_i.o)
    0x080071b0   0x000000f8   Code   RO         4568    i.__kernel_poly     m_wm.l(poly.o)
    0x080072a8   0x00000130   Code   RO         4576    i.__kernel_sin      m_wm.l(sin_i.o)
    0x080073d8   0x00000014   Code   RO         4547    i.__mathlib_dbl_infnan  m_wm.l(dunder.o)
    0x080073ec   0x00000014   Code   RO         4548    i.__mathlib_dbl_infnan2  m_wm.l(dunder.o)
    0x08007400   0x00000020   Code   RO         4549    i.__mathlib_dbl_invalid  m_wm.l(dunder.o)
    0x08007420   0x00000020   Code   RO         4552    i.__mathlib_dbl_underflow  m_wm.l(dunder.o)
    0x08007440   0x00000010   Code   RO         4461    i.atan              m_wm.l(atan.o)
    0x08007450   0x00000064   Code   RO         4083    i.decode_gesture    inv_mpu_dmp_motion_driver.o
    0x080074b4   0x0000003c   Code   RO         4084    i.dmp_enable_6x_lp_quat  inv_mpu_dmp_motion_driver.o
    0x080074f0   0x0000021c   Code   RO         4085    i.dmp_enable_feature  inv_mpu_dmp_motion_driver.o
    0x0800770c   0x00000058   Code   RO         4086    i.dmp_enable_gyro_cal  inv_mpu_dmp_motion_driver.o
    0x08007764   0x0000003c   Code   RO         4087    i.dmp_enable_lp_quat  inv_mpu_dmp_motion_driver.o
    0x080077a0   0x00000018   Code   RO         4092    i.dmp_load_motion_driver_firmware  inv_mpu_dmp_motion_driver.o
    0x080077b8   0x000001cc   Code   RO         4093    i.dmp_read_fifo     inv_mpu_dmp_motion_driver.o
    0x08007984   0x00000130   Code   RO         4096    i.dmp_set_accel_bias  inv_mpu_dmp_motion_driver.o
    0x08007ab4   0x00000070   Code   RO         4097    i.dmp_set_fifo_rate  inv_mpu_dmp_motion_driver.o
    0x08007b24   0x00000130   Code   RO         4098    i.dmp_set_gyro_bias  inv_mpu_dmp_motion_driver.o
    0x08007c54   0x00000138   Code   RO         4100    i.dmp_set_orientation  inv_mpu_dmp_motion_driver.o
    0x08007d8c   0x00000038   Code   RO         4103    i.dmp_set_shake_reject_thresh  inv_mpu_dmp_motion_driver.o
    0x08007dc4   0x00000026   Code   RO         4104    i.dmp_set_shake_reject_time  inv_mpu_dmp_motion_driver.o
    0x08007dea   0x00000026   Code   RO         4105    i.dmp_set_shake_reject_timeout  inv_mpu_dmp_motion_driver.o
    0x08007e10   0x00000046   Code   RO         4106    i.dmp_set_tap_axes  inv_mpu_dmp_motion_driver.o
    0x08007e56   0x00000026   Code   RO         4107    i.dmp_set_tap_count  inv_mpu_dmp_motion_driver.o
    0x08007e7c   0x000001c0   Code   RO         4108    i.dmp_set_tap_thresh  inv_mpu_dmp_motion_driver.o
    0x0800803c   0x00000026   Code   RO         4109    i.dmp_set_tap_time  inv_mpu_dmp_motion_driver.o
    0x08008062   0x00000026   Code   RO         4110    i.dmp_set_tap_time_multi  inv_mpu_dmp_motion_driver.o
    0x08008088   0x00000018   Code   RO         4562    i.fabs              m_wm.l(fabs.o)
    0x080080a0   0x00000470   Code   RO         3716    i.get_st_biases     inv_mpu.o
    0x08008510   0x0000004e   Code   RO         4007    i.inv_row_2_scale   mpu9250dmp.o
    0x0800855e   0x00000002   PAD
    0x08008560   0x00000030   Code   RO            3    i.main              main.o
    0x08008590   0x00000014   Code   RO         4009    i.mpu_accel_lpfset  mpu9250dmp.o
    0x080085a4   0x00000070   Code   RO         3717    i.mpu_configure_fifo  inv_mpu.o
    0x08008614   0x00000012   Code   RO         4010    i.mpu_delay_ms      mpu9250dmp.o
    0x08008626   0x00000002   PAD
    0x08008628   0x0000004c   Code   RO         3718    i.mpu_get_accel_fsr  inv_mpu.o
    0x08008674   0x00000054   Code   RO         3720    i.mpu_get_accel_sens  inv_mpu.o
    0x080086c8   0x00000010   Code   RO         3725    i.mpu_get_fifo_config  inv_mpu.o
    0x080086d8   0x00000044   Code   RO         3726    i.mpu_get_gyro_fsr  inv_mpu.o
    0x0800871c   0x00000074   Code   RO         3727    i.mpu_get_gyro_reg  inv_mpu.o
    0x08008790   0x00000060   Code   RO         3728    i.mpu_get_gyro_sens  inv_mpu.o
    0x080087f0   0x00000050   Code   RO         3730    i.mpu_get_lpf       inv_mpu.o
    0x08008840   0x00000002   Code   RO         4011    i.mpu_get_ms        mpu9250dmp.o
    0x08008842   0x00000002   PAD
    0x08008844   0x00000020   Code   RO         3732    i.mpu_get_sample_rate  inv_mpu.o
    0x08008864   0x00000134   Code   RO         3734    i.mpu_init          inv_mpu.o
    0x08008998   0x000000b8   Code   RO         3735    i.mpu_load_firmware  inv_mpu.o
    0x08008a50   0x0000011c   Code   RO         3736    i.mpu_lp_accel_mode  inv_mpu.o
    0x08008b6c   0x000000c0   Code   RO         3739    i.mpu_read_fifo_stream  inv_mpu.o
    0x08008c2c   0x00000080   Code   RO         3740    i.mpu_read_mem      inv_mpu.o
    0x08008cac   0x000001c8   Code   RO         3743    i.mpu_reset_fifo    inv_mpu.o
    0x08008e74   0x000000ac   Code   RO         3744    i.mpu_run_self_test  inv_mpu.o
    0x08008f20   0x00000084   Code   RO         3746    i.mpu_set_accel_fsr  inv_mpu.o
    0x08008fa4   0x0000014c   Code   RO         3747    i.mpu_set_bypass    inv_mpu.o
    0x080090f0   0x00000060   Code   RO         3748    i.mpu_set_compass_sample_rate  inv_mpu.o
    0x08009150   0x00000090   Code   RO         3749    i.mpu_set_dmp_state  inv_mpu.o
    0x080091e0   0x00000088   Code   RO         3750    i.mpu_set_gyro_fsr  inv_mpu.o
    0x08009268   0x0000006c   Code   RO         3751    i.mpu_set_int_latched  inv_mpu.o
    0x080092d4   0x00000084   Code   RO         3753    i.mpu_set_lpf       inv_mpu.o
    0x08009358   0x000000b4   Code   RO         3754    i.mpu_set_sample_rate  inv_mpu.o
    0x0800940c   0x00000168   Code   RO         3755    i.mpu_set_sensors   inv_mpu.o
    0x08009574   0x00000080   Code   RO         3756    i.mpu_write_mem     inv_mpu.o
    0x080095f4   0x00000054   Code   RO         2987    i.prvAddCurrentTaskToDelayedList  tasks.o
    0x08009648   0x00000042   Code   RO         2988    i.prvAllocateTCBAndStack  tasks.o
    0x0800968a   0x00000002   PAD
    0x0800968c   0x00000080   Code   RO         3311    i.prvCheckForValidListAndQueue  timers.o
    0x0800970c   0x00000064   Code   RO         2989    i.prvCheckTasksWaitingTermination  tasks.o
    0x08009770   0x0000002a   Code   RO         3415    i.prvCopyDataFromQueue  queue.o
    0x0800979a   0x00000080   Code   RO         3416    i.prvCopyDataToQueue  queue.o
    0x0800981a   0x00000012   Code   RO         2990    i.prvDeleteTCB      tasks.o
    0x0800982c   0x00000028   Code   RO         3312    i.prvGetNextExpireTime  timers.o
    0x08009854   0x00000038   Code   RO         3593    i.prvHeapInit       heap_2.o
    0x0800988c   0x00000028   Code   RO         2991    i.prvIdleTask       tasks.o
    0x080098b4   0x00000062   Code   RO         2992    i.prvInitialiseTCBVariables  tasks.o
    0x08009916   0x00000002   PAD
    0x08009918   0x00000068   Code   RO         2993    i.prvInitialiseTaskLists  tasks.o
    0x08009980   0x00000058   Code   RO         3313    i.prvInsertTimerInActiveList  timers.o
    0x080099d8   0x0000001a   Code   RO         3417    i.prvIsQueueEmpty   queue.o
    0x080099f2   0x0000001e   Code   RO         3418    i.prvIsQueueFull    queue.o
    0x08009a10   0x00000064   Code   RO         3314    i.prvProcessExpiredTimer  timers.o
    0x08009a74   0x000000f8   Code   RO         3315    i.prvProcessReceivedCommands  timers.o
    0x08009b6c   0x00000074   Code   RO         3316    i.prvProcessTimerOrBlockTask  timers.o
    0x08009be0   0x00000034   Code   RO         2995    i.prvResetNextTaskUnblockTime  tasks.o
    0x08009c14   0x0000002c   Code   RO         3317    i.prvSampleTimeNow  timers.o
    0x08009c40   0x000000a0   Code   RO         3318    i.prvSwitchTimerLists  timers.o
    0x08009ce0   0x00000040   Code   RO         2915    i.prvTaskExitError  port.o
    0x08009d20   0x0000001a   Code   RO         3319    i.prvTimerTask      timers.o
    0x08009d3a   0x0000007e   Code   RO         3419    i.prvUnlockQueue    queue.o
    0x08009db8   0x000000b8   Code   RO         3594    i.pvPortMalloc      heap_2.o
    0x08009e70   0x00000020   Code   RO         2998    i.pvTaskIncrementMutexHeldCount  tasks.o
    0x08009e90   0x00000028   Code   RO         2916    i.pxPortInitialiseStack  port.o
    0x08009eb8   0x00000090   Code   RO         3757    i.set_int_enable    inv_mpu.o
    0x08009f48   0x00000238   Code   RO         3758    i.setup_compass     inv_mpu.o
    0x0800a180   0x0000006e   Code   RO         4511    i.sqrt              m_wm.l(sqrt.o)
    0x0800a1ee   0x00000028   Code   RO         2868    i.uxListRemove      list.o
    0x0800a216   0x0000001a   Code   RO         2869    i.vListInitialise   list.o
    0x0800a230   0x00000006   Code   RO         2870    i.vListInitialiseItem  list.o
    0x0800a236   0x00000034   Code   RO         2871    i.vListInsert       list.o
    0x0800a26a   0x00000018   Code   RO         2872    i.vListInsertEnd    list.o
    0x0800a282   0x00000002   PAD
    0x0800a284   0x00000054   Code   RO         2918    i.vPortEnterCritical  port.o
    0x0800a2d8   0x0000003c   Code   RO         2919    i.vPortExitCritical  port.o
    0x0800a314   0x00000040   Code   RO         3595    i.vPortFree         heap_2.o
    0x0800a354   0x00000014   Code   RO         2920    i.vPortSetupTimerInterrupt  port.o
    0x0800a368   0x00000078   Code   RO         2921    i.vPortValidateInterruptPriority  port.o
    0x0800a3e0   0x0000002c   Code   RO         3425    i.vQueueAddToRegistry  queue.o
    0x0800a40c   0x00000042   Code   RO         3429    i.vQueueWaitForMessageRestricted  queue.o
    0x0800a44e   0x00000002   PAD
    0x0800a450   0x0000008c   Code   RO         3006    i.vTaskDelay        tasks.o
    0x0800a4dc   0x000000fc   Code   RO         3007    i.vTaskDelayUntil   tasks.o
    0x0800a5d8   0x000000e0   Code   RO         3008    i.vTaskDelete       tasks.o
    0x0800a6b8   0x0000000c   Code   RO         3010    i.vTaskMissedYield  tasks.o
    0x0800a6c4   0x0000007c   Code   RO         3012    i.vTaskPlaceOnEventList  tasks.o
    0x0800a740   0x00000084   Code   RO         3013    i.vTaskPlaceOnEventListRestricted  tasks.o
    0x0800a7c4   0x000000b0   Code   RO         3015    i.vTaskPriorityInherit  tasks.o
    0x0800a874   0x00000030   Code   RO         3019    i.vTaskSetTimeOutState  tasks.o
    0x0800a8a4   0x00000088   Code   RO         3020    i.vTaskStartScheduler  tasks.o
    0x0800a92c   0x00000010   Code   RO         3022    i.vTaskSuspendAll   tasks.o
    0x0800a93c   0x0000008c   Code   RO         3023    i.vTaskSwitchContext  tasks.o
    0x0800a9c8   0x0000013c   Code   RO         2922    i.xPortStartScheduler  port.o
    0x0800ab04   0x00000086   Code   RO         3432    i.xQueueGenericCreate  queue.o
    0x0800ab8a   0x00000002   PAD
    0x0800ab8c   0x000001ac   Code   RO         3433    i.xQueueGenericReceive  queue.o
    0x0800ad38   0x00000094   Code   RO         3434    i.xQueueGenericReset  queue.o
    0x0800adcc   0x000001a0   Code   RO         3435    i.xQueueGenericSend  queue.o
    0x0800af6c   0x000000f0   Code   RO         3436    i.xQueueGenericSendFromISR  queue.o
    0x0800b05c   0x0000008c   Code   RO         3024    i.xTaskCheckForTimeOut  tasks.o
    0x0800b0e8   0x00000170   Code   RO         3025    i.xTaskGenericCreate  tasks.o
    0x0800b258   0x00000020   Code   RO         3029    i.xTaskGetSchedulerState  tasks.o
    0x0800b278   0x0000000c   Code   RO         3030    i.xTaskGetTickCount  tasks.o
    0x0800b284   0x00000014   Code   RO         3031    i.xTaskGetTickCountFromISR  tasks.o
    0x0800b298   0x0000014c   Code   RO         3032    i.xTaskIncrementTick  tasks.o
    0x0800b3e4   0x000000c8   Code   RO         3035    i.xTaskPriorityDisinherit  tasks.o
    0x0800b4ac   0x00000098   Code   RO         3036    i.xTaskRemoveFromEventList  tasks.o
    0x0800b544   0x00000104   Code   RO         3038    i.xTaskResumeAll    tasks.o
    0x0800b648   0x00000058   Code   RO         3323    i.xTimerCreateTimerTask  timers.o
    0x0800b6a0   0x00000084   Code   RO         3324    i.xTimerGenericCommand  timers.o
    0x0800b724   0x00000018   Code   RO         4421    x$fpl$basic         fz_wm.l(basic.o)
    0x0800b73c   0x00000062   Code   RO         4423    x$fpl$d2f           fz_wm.l(d2f.o)
    0x0800b79e   0x00000002   PAD
    0x0800b7a0   0x00000150   Code   RO         4425    x$fpl$dadd          fz_wm.l(daddsub_clz.o)
    0x0800b8f0   0x000002b0   Code   RO         4432    x$fpl$ddiv          fz_wm.l(ddiv.o)
    0x0800bba0   0x0000005e   Code   RO         4610    x$fpl$dfix          fz_wm.l(dfix.o)
    0x0800bbfe   0x0000002e   Code   RO         4436    x$fpl$dflt          fz_wm.l(dflt_clz.o)
    0x0800bc2c   0x00000026   Code   RO         4435    x$fpl$dfltu         fz_wm.l(dflt_clz.o)
    0x0800bc52   0x00000002   PAD
    0x0800bc54   0x00000154   Code   RO         4441    x$fpl$dmul          fz_wm.l(dmul.o)
    0x0800bda8   0x0000009c   Code   RO         4532    x$fpl$dnaninf       fz_wm.l(dnaninf.o)
    0x0800be44   0x0000000c   Code   RO         4534    x$fpl$dretinf       fz_wm.l(dretinf.o)
    0x0800be50   0x00000016   Code   RO         4426    x$fpl$drsb          fz_wm.l(daddsub_clz.o)
    0x0800be66   0x00000002   PAD
    0x0800be68   0x00000198   Code   RO         4536    x$fpl$dsqrt         fz_wm.l(dsqrt_umaal.o)
    0x0800c000   0x000001d4   Code   RO         4427    x$fpl$dsub          fz_wm.l(daddsub_clz.o)
    0x0800c1d4   0x00000056   Code   RO         4443    x$fpl$f2d           fz_wm.l(f2d.o)
    0x0800c22a   0x0000008c   Code   RO         4538    x$fpl$fnaninf       fz_wm.l(fnaninf.o)
    0x0800c2b6   0x0000000a   Code   RO         4695    x$fpl$fpinit        fz_wm.l(fpinit.o)
    0x0800c2c0   0x0000000a   Code   RO         4540    x$fpl$fretinf       fz_wm.l(fretinf.o)
    0x0800c2ca   0x00000000   Code   RO         4542    x$fpl$usenofp       fz_wm.l(usenofp.o)
    0x0800c2ca   0x00000302   Data   RO          411    .constdata          driver_judge.o
    0x0800c5cc   0x00000082   Data   RO          474    .constdata          driver_vision.o
    0x0800c64e   0x00000002   PAD
    0x0800c650   0x00000060   Data   RO         3759    .constdata          inv_mpu.o
    0x0800c6b0   0x00000bf6   Data   RO         4112    .constdata          inv_mpu_dmp_motion_driver.o
    0x0800d2a6   0x00000002   PAD
    0x0800d2a8   0x00000050   Data   RO         4448    .constdata          m_wm.l(asin.o)
    0x0800d2f8   0x00000098   Data   RO         4462    .constdata          m_wm.l(atan.o)
    0x0800d390   0x00000030   Data   RO         4544    .constdata          m_wm.l(cos_i.o)
    0x0800d3c0   0x00000008   Data   RO         4570    .constdata          m_wm.l(qnan.o)
    0x0800d3c8   0x000000c8   Data   RO         4573    .constdata          m_wm.l(rred.o)
    0x0800d490   0x00000028   Data   RO         4577    .constdata          m_wm.l(sin_i.o)
    0x0800d4b8   0x00000020   Data   RO         4757    Region$$Table       anon$$obj.o


    Execution Region RW_IRAM1 (Base: 0x20000000, Size: 0x000075f0, Max: 0x00020000, ABSOLUTE, COMPRESSED[0x00000074])

    Base Addr    Size         Type   Attr      Idx    E Section Name        Object

    0x20000000   0x0000000c   Data   RW            4    .data               main.o
    0x2000000c   0x00000002   Data   RW          199    .data               stm32f4xx_it.o
    0x2000000e   0x00000003   Data   RW          358    .data               driver_dbus.o
    0x20000011   0x00000003   PAD
    0x20000014   0x0000000a   Data   RW          412    .data               driver_judge.o
    0x2000001e   0x00000002   PAD
    0x20000020   0x00000012   Data   RW          475    .data               driver_vision.o
    0x20000032   0x00000002   PAD
    0x20000034   0x00000014   Data   RW          541    .data               driver_chassis.o
    0x20000048   0x00000006   Data   RW          762    .data               driver_fricmotor.o
    0x2000004e   0x00000002   PAD
    0x20000050   0x00000008   Data   RW          809    .data               driver_pokemotor.o
    0x20000058   0x00000005   Data   RW          917    .data               driver_statusmachine.o
    0x2000005d   0x00000003   PAD
    0x20000060   0x00000008   Data   RW          949    .data               driver_supergyroscope.o
    0x20000068   0x00000107   Data   RW          975    .data               task_bell.o
    0x2000016f   0x00000001   PAD
    0x20000170   0x0000001e   Data   RW         1015    .data               task_control.o
    0x2000018e   0x00000010   Data   RW         1950    .data               stm32f4xx_rcc.o
    0x2000019e   0x00000002   PAD
    0x200001a0   0x0000000c   Data   RW         2923    .data               port.o
    0x200001ac   0x00000038   Data   RW         3041    .data               tasks.o
    0x200001e4   0x00000010   Data   RW         3327    .data               timers.o
    0x200001f4   0x00000018   Data   RW         3599    .data               heap_2.o
    0x2000020c   0x00000038   Data   RW         3760    .data               inv_mpu.o
    0x20000244   0x00000009   Data   RW         4013    .data               mpu9250dmp.o
    0x2000024d   0x00000003   PAD
    0x20000250   0x00000014   Zero   RW          198    .bss                stm32f4xx_it.o
    0x20000264   0x0000007c   Zero   RW          357    .bss                driver_dbus.o
    0x200002e0   0x000000b0   Zero   RW          410    .bss                driver_judge.o
    0x20000390   0x000002ec   Zero   RW          473    .bss                driver_vision.o
    0x2000067c   0x0000006c   Zero   RW          540    .bss                driver_chassis.o
    0x200006e8   0x00000270   Zero   RW          609    .bss                driver_control.o
    0x20000958   0x00000034   Zero   RW          719    .bss                driver_mpu9250.o
    0x2000098c   0x00000014   Zero   RW          808    .bss                driver_pokemotor.o
    0x200009a0   0x0000003c   Zero   RW          865    .bss                driver_cloudmotor.o
    0x200009dc   0x0000000c   Zero   RW          948    .bss                driver_supergyroscope.o
    0x200009e8   0x00000030   Zero   RW         1014    .bss                task_control.o
    0x20000a18   0x000000f0   Zero   RW         3040    .bss                tasks.o
    0x20000b08   0x00000028   Zero   RW         3326    .bss                timers.o
    0x20000b30   0x00000040   Zero   RW         3444    .bss                queue.o
    0x20000b70   0x00006400   Zero   RW         3598    .bss                heap_2.o
    0x20006f70   0x0000000a   Zero   RW         4012    .bss                mpu9250dmp.o
    0x20006f7a   0x00000002   PAD
    0x20006f7c   0x00000010   Zero   RW         4111    .bss                inv_mpu_dmp_motion_driver.o
    0x20006f8c   0x00000060   Zero   RW         4615    .bss                c_w.l(libspace.o)
    0x20006fec   0x00000004   PAD
    0x20006ff0   0x00000200   Zero   RW         4309    HEAP                startup_stm32f40_41xxx.o
    0x200071f0   0x00000400   Zero   RW         4308    STACK               startup_stm32f40_41xxx.o


==============================================================================

Image component sizes


      Code (inc. data)   RO Data    RW Data    ZI Data      Debug   Object Name

       264         10          0          0          0        753   bsp_can.o
       280         32          0          0          0        717   bsp_dma.o
       720         16          0          0          0        922   bsp_gpio.o
       240         22          0          0          0        634   bsp_nvic.o
       404         14          0          0          0        833   bsp_tim.o
       288         22          0          0          0        670   bsp_uart.o
        72         20          0          0          0       1517   driver_bell.o
      1432         72          0         20        108       6841   driver_chassis.o
       572         54          0          0         60       5025   driver_cloudmotor.o
      4616        214          0          0        624       7130   driver_control.o
       456         50          0          3        124       3678   driver_dbus.o
       224         30          0          6          0       3307   driver_fricmotor.o
       116         10        770         10        176       3827   driver_judge.o
       154          8          0          0         52       2022   driver_mpu9250.o
       572         66          0          8         20       4167   driver_pokemotor.o
       348         34          0          5          0       2414   driver_statusmachine.o
        56         10          0          0          0       1021   driver_steering.o
        44         14          0          8         12       1405   driver_supergyroscope.o
       692         44        130         18        748       3962   driver_vision.o
       304         40          0         24      25600       3491   heap_2.o
      6000        184         96         56          0      27420   inv_mpu.o
      3128        138       3062          0         16      20730   inv_mpu_dmp_motion_driver.o
       148          0          0          0          0       4702   list.o
        48         12          0         12          0     318620   main.o
       140         24          0          0          0       1507   misc.o
      1166         34          0          9         10       7631   mpu9250dmp.o
       938         90          0         12          0      16641   port.o
      1828         18          0          0         64      12569   queue.o
       830         32          0          0          0       6330   sim_iic.o
        64         26        392          0       1536        832   startup_stm32f40_41xxx.o
      1092          6          0          0          0       4364   stm32f4xx_can.o
       186         20          0          0          0       4101   stm32f4xx_dma.o
       240          0          0          0          0       3455   stm32f4xx_gpio.o
      2116        138          0          2         20       8491   stm32f4xx_it.o
       328         36          0         16          0       4543   stm32f4xx_rcc.o
      1190         56          0          0          0      12776   stm32f4xx_tim.o
       328          8          0          0          0       3469   stm32f4xx_usart.o
       340         32          0          0          0       1489   system_stm32f4xx.o
       100         14          0        263          0       1250   task_bell.o
       128         14          0          0          0        599   task_cansend.o
      2484        182          0         30         48       8073   task_control.o
       608         58          0          0          0        879   task_monitor.o
       396         88          0          0          0        737   task_sysinitconfig.o
      3510        458          0         56        240      24463   tasks.o
      1170        108          0         16         40      14315   timers.o

    ----------------------------------------------------------------------
     40394       2558       4486        592      29500     564322   Object Totals
         0          0         32          0          0          0   (incl. Generated)
        34          0          4         18          2          0   (incl. Padding)

    ----------------------------------------------------------------------

      Code (inc. data)   RO Data    RW Data    ZI Data      Debug   Library Member Name

        90          0          0          0          0          0   __dczerorl2.o
         8          0          0          0          0         68   __main.o
         0          0          0          0          0          0   __rtentry.o
        12          0          0          0          0          0   __rtentry2.o
         6          0          0          0          0          0   __rtentry4.o
        52          8          0          0          0          0   __scatter.o
        28          0          0          0          0          0   __scatter_zi.o
        22          0          0          0          0        100   _rserrno.o
        16          0          0          0          0         68   aeabi_memset.o
        18          0          0          0          0         80   exit.o
         6          0          0          0          0        152   heapauxi.o
         0          0          0          0          0          0   indicate_semi.o
         2          0          0          0          0          0   libinit.o
         6          0          0          0          0          0   libinit2.o
         2          0          0          0          0          0   libshutdown.o
         2          0          0          0          0          0   libshutdown2.o
         8          4          0          0         96         68   libspace.o
        72          0          0          0          0         76   llsdiv.o
       238          0          0          0          0        100   lludivv7m.o
        88          0          0          0          0         76   memcmp.o
         8          4          0          0          0         68   rt_errno_addr_intlibspace.o
        68          0          0          0          0         68   rt_memclr.o
        78          0          0          0          0         80   rt_memclr_w.o
       138          0          0          0          0         68   rt_memcpy_v6.o
       100          0          0          0          0         80   rt_memcpy_w.o
         2          0          0          0          0          0   rtexit.o
        10          0          0          0          0          0   rtexit2.o
        12          4          0          0          0         68   sys_exit.o
        74          0          0          0          0         80   sys_stackheap_outer.o
         2          0          0          0          0         68   use_no_semi.o
        24          0          0          0          0        164   basic.o
        98          4          0          0          0        140   d2f.o
       826         16          0          0          0        492   daddsub_clz.o
       688        140          0          0          0        256   ddiv.o
        94          4          0          0          0        140   dfix.o
        84          0          0          0          0        232   dflt_clz.o
       340         12          0          0          0        152   dmul.o
       156          4          0          0          0        140   dnaninf.o
        12          0          0          0          0        116   dretinf.o
       408         56          0          0          0        168   dsqrt_umaal.o
        86          4          0          0          0        132   f2d.o
       140          4          0          0          0        132   fnaninf.o
        10          0          0          0          0        116   fpinit.o
        10          0          0          0          0        116   fretinf.o
         0          0          0          0          0          0   usenofp.o
       864         94         80          0          0        280   asin.o
       744        106        152          0          0        352   atan.o
       496         64          0          0          0        192   atan2.o
       200         20          0          0          0        164   cos.o
       368         46         48          0          0        200   cos_i.o
       104         16          0          0          0        496   dunder.o
        24          0          0          0          0        124   fabs.o
        48          0          0          0          0        124   fpclassify.o
       248          0          0          0          0        152   poly.o
         0          0          8          0          0          0   qnan.o
      1080        142        200          0          0        188   rred.o
       200         20          0          0          0        164   sin.o
       304         24         40          0          0        208   sin_i.o
       232          0          0          0          0        296   sqrt.o

    ----------------------------------------------------------------------
      9080        796        528          0        100       6804   Library Totals
        24          0          0          0          4          0   (incl. Padding)

    ----------------------------------------------------------------------

      Code (inc. data)   RO Data    RW Data    ZI Data      Debug   Library Name

      1168         20          0          0         96       1368   c_w.l
      2976        244          0          0          0       2496   fz_wm.l
      4912        532        528          0          0       2940   m_wm.l

    ----------------------------------------------------------------------
      9080        796        528          0        100       6804   Library Totals

    ----------------------------------------------------------------------

==============================================================================


      Code (inc. data)   RO Data    RW Data    ZI Data      Debug   

     49474       3354       5014        592      29600     542250   Grand Totals
     49474       3354       5014        116      29600     542250   ELF Image Totals (compressed)
     49474       3354       5014        116          0          0   ROM Totals

==============================================================================

    Total RO  Size (Code + RO Data)                54488 (  53.21kB)
    Total RW  Size (RW Data + ZI Data)             30192 (  29.48kB)
    Total ROM Size (Code + RO Data + RW Data)      54604 (  53.32kB)

==============================================================================

