Component: ARM Compiler 5.06 (build 20) Tool: armlink [4d35a3]

==============================================================================

Section Cross References

    main.o(i.main) refers to tasks.o(i.xTaskGenericCreate) for xTaskGenericCreate
    main.o(i.main) refers to tasks.o(i.vTaskStartScheduler) for vTaskStartScheduler
    main.o(i.main) refers to task_sysinitconfig.o(i.Task_SysInitConfig) for Task_SysInitConfig
    stm32f4xx_it.o(i.CAN1_RX0_IRQHandler) refers to stm32f4xx_can.o(i.CAN_Receive) for CAN_Receive
    stm32f4xx_it.o(i.CAN1_RX0_IRQHandler) refers to stm32f4xx_can.o(i.CAN_ITConfig) for CAN_ITConfig
    stm32f4xx_it.o(i.CAN1_RX0_IRQHandler) refers to stm32f4xx_it.o(.bss) for CanRxData
    stm32f4xx_it.o(i.CAN1_RX0_IRQHandler) refers to driver_cloudmotor.o(.bss) for CloudParam
    stm32f4xx_it.o(i.CAN1_RX0_IRQHandler) refers to driver_supergyroscope.o(.data) for SuperGyoFrameCounter
    stm32f4xx_it.o(i.CAN1_RX0_IRQHandler) refers to stm32f4xx_it.o(.data) for FristGyroData
    stm32f4xx_it.o(i.CAN1_RX0_IRQHandler) refers to driver_supergyroscope.o(.bss) for SuperGyoParam
    stm32f4xx_it.o(i.CAN1_RX0_IRQHandler) refers to driver_chassis.o(.data) for ChassisFrameCounter
    stm32f4xx_it.o(i.CAN2_RX0_IRQHandler) refers to stm32f4xx_can.o(i.CAN_ITConfig) for CAN_ITConfig
    stm32f4xx_it.o(i.UART4_IRQHandler) refers to stm32f4xx_dma.o(i.DMA_Cmd) for DMA_Cmd
    stm32f4xx_it.o(i.UART4_IRQHandler) refers to driver_judge.o(i.Verify_CRC16_Check_Sum) for Verify_CRC16_Check_Sum
    stm32f4xx_it.o(i.UART4_IRQHandler) refers to tasks.o(i.xTaskGetTickCountFromISR) for xTaskGetTickCountFromISR
    stm32f4xx_it.o(i.UART4_IRQHandler) refers to stm32f4xx_dma.o(i.DMA_ClearFlag) for DMA_ClearFlag
    stm32f4xx_it.o(i.UART4_IRQHandler) refers to stm32f4xx_dma.o(i.DMA_GetCmdStatus) for DMA_GetCmdStatus
    stm32f4xx_it.o(i.UART4_IRQHandler) refers to stm32f4xx_dma.o(i.DMA_SetCurrDataCounter) for DMA_SetCurrDataCounter
    stm32f4xx_it.o(i.UART4_IRQHandler) refers to stm32f4xx_it.o(.data) for UARTtemp
    stm32f4xx_it.o(i.UART4_IRQHandler) refers to driver_judge.o(.bss) for JudgeDataBuffer
    stm32f4xx_it.o(i.UART4_IRQHandler) refers to driver_judge.o(.data) for JudgeFrameCounter
    stm32f4xx_it.o(i.UART4_IRQHandler) refers to driver_chassis.o(.data) for ChassisMaxSumCurrent
    stm32f4xx_it.o(i.UART5_IRQHandler) refers to stm32f4xx_dma.o(i.DMA_Cmd) for DMA_Cmd
    stm32f4xx_it.o(i.UART5_IRQHandler) refers to driver_dbus.o(i.DBUS_DataDecoding) for DBUS_DataDecoding
    stm32f4xx_it.o(i.UART5_IRQHandler) refers to stm32f4xx_dma.o(i.DMA_ClearFlag) for DMA_ClearFlag
    stm32f4xx_it.o(i.UART5_IRQHandler) refers to stm32f4xx_dma.o(i.DMA_GetCmdStatus) for DMA_GetCmdStatus
    stm32f4xx_it.o(i.UART5_IRQHandler) refers to stm32f4xx_dma.o(i.DMA_SetCurrDataCounter) for DMA_SetCurrDataCounter
    stm32f4xx_it.o(i.UART5_IRQHandler) refers to stm32f4xx_it.o(.data) for UARTtemp
    stm32f4xx_it.o(i.UART5_IRQHandler) refers to driver_dbus.o(.data) for DBUSFrameCounter
    stm32f4xx_it.o(i.USART1_IRQHandler) refers to tasks.o(i.xTaskGetTickCountFromISR) for xTaskGetTickCountFromISR
    stm32f4xx_it.o(i.USART1_IRQHandler) refers to stm32f4xx_it.o(.data) for UARTtemp
    stm32f4xx_it.o(i.USART1_IRQHandler) refers to driver_vision.o(.data) for PCDataBufferPoint
    stm32f4xx_it.o(i.USART1_IRQHandler) refers to driver_vision.o(.bss) for PCDataBuffer
    stm32f4xx_it.o(i.USART3_IRQHandler) refers to stm32f4xx_dma.o(i.DMA_Cmd) for DMA_Cmd
    stm32f4xx_it.o(i.USART3_IRQHandler) refers to stm32f4xx_dma.o(i.DMA_ClearFlag) for DMA_ClearFlag
    stm32f4xx_it.o(i.USART3_IRQHandler) refers to stm32f4xx_dma.o(i.DMA_GetCmdStatus) for DMA_GetCmdStatus
    stm32f4xx_it.o(i.USART3_IRQHandler) refers to stm32f4xx_dma.o(i.DMA_SetCurrDataCounter) for DMA_SetCurrDataCounter
    stm32f4xx_it.o(i.USART3_IRQHandler) refers to stm32f4xx_it.o(.data) for UARTtemp
    stm32f4xx_it.o(i.USART3_IRQHandler) refers to driver_esp8266.o(.data) for LatestRespond
    driver_bell.o(i.Bell_BarkWarning) refers to task_bell.o(.data) for BellWarningNum
    driver_bell.o(i.Bell_InitConfig) refers to task_bell.o(.data) for BellWarningNum
    driver_dbus.o(i.DBUS_ButtonCheckJump) refers to driver_dbus.o(.bss) for LastButtonJumpTick
    driver_dbus.o(i.DBUS_ButtonCheckJump) refers to driver_dbus.o(.data) for LastMouseButtonJumpTick
    driver_dbus.o(i.DBUS_CheckJumpKey) refers to driver_dbus.o(.bss) for DBUS_ReceiveData
    driver_dbus.o(i.DBUS_CheckJumpMouse) refers to driver_dbus.o(.bss) for DBUS_ReceiveData
    driver_dbus.o(i.DBUS_CheckPush) refers to driver_dbus.o(.bss) for DBUS_ReceiveData
    driver_dbus.o(i.DBUS_DataDecoding) refers to rt_memcpy_v6.o(.text) for __aeabi_memcpy
    driver_dbus.o(i.DBUS_DataDecoding) refers to driver_dbus.o(.bss) for DBUS_ReceiveData
    driver_dbus.o(i.DBUS_InitConfig) refers to driver_dbus.o(.data) for DBUSConnectStatus
    driver_dbus.o(i.DBUS_InitConfig) refers to driver_dbus.o(.bss) for DBUS_ReceiveData
[...]
    Task_SysInitConfig                       0x080083b9   Thumb Code   358  task_sysinitconfig.o(i.Task_SysInitConfig)
    UART4_IRQHandler                         0x0800857d   Thumb Code   412  stm32f4xx_it.o(i.UART4_IRQHandler)
    UART5_IRQHandler                         0x0800873d   Thumb Code    86  stm32f4xx_it.o(i.UART5_IRQHandler)
    USART1_IRQHandler                        0x080087a9   Thumb Code   878  stm32f4xx_it.o(i.USART1_IRQHandler)
    USART3_IRQHandler                        0x08008b39   Thumb Code    72  stm32f4xx_it.o(i.USART3_IRQHandler)
    USART_Cmd                                0x08008b95   Thumb Code    24  stm32f4xx_usart.o(i.USART_Cmd)
    USART_DMACmd                             0x08008bad   Thumb Code    18  stm32f4xx_usart.o(i.USART_DMACmd)
    USART_ITConfig                           0x08008bbf   Thumb Code    74  stm32f4xx_usart.o(i.USART_ITConfig)
    USART_Init                               0x08008c09   Thumb Code   204  stm32f4xx_usart.o(i.USART_Init)
    UsageFault_Handler                       0x08008cdd   Thumb Code     4  stm32f4xx_it.o(i.UsageFault_Handler)
    Verify_CRC16_Check_Sum                   0x08008ce1   Thumb Code    60  driver_judge.o(i.Verify_CRC16_Check_Sum)
    Vision_InitConfig                        0x08008d21   Thumb Code   112  driver_vision.o(i.Vision_InitConfig)
    __ARM_fpclassify                         0x08008da5   Thumb Code    48  fpclassify.o(i.__ARM_fpclassify)
    __hardfp_asin                            0x08008dd9   Thumb Code   770  asin.o(i.__hardfp_asin)
    __hardfp_atan                            0x08009139   Thumb Code   622  atan.o(i.__hardfp_atan)
    __hardfp_atan2                           0x08009411   Thumb Code   432  atan2.o(i.__hardfp_atan2)
    __hardfp_cos                             0x08009601   Thumb Code   180  cos.o(i.__hardfp_cos)
    __hardfp_sin                             0x080096c9   Thumb Code   180  sin.o(i.__hardfp_sin)
    __hardfp_sqrt                            0x08009791   Thumb Code   122  sqrt.o(i.__hardfp_sqrt)
    __ieee754_rem_pio2                       0x08009811   Thumb Code   938  rred.o(i.__ieee754_rem_pio2)
    __kernel_cos                             0x08009c49   Thumb Code   322  cos_i.o(i.__kernel_cos)
    __kernel_poly                            0x08009db9   Thumb Code   248  poly.o(i.__kernel_poly)
    __kernel_sin                             0x08009eb1   Thumb Code   280  sin_i.o(i.__kernel_sin)
    __mathlib_dbl_infnan                     0x08009fe1   Thumb Code    20  dunder.o(i.__mathlib_dbl_infnan)
    __mathlib_dbl_infnan2                    0x08009ff5   Thumb Code    20  dunder.o(i.__mathlib_dbl_infnan2)
    __mathlib_dbl_invalid                    0x0800a009   Thumb Code    24  dunder.o(i.__mathlib_dbl_invalid)
    __mathlib_dbl_underflow                  0x0800a029   Thumb Code    24  dunder.o(i.__mathlib_dbl_underflow)
    _is_digit                                0x0800a049   Thumb Code    14  __printf_wp.o(i._is_digit)
    atan                                     0x0800a057   Thumb Code    16  atan.o(i.atan)
    dmp_enable_6x_lp_quat                    0x0800a0cd   Thumb Code    60  inv_mpu_dmp_motion_driver.o(i.dmp_enable_6x_lp_quat)
    dmp_enable_feature                       0x0800a109   Thumb Code   530  inv_mpu_dmp_motion_driver.o(i.dmp_enable_feature)
    dmp_enable_gyro_cal                      0x0800a325   Thumb Code    62  inv_mpu_dmp_motion_driver.o(i.dmp_enable_gyro_cal)
    dmp_enable_lp_quat                       0x0800a37d   Thumb Code    60  inv_mpu_dmp_motion_driver.o(i.dmp_enable_lp_quat)
    dmp_load_motion_driver_firmware          0x0800a3b9   Thumb Code    20  inv_mpu_dmp_motion_driver.o(i.dmp_load_motion_driver_firmware)
    dmp_read_fifo                            0x0800a3d1   Thumb Code   456  inv_mpu_dmp_motion_driver.o(i.dmp_read_fifo)
    dmp_set_accel_bias                       0x0800a59d   Thumb Code   300  inv_mpu_dmp_motion_driver.o(i.dmp_set_accel_bias)
    dmp_set_fifo_rate                        0x0800a6cd   Thumb Code    96  inv_mpu_dmp_motion_driver.o(i.dmp_set_fifo_rate)
    dmp_set_gyro_bias                        0x0800a73d   Thumb Code   294  inv_mpu_dmp_motion_driver.o(i.dmp_set_gyro_bias)
    dmp_set_orientation                      0x0800a86d   Thumb Code   290  inv_mpu_dmp_motion_driver.o(i.dmp_set_orientation)
    dmp_set_shake_reject_thresh              0x0800a9a5   Thumb Code    56  inv_mpu_dmp_motion_driver.o(i.dmp_set_shake_reject_thresh)
    dmp_set_shake_reject_time                0x0800a9dd   Thumb Code    38  inv_mpu_dmp_motion_driver.o(i.dmp_set_shake_reject_time)
    dmp_set_shake_reject_timeout             0x0800aa03   Thumb Code    38  inv_mpu_dmp_motion_driver.o(i.dmp_set_shake_reject_timeout)
    dmp_set_tap_axes                         0x0800aa29   Thumb Code    70  inv_mpu_dmp_motion_driver.o(i.dmp_set_tap_axes)
    dmp_set_tap_count                        0x0800aa6f   Thumb Code    38  inv_mpu_dmp_motion_driver.o(i.dmp_set_tap_count)
    dmp_set_tap_thresh                       0x0800aa95   Thumb Code   412  inv_mpu_dmp_motion_driver.o(i.dmp_set_tap_thresh)
    dmp_set_tap_time                         0x0800ac55   Thumb Code    38  inv_mpu_dmp_motion_driver.o(i.dmp_set_tap_time)
    dmp_set_tap_time_multi                   0x0800ac7b   Thumb Code    38  inv_mpu_dmp_motion_driver.o(i.dmp_set_tap_time_multi)
    fabs                                     0x0800aca1   Thumb Code    24  fabs.o(i.fabs)
    main                                     0x0800b179   Thumb Code    36  main.o(i.main)
    mpu_accel_lpfset                         0x0800b1a9   Thumb Code    20  mpu9250dmp.o(i.mpu_accel_lpfset)
    mpu_configure_fifo                       0x0800b1bd   Thumb Code   106  inv_mpu.o(i.mpu_configure_fifo)
    mpu_delay_ms                             0x0800b22d   Thumb Code    18  mpu9250dmp.o(i.mpu_delay_ms)
    mpu_get_accel_fsr                        0x0800b241   Thumb Code    72  inv_mpu.o(i.mpu_get_accel_fsr)
    mpu_get_accel_reg                        0x0800b28d   Thumb Code   110  inv_mpu.o(i.mpu_get_accel_reg)
    mpu_get_accel_sens                       0x0800b301   Thumb Code    78  inv_mpu.o(i.mpu_get_accel_sens)
    mpu_get_fifo_config                      0x0800b355   Thumb Code    12  inv_mpu.o(i.mpu_get_fifo_config)
    mpu_get_gyro_fsr                         0x0800b365   Thumb Code    64  inv_mpu.o(i.mpu_get_gyro_fsr)
    mpu_get_gyro_reg                         0x0800b3a9   Thumb Code   110  inv_mpu.o(i.mpu_get_gyro_reg)
    mpu_get_gyro_sens                        0x0800b41d   Thumb Code    74  inv_mpu.o(i.mpu_get_gyro_sens)
    mpu_get_lpf                              0x0800b47d   Thumb Code    74  inv_mpu.o(i.mpu_get_lpf)
    mpu_get_ms                               0x0800b4cd   Thumb Code     2  mpu9250dmp.o(i.mpu_get_ms)
    mpu_get_sample_rate                      0x0800b4d1   Thumb Code    26  inv_mpu.o(i.mpu_get_sample_rate)
    mpu_init                                 0x0800b4f1   Thumb Code   304  inv_mpu.o(i.mpu_init)
    mpu_load_firmware                        0x0800b625   Thumb Code   180  inv_mpu.o(i.mpu_load_firmware)
    mpu_lp_accel_mode                        0x0800b6dd   Thumb Code   280  inv_mpu.o(i.mpu_lp_accel_mode)
    mpu_read_fifo_stream                     0x0800b7f9   Thumb Code   186  inv_mpu.o(i.mpu_read_fifo_stream)
    mpu_read_mem                             0x0800b8b9   Thumb Code   122  inv_mpu.o(i.mpu_read_mem)
    mpu_reset_fifo                           0x0800b939   Thumb Code   450  inv_mpu.o(i.mpu_reset_fifo)
    mpu_run_self_test                        0x0800bb01   Thumb Code   168  inv_mpu.o(i.mpu_run_self_test)
    mpu_set_accel_fsr                        0x0800bbad   Thumb Code   126  inv_mpu.o(i.mpu_set_accel_fsr)
    mpu_set_bypass                           0x0800bc31   Thumb Code   328  inv_mpu.o(i.mpu_set_bypass)
    mpu_set_compass_sample_rate              0x0800bd7d   Thumb Code    92  inv_mpu.o(i.mpu_set_compass_sample_rate)
    mpu_set_dmp_state                        0x0800bddd   Thumb Code   138  inv_mpu.o(i.mpu_set_dmp_state)
    mpu_set_gyro_fsr                         0x0800be6d   Thumb Code   132  inv_mpu.o(i.mpu_set_gyro_fsr)
    mpu_set_int_latched                      0x0800bef5   Thumb Code   102  inv_mpu.o(i.mpu_set_int_latched)
    mpu_set_lpf                              0x0800bf61   Thumb Code   126  inv_mpu.o(i.mpu_set_lpf)
    mpu_set_sample_rate                      0x0800bfe5   Thumb Code   174  inv_mpu.o(i.mpu_set_sample_rate)
    mpu_set_sensors                          0x0800c099   Thumb Code   354  inv_mpu.o(i.mpu_set_sensors)
    mpu_write_mem                            0x0800c201   Thumb Code   122  inv_mpu.o(i.mpu_write_mem)
    pvPortMalloc                             0x0800ca45   Thumb Code   166  heap_2.o(i.pvPortMalloc)
    pvTaskIncrementMutexHeldCount            0x0800cafd   Thumb Code    26  tasks.o(i.pvTaskIncrementMutexHeldCount)
    pxPortInitialiseStack                    0x0800cb1d   Thumb Code    34  port.o(i.pxPortInitialiseStack)
    sqrt                                     0x0800ce0d   Thumb Code   110  sqrt.o(i.sqrt)
    uxListRemove                             0x0800ce7b   Thumb Code    40  list.o(i.uxListRemove)
    vListInitialise                          0x0800cea3   Thumb Code    26  list.o(i.vListInitialise)
    vListInitialiseItem                      0x0800cebd   Thumb Code     6  list.o(i.vListInitialiseItem)
    vListInsert                              0x0800cec3   Thumb Code    52  list.o(i.vListInsert)
    vListInsertEnd                           0x0800cef7   Thumb Code    24  list.o(i.vListInsertEnd)
    vPortEnterCritical                       0x0800cf11   Thumb Code    76  port.o(i.vPortEnterCritical)
    vPortExitCritical                        0x0800cf65   Thumb Code    56  port.o(i.vPortExitCritical)
    vPortFree                                0x0800cfa1   Thumb Code    56  heap_2.o(i.vPortFree)
    vPortSetupTimerInterrupt                 0x0800cfe1   Thumb Code    14  port.o(i.vPortSetupTimerInterrupt)
    vPortValidateInterruptPriority           0x0800cff5   Thumb Code   106  port.o(i.vPortValidateInterruptPriority)
    vQueueAddToRegistry                      0x0800d06d   Thumb Code    38  queue.o(i.vQueueAddToRegistry)
    vQueueWaitForMessageRestricted           0x0800d099   Thumb Code    66  queue.o(i.vQueueWaitForMessageRestricted)
    vTaskDelay                               0x0800d0dd   Thumb Code   120  tasks.o(i.vTaskDelay)
    vTaskDelayUntil                          0x0800d169   Thumb Code   230  tasks.o(i.vTaskDelayUntil)
    vTaskDelete                              0x0800d265   Thumb Code   186  tasks.o(i.vTaskDelete)
    vTaskMissedYield                         0x0800d345   Thumb Code     8  tasks.o(i.vTaskMissedYield)
    vTaskPlaceOnEventList                    0x0800d351   Thumb Code   108  tasks.o(i.vTaskPlaceOnEventList)
    vTaskPlaceOnEventListRestricted          0x0800d3cd   Thumb Code   114  tasks.o(i.vTaskPlaceOnEventListRestricted)
    vTaskPriorityInherit                     0x0800d451   Thumb Code   164  tasks.o(i.vTaskPriorityInherit)
    vTaskSetTimeOutState                     0x0800d501   Thumb Code    38  tasks.o(i.vTaskSetTimeOutState)
    vTaskStartScheduler                      0x0800d531   Thumb Code   110  tasks.o(i.vTaskStartScheduler)
    vTaskSuspendAll                          0x0800d5b9   Thumb Code    12  tasks.o(i.vTaskSuspendAll)
    vTaskSwitchContext                       0x0800d5c9   Thumb Code   118  tasks.o(i.vTaskSwitchContext)
    xPortStartScheduler                      0x0800d655   Thumb Code   288  port.o(i.xPortStartScheduler)
    xQueueGenericCreate                      0x0800d791   Thumb Code   134  queue.o(i.xQueueGenericCreate)
    xQueueGenericReceive                     0x0800d819   Thumb Code   424  queue.o(i.xQueueGenericReceive)
    xQueueGenericReset                       0x0800d9c5   Thumb Code   144  queue.o(i.xQueueGenericReset)
    xQueueGenericSend                        0x0800da59   Thumb Code   412  queue.o(i.xQueueGenericSend)
    xQueueGenericSendFromISR                 0x0800dbf9   Thumb Code   240  queue.o(i.xQueueGenericSendFromISR)
    xTaskCheckForTimeOut                     0x0800dce9   Thumb Code   132  tasks.o(i.xTaskCheckForTimeOut)
    xTaskGenericCreate                       0x0800dd75   Thumb Code   340  tasks.o(i.xTaskGenericCreate)
    xTaskGetSchedulerState                   0x0800dee5   Thumb Code    24  tasks.o(i.xTaskGetSchedulerState)
    xTaskGetTickCount                        0x0800df05   Thumb Code     6  tasks.o(i.xTaskGetTickCount)
    xTaskGetTickCountFromISR                 0x0800df11   Thumb Code    16  tasks.o(i.xTaskGetTickCountFromISR)
    xTaskIncrementTick                       0x0800df25   Thumb Code   286  tasks.o(i.xTaskIncrementTick)
    xTaskPriorityDisinherit                  0x0800e071   Thumb Code   188  tasks.o(i.xTaskPriorityDisinherit)
    xTaskRemoveFromEventList                 0x0800e139   Thumb Code   128  tasks.o(i.xTaskRemoveFromEventList)
    xTaskResumeAll                           0x0800e1d1   Thumb Code   224  tasks.o(i.xTaskResumeAll)
    xTimerCreateTimerTask                    0x0800e2d5   Thumb Code    72  timers.o(i.xTimerCreateTimerTask)
    xTimerGenericCommand                     0x0800e32d   Thumb Code   126  timers.o(i.xTimerGenericCommand)
    _get_lc_numeric                          0x0800e3b1   Thumb Code    44  lc_numeric_c.o(locale$$code)
    _get_lc_ctype                            0x0800e3dd   Thumb Code    44  lc_ctype_c.o(locale$$code)
    __aeabi_dneg                             0x0800e409   Thumb Code     0  basic.o(x$fpl$basic)
    _dneg                                    0x0800e409   Thumb Code     6  basic.o(x$fpl$basic)
    __aeabi_fneg                             0x0800e40f   Thumb Code     0  basic.o(x$fpl$basic)
    _fneg                                    0x0800e40f   Thumb Code     6  basic.o(x$fpl$basic)
    _dabs                                    0x0800e415   Thumb Code     6  basic.o(x$fpl$basic)
    _fabs                                    0x0800e41b   Thumb Code     6  basic.o(x$fpl$basic)
    __aeabi_d2f                              0x0800e421   Thumb Code     0  d2f.o(x$fpl$d2f)
    _d2f                                     0x0800e421   Thumb Code    98  d2f.o(x$fpl$d2f)
    __aeabi_dadd                             0x0800e485   Thumb Code     0  daddsub_clz.o(x$fpl$dadd)
    _dadd                                    0x0800e485   Thumb Code   332  daddsub_clz.o(x$fpl$dadd)
    __aeabi_ddiv                             0x0800e5d5   Thumb Code     0  ddiv.o(x$fpl$ddiv)
    _ddiv                                    0x0800e5d5   Thumb Code   552  ddiv.o(x$fpl$ddiv)
    __aeabi_d2iz                             0x0800e885   Thumb Code     0  dfix.o(x$fpl$dfix)
    _dfix                                    0x0800e885   Thumb Code    94  dfix.o(x$fpl$dfix)
    __aeabi_i2d                              0x0800e8e3   Thumb Code     0  dflt_clz.o(x$fpl$dflt)
    _dflt                                    0x0800e8e3   Thumb Code    46  dflt_clz.o(x$fpl$dflt)
    __aeabi_ui2d                             0x0800e911   Thumb Code     0  dflt_clz.o(x$fpl$dfltu)
    _dfltu                                   0x0800e911   Thumb Code    38  dflt_clz.o(x$fpl$dfltu)
    __aeabi_dmul                             0x0800e939   Thumb Code     0  dmul.o(x$fpl$dmul)
    _dmul                                    0x0800e939   Thumb Code   332  dmul.o(x$fpl$dmul)
    __fpl_dnaninf                            0x0800ea8d   Thumb Code   156  dnaninf.o(x$fpl$dnaninf)
    __fpl_dretinf                            0x0800eb29   Thumb Code    12  dretinf.o(x$fpl$dretinf)
    __aeabi_drsub                            0x0800eb35   Thumb Code     0  daddsub_clz.o(x$fpl$drsb)
    _drsb                                    0x0800eb35   Thumb Code    22  daddsub_clz.o(x$fpl$drsb)
    _dsqrt                                   0x0800eb4d   Thumb Code   404  dsqrt_umaal.o(x$fpl$dsqrt)
    __aeabi_dsub                             0x0800ece5   Thumb Code     0  daddsub_clz.o(x$fpl$dsub)
    _dsub                                    0x0800ece5   Thumb Code   464  daddsub_clz.o(x$fpl$dsub)
    __aeabi_f2d                              0x0800eeb9   Thumb Code     0  f2d.o(x$fpl$f2d)
    _f2d                                     0x0800eeb9   Thumb Code    86  f2d.o(x$fpl$f2d)
    __fpl_fnaninf                            0x0800ef0f   Thumb Code   140  fnaninf.o(x$fpl$fnaninf)
    _fp_init                                 0x0800ef9b   Thumb Code    10  fpinit.o(x$fpl$fpinit)
    __fplib_config_fpu_vfp                   0x0800efa3   Thumb Code     0  fpinit.o(x$fpl$fpinit)
    __fplib_config_pureend_doubles           0x0800efa3   Thumb Code     0  fpinit.o(x$fpl$fpinit)
    __fpl_fretinf                            0x0800efa5   Thumb Code    10  fretinf.o(x$fpl$fretinf)
    _printf_fp_dec                           0x0800efaf   Thumb Code     4  printf1.o(x$fpl$printf1)
    _printf_fp_hex                           0x0800efb3   Thumb Code     4  printf2.o(x$fpl$printf2)
    CRC8_INIT                                0x0800efb6   Data           1  driver_judge.o(.constdata)
    __I$use$fp                               0x0800efb6   Number         0  usenofp.o(x$fpl$usenofp)
    CRC8_TAB                                 0x0800efb7   Data         256  driver_judge.o(.constdata)
    wCRC_Table                               0x0800f0b8   Data         512  driver_judge.o(.constdata)
    AttackModeOrder                          0x0800f2b8   Data          26  driver_vision.o(.constdata)
    BigSymbolModeOrder                       0x0800f2d2   Data          26  driver_vision.o(.constdata)
    RedEnemyOrder                            0x0800f2ec   Data          26  driver_vision.o(.constdata)
    BlueEnemyOrder                           0x0800f306   Data          26  driver_vision.o(.constdata)
    ShutdownOrder                            0x0800f320   Data          26  driver_vision.o(.constdata)
    reg                                      0x0800f33c   Data          42  inv_mpu.o(.constdata)
    hw                                       0x0800f366   Data          14  inv_mpu.o(.constdata)
    test                                     0x0800f374   Data          40  inv_mpu.o(.constdata)
    F6x8                                     0x0800ff92   Data         552  bsp_oled.o(.constdata)
    __mathlib_zero                           0x08010320   Data           8  qnan.o(.constdata)
    Region$$Table$$Base                      0x080104d4   Number         0  anon$$obj.o(Region$$Table)
    Region$$Table$$Limit                     0x080104f4   Number         0  anon$$obj.o(Region$$Table)
    __ctype                                  0x0801051d   Data           0  lc_ctype_c.o(locale$$data)
    Queue_CANSend                            0x20000000   Data           4  main.o(.data)
    TaskHandle_BellOnce                      0x20000004   Data           4  main.o(.data)
    TaskHandle_BellCycle                     0x20000008   Data           4  main.o(.data)
    Oled_Handler                             0x2000000c   Data           4  main.o(.data)
    UARTtemp                                 0x20000010   Data           1  stm32f4xx_it.o(.data)
    ks                                       0x20000012   Data           2  stm32f4xx_it.o(.data)
    DBUSFrameCounter                         0x20000018   Data           1  driver_dbus.o(.data)
    DBUSFrameRate                            0x20000019   Data           1  driver_dbus.o(.data)
    DBUSConnectStatus                        0x2000001a   Data           1  driver_dbus.o(.data)
    JudgeFrameCounter                        0x20000024   Data           4  driver_judge.o(.data)
    JudgeFrameRate                           0x20000028   Data           4  driver_judge.o(.data)
    CRC_INIT                                 0x2000002c   Data           2  driver_judge.o(.data)
    VisionType                               0x20000030   Data           1  driver_vision.o(.data)
    PCDataBufferPoint                        0x20000031   Data           1  driver_vision.o(.data)
    EnemyDataBufferPoint                     0x20000032   Data           1  driver_vision.o(.data)
    ForcastTarget                            0x20000034   Data           8  driver_vision.o(.data)
    VisionUpdataFlag                         0x2000003c   Data           1  driver_vision.o(.data)
    PCFrameCounter                           0x2000003e   Data           2  driver_vision.o(.data)
    PCFrameRate                              0x20000040   Data           2  driver_vision.o(.data)
    ChassisMaxSumCurrent                     0x20000044   Data           4  driver_chassis.o(.data)
    ChassisFrameCounter                      0x20000048   Data           8  driver_chassis.o(.data)
    ChassisFrameRate                         0x20000050   Data           8  driver_chassis.o(.data)
    ESP8266APPortLinkFlag                    0x20000058   Data           1  driver_esp8266.o(.data)
    LatestRespond                            0x20000059   Data           1  driver_esp8266.o(.data)
    ControlMode                              0x20000068   Data           1  driver_statusmachine.o(.data)
    KMSubschema                              0x20000069   Data           1  driver_statusmachine.o(.data)
    FricStatus                               0x2000006a   Data           1  driver_statusmachine.o(.data)
    ShotFlag                                 0x2000006b   Data           1  driver_statusmachine.o(.data)
    FristToKM                                0x2000006c   Data           1  driver_statusmachine.o(.data)
    SuperGyoFrameCounter                     0x20000074   Data           4  driver_supergyroscope.o(.data)
    SuperGyoFrameRate                        0x20000078   Data           4  driver_supergyroscope.o(.data)
    BellWarningCount                         0x2000007c   Data           2  task_bell.o(.data)
    BellWarningNum                           0x2000007e   Data           1  task_bell.o(.data)
    speed                                    0x200001b4   Data           2  task_monitor.o(.data)
    pxCurrentTCB                             0x200001d4   Data           4  tasks.o(.data)
    OLED_CMD_Brightness                      0x20000276   Data           2  bsp_oled.o(.data)
    CanRxData                                0x20000278   Data          20  stm32f4xx_it.o(.bss)
    DBUSBuffer                               0x2000028c   Data          19  driver_dbus.o(.bss)
    DBUS_ReceiveData                         0x200002a0   Data          24  driver_dbus.o(.bss)
    LASTDBUS_ReceiveData                     0x200002b8   Data          24  driver_dbus.o(.bss)
    JudgeDataBuffer                          0x2000030c   Data         150  driver_judge.o(.bss)
    InfantryJudge                            0x200003a4   Data          24  driver_judge.o(.bss)
    PCDataBuffer                             0x200003bc   Data          26  driver_vision.o(.bss)
    EnemyDataBuffer                          0x200003d8   Data        1680  driver_vision.o(.bss)
    ChassisParam                             0x20000a68   Data          60  driver_chassis.o(.bss)
    PitchOPID                                0x20000ad4   Data          48  driver_control.o(.bss)
    YawOPID                                  0x20000b04   Data          48  driver_control.o(.bss)
    PitchIPID                                0x20000b34   Data          48  driver_control.o(.bss)
    YawIPID                                  0x20000b64   Data          48  driver_control.o(.bss)
    PokeIPID                                 0x20000b94   Data          48  driver_control.o(.bss)
    PokeOPID                                 0x20000bc4   Data          48  driver_control.o(.bss)
    ChassisIPID                              0x20000bf4   Data          48  driver_control.o(.bss)
    ChassisOPID                              0x20000c24   Data          48  driver_control.o(.bss)
    ChassisAUTOIPID                          0x20000c54   Data          48  driver_control.o(.bss)
    ChassisAUTOOPID                          0x20000c84   Data          48  driver_control.o(.bss)
    ForcastYawSpeedPID                       0x20000cb4   Data          48  driver_control.o(.bss)
    ESP8266TXBuffer                          0x20000ce4   Data         512  driver_esp8266.o(.bss)
    ESP8266RXBuffer                          0x20000ee4   Data         512  driver_esp8266.o(.bss)
    ESP8266APList                            0x200010e4   Data         512  driver_esp8266.o(.bss)
    ESP8266APListOffset                      0x200012e4   Data         128  driver_esp8266.o(.bss)
    Position                                 0x20001364   Data          40  driver_mpu9250.o(.bss)
    Omega_Offset                             0x2000138c   Data          12  driver_mpu9250.o(.bss)
    PokeMotorParam                           0x20001398   Data          20  driver_pokemotor.o(.bss)
    CloudParam                               0x200013ac   Data          36  driver_cloudmotor.o(.bss)
    SuperGyoParam                            0x200013e8   Data          12  driver_supergyroscope.o(.bss)
    xQueueRegistry                           0x20001584   Data          64  queue.o(.bss)
    __libspace_start                         0x20007de0   Data          96  libspace.o(.bss)
    __temporary_stack_top$libspace           0x20007e40   Data           0  libspace.o(.bss)



==============================================================================

Memory Map of the image

  Image Entry point : 0x08000189

  Load Region LR_IROM1 (Base: 0x08000000, Size: 0x00010898, Max: 0x00100000, ABSOLUTE, COMPRESSED[0x0001069c])

    Execution Region ER_IROM1 (Base: 0x08000000, Size: 0x00010620, Max: 0x00100000, ABSOLUTE)

    Base Addr    Size         Type   Attr      Idx    E Section Name        Object

    0x08000000   0x00000188   Data   RO         4418    RESET               startup_stm32f40_41xxx.o
    0x08000188   0x00000008   Code   RO         4948  * !!!main             c_w.l(__main.o)
    0x08000190   0x00000034   Code   RO         5495    !!!scatter          c_w.l(__scatter.o)
    0x080001c4   0x0000005a   Code   RO         5493    !!dczerorl2         c_w.l(__dczerorl2.o)
    0x0800021e   0x00000002   PAD
    0x08000220   0x0000001c   Code   RO         5497    !!handler_zi        c_w.l(__scatter_zi.o)
    0x0800023c   0x00000000   Code   RO         5165    .ARM.Collect$$_printf_percent$$00000000  c_w.l(_printf_percent.o)
    0x0800023c   0x00000006   Code   RO         5154    .ARM.Collect$$_printf_percent$$00000001  c_w.l(_printf_n.o)
    0x08000242   0x00000006   Code   RO         5156    .ARM.Collect$$_printf_percent$$00000002  c_w.l(_printf_p.o)
    0x08000248   0x00000006   Code   RO         5161    .ARM.Collect$$_printf_percent$$00000003  c_w.l(_printf_f.o)
    0x0800024e   0x00000006   Code   RO         5162    .ARM.Collect$$_printf_percent$$00000004  c_w.l(_printf_e.o)
    0x08000254   0x00000006   Code   RO         5163    .ARM.Collect$$_printf_percent$$00000005  c_w.l(_printf_g.o)
    0x0800025a   0x00000006   Code   RO         5164    .ARM.Collect$$_printf_percent$$00000006  c_w.l(_printf_a.o)
    0x08000260   0x0000000a   Code   RO         5169    .ARM.Collect$$_printf_percent$$00000007  c_w.l(_printf_ll.o)
    0x0800026a   0x00000006   Code   RO         5158    .ARM.Collect$$_printf_percent$$00000008  c_w.l(_printf_i.o)
    0x08000270   0x00000006   Code   RO         5159    .ARM.Collect$$_printf_percent$$00000009  c_w.l(_printf_d.o)
    0x08000276   0x00000006   Code   RO         5160    .ARM.Collect$$_printf_percent$$0000000A  c_w.l(_printf_u.o)
    0x0800027c   0x00000006   Code   RO         5157    .ARM.Collect$$_printf_percent$$0000000B  c_w.l(_printf_o.o)
    0x08000282   0x00000006   Code   RO         5155    .ARM.Collect$$_printf_percent$$0000000C  c_w.l(_printf_x.o)
    0x08000288   0x00000006   Code   RO         5166    .ARM.Collect$$_printf_percent$$0000000D  c_w.l(_printf_lli.o)
    0x0800028e   0x00000006   Code   RO         5167    .ARM.Collect$$_printf_percent$$0000000E  c_w.l(_printf_lld.o)
    0x08000294   0x00000006   Code   RO         5168    .ARM.Collect$$_printf_percent$$0000000F  c_w.l(_printf_llu.o)
    0x0800029a   0x00000006   Code   RO         5173    .ARM.Collect$$_printf_percent$$00000010  c_w.l(_printf_llo.o)
    0x080002a0   0x00000006   Code   RO         5174    .ARM.Collect$$_printf_percent$$00000011  c_w.l(_printf_llx.o)
    0x080002a6   0x0000000a   Code   RO         5170    .ARM.Collect$$_printf_percent$$00000012  c_w.l(_printf_l.o)
    0x080002b0   0x00000006   Code   RO         5152    .ARM.Collect$$_printf_percent$$00000013  c_w.l(_printf_c.o)
    0x080002b6   0x00000006   Code   RO         5153    .ARM.Collect$$_printf_percent$$00000014  c_w.l(_printf_s.o)
    0x080002bc   0x00000006   Code   RO         5171    .ARM.Collect$$_printf_percent$$00000015  c_w.l(_printf_lc.o)
    0x080002c2   0x00000006   Code   RO         5172    .ARM.Collect$$_printf_percent$$00000016  c_w.l(_printf_ls.o)
    0x080002c8   0x00000004   Code   RO         5336    .ARM.Collect$$_printf_percent$$00000017  c_w.l(_printf_percent_end.o)
    0x080002cc   0x00000002   Code   RO         5421    .ARM.Collect$$libinit$$00000000  c_w.l(libinit.o)
    0x080002ce   0x00000004   Code   RO         5179    .ARM.Collect$$libinit$$00000001  c_w.l(libinit2.o)
    0x080002d2   0x00000000   Code   RO         5182    .ARM.Collect$$libinit$$00000004  c_w.l(libinit2.o)
    0x080002d2   0x00000008   Code   RO         5183    .ARM.Collect$$libinit$$00000005  c_w.l(libinit2.o)
    0x080002da   0x00000000   Code   RO         5185    .ARM.Collect$$libinit$$0000000A  c_w.l(libinit2.o)
    0x080002da   0x00000000   Code   RO         5187    .ARM.Collect$$libinit$$0000000C  c_w.l(libinit2.o)
    0x080002da   0x00000000   Code   RO         5189    .ARM.Collect$$libinit$$0000000E  c_w.l(libinit2.o)
    0x080002da   0x00000006   Code   RO         5190    .ARM.Collect$$libinit$$0000000F  c_w.l(libinit2.o)
    0x080002e0   0x00000000   Code   RO         5192    .ARM.Collect$$libinit$$00000011  c_w.l(libinit2.o)
    0x080002e0   0x0000000c   Code   RO         5193    .ARM.Collect$$libinit$$00000012  c_w.l(libinit2.o)
    0x080002ec   0x00000000   Code   RO         5194    .ARM.Collect$$libinit$$00000013  c_w.l(libinit2.o)
    0x080002ec   0x00000000   Code   RO         5196    .ARM.Collect$$libinit$$00000015  c_w.l(libinit2.o)
    0x080002ec   0x0000000a   Code   RO         5197    .ARM.Collect$$libinit$$00000016  c_w.l(libinit2.o)
    0x080002f6   0x00000000   Code   RO         5198    .ARM.Collect$$libinit$$00000017  c_w.l(libinit2.o)
    0x080002f6   0x00000000   Code   RO         5200    .ARM.Collect$$libinit$$00000019  c_w.l(libinit2.o)
    0x080002f6   0x00000000   Code   RO         5202    .ARM.Collect$$libinit$$0000001B  c_w.l(libinit2.o)
    0x080002f6   0x00000000   Code   RO         5204    .ARM.Collect$$libinit$$0000001D  c_w.l(libinit2.o)
    0x080002f6   0x00000000   Code   RO         5206    .ARM.Collect$$libinit$$0000001F  c_w.l(libinit2.o)
    0x080002f6   0x00000000   Code   RO         5208    .ARM.Collect$$libinit$$00000021  c_w.l(libinit2.o)
    0x080002f6   0x00000000   Code   RO         5210    .ARM.Collect$$libinit$$00000023  c_w.l(libinit2.o)
    0x080002f6   0x00000000   Code   RO         5212    .ARM.Collect$$libinit$$00000025  c_w.l(libinit2.o)
    0x080002f6   0x00000000   Code   RO         5216    .ARM.Collect$$libinit$$0000002C  c_w.l(libinit2.o)
    0x080002f6   0x00000000   Code   RO         5218    .ARM.Collect$$libinit$$0000002E  c_w.l(libinit2.o)
    0x080002f6   0x00000000   Code   RO         5220    .ARM.Collect$$libinit$$00000030  c_w.l(libinit2.o)
    0x080002f6   0x00000000   Code   RO         5222    .ARM.Collect$$libinit$$00000032  c_w.l(libinit2.o)
    0x080002f6   0x00000002   Code   RO         5223    .ARM.Collect$$libinit$$00000033  c_w.l(libinit2.o)
    0x080002f8   0x00000002   Code   RO         5490    .ARM.Collect$$libshutdown$$00000000  c_w.l(libshutdown.o)
    0x080002fa   0x00000000   Code   RO         5446    .ARM.Collect$$libshutdown$$00000002  c_w.l(libshutdown2.o)
    0x080002fa   0x00000000   Code   RO         5448    .ARM.Collect$$libshutdown$$00000004  c_w.l(libshutdown2.o)
    0x080002fa   0x00000000   Code   RO         5451    .ARM.Collect$$libshutdown$$00000007  c_w.l(libshutdown2.o)
    0x080002fa   0x00000000   Code   RO         5454    .ARM.Collect$$libshutdown$$0000000A  c_w.l(libshutdown2.o)
    0x080002fa   0x00000000   Code   RO         5456    .ARM.Collect$$libshutdown$$0000000C  c_w.l(libshutdown2.o)
    0x080002fa   0x00000000   Code   RO         5459    .ARM.Collect$$libshutdown$$0000000F  c_w.l(libshutdown2.o)
    0x080002fa   0x00000002   Code   RO         5460    .ARM.Collect$$libshutdown$$00000010  c_w.l(libshutdown2.o)
    0x080002fc   0x00000000   Code   RO         5052    .ARM.Collect$$rtentry$$00000000  c_w.l(__rtentry.o)
    0x080002fc   0x00000000   Code   RO         5290    .ARM.Collect$$rtentry$$00000002  c_w.l(__rtentry2.o)
    0x080002fc   0x00000006   Code   RO         5302    .ARM.Collect$$rtentry$$00000004  c_w.l(__rtentry4.o)
    0x08000302   0x00000000   Code   RO         5292    .ARM.Collect$$rtentry$$00000009  c_w.l(__rtentry2.o)
    0x08000302   0x00000004   Code   RO         5293    .ARM.Collect$$rtentry$$0000000A  c_w.l(__rtentry2.o)
    0x08000306   0x00000000   Code   RO         5295    .ARM.Collect$$rtentry$$0000000C  c_w.l(__rtentry2.o)
    0x08000306   0x00000008   Code   RO         5296    .ARM.Collect$$rtentry$$0000000D  c_w.l(__rtentry2.o)
    0x0800030e   0x00000002   Code   RO         5426    .ARM.Collect$$rtexit$$00000000  c_w.l(rtexit.o)
    0x08000310   0x00000000   Code   RO         5464    .ARM.Collect$$rtexit$$00000002  c_w.l(rtexit2.o)
    0x08000310   0x00000004   Code   RO         5465    .ARM.Collect$$rtexit$$00000003  c_w.l(rtexit2.o)
    0x08000314   0x00000006   Code   RO         5466    .ARM.Collect$$rtexit$$00000004  c_w.l(rtexit2.o)
    0x0800031a   0x00000002   PAD
    0x0800031c   0x000000b6   Code   RO         3021    .emb_text           port.o
    0x080003d2   0x00000002   PAD
    0x080003d4   0x00000000   Code   RO         5315    .emb_text           c_w.l(maybetermalloc1.o)
    0x080003d4   0x00000040   Code   RO         4419    .text               startup_stm32f40_41xxx.o
    0x08000414   0x0000005e   Code   RO         4870    .text               c_w.l(h1_alloc.o)
    0x08000472   0x0000004e   Code   RO         4872    .text               c_w.l(h1_free.o)
    0x080004c0   0x00000048   Code   RO         4928    .text               c_w.l(llsdiv.o)
    0x08000508   0x00000034   Code   RO         4930    .text               c_w.l(vsnprintf.o)
    0x0800053c   0x00000058   Code   RO         4932    .text               c_w.l(memcmp.o)
    0x08000594   0x00000048   Code   RO         4934    .text               c_w.l(strcpy.o)
    0x080005dc   0x0000008a   Code   RO         4940    .text               c_w.l(rt_memcpy_v6.o)
    0x08000666   0x00000064   Code   RO         4942    .text               c_w.l(rt_memcpy_w.o)
    0x080006ca   0x00000010   Code   RO         4944    .text               c_w.l(aeabi_memset.o)
    0x080006da   0x00000006   Code   RO         4946    .text               c_w.l(heapauxi.o)
    0x080006e0   0x00000008   Code   RO         5056    .text               c_w.l(rt_heap_descriptor_intlibspace.o)
    0x080006e8   0x00000004   Code   RO         5058    .text               c_w.l(hguard.o)
    0x080006ec   0x0000008a   Code   RO         5060    .text               c_w.l(init_alloc.o)
    0x08000776   0x0000000e   Code   RO         5064    .text               c_w.l(h1_init.o)
    0x08000784   0x000000ee   Code   RO         5078    .text               c_w.l(lludivv7m.o)
    0x08000872   0x00000016   Code   RO         5080    .text               c_w.l(_rserrno.o)
    0x08000888   0x0000004e   Code   RO         5084    .text               c_w.l(_printf_pad.o)
    0x080008d6   0x00000024   Code   RO         5086    .text               c_w.l(_printf_truncate.o)
    0x080008fa   0x00000052   Code   RO         5088    .text               c_w.l(_printf_str.o)
    0x0800094c   0x00000078   Code   RO         5090    .text               c_w.l(_printf_dec.o)
    0x080009c4   0x00000028   Code   RO         5092    .text               c_w.l(_printf_charcount.o)
    0x080009ec   0x00000030   Code   RO         5094    .text               c_w.l(_printf_char_common.o)
    0x08000a1c   0x0000000a   Code   RO         5096    .text               c_w.l(_sputc.o)
    0x08000a26   0x00000010   Code   RO         5098    .text               c_w.l(_snputc.o)
    0x08000a36   0x00000002   PAD
    0x08000a38   0x000000bc   Code   RO         5100    .text               c_w.l(_printf_wctomb.o)
    0x08000af4   0x0000007c   Code   RO         5103    .text               c_w.l(_printf_longlong_dec.o)
    0x08000b70   0x00000070   Code   RO         5109    .text               c_w.l(_printf_oct_int_ll.o)
    0x08000be0   0x00000094   Code   RO         5129    .text               c_w.l(_printf_hex_int_ll_ptr.o)
    0x08000c74   0x00000188   Code   RO         5149    .text               c_w.l(__printf_flags_ss_wp.o)
    0x08000dfc   0x00000044   Code   RO         5175    .text               c_w.l(rt_memclr.o)
    0x08000e40   0x00000008   Code   RO         5286    .text               c_w.l(libspace.o)
    0x08000e48   0x00000008   Code   RO         5311    .text               c_w.l(rt_errno_addr_intlibspace.o)
    0x08000e50   0x00000034   Code   RO         5317    .text               c_w.l(h1_extend.o)
    0x08000e84   0x0000008a   Code   RO         5321    .text               c_w.l(lludiv10.o)
    0x08000f0e   0x000000b2   Code   RO         5323    .text               c_w.l(_printf_intcommon.o)
    0x08000fc0   0x0000041a   Code   RO         5325    .text               c_w.l(_printf_fp_dec.o)
    0x080013da   0x00000002   PAD
    0x080013dc   0x000002fc   Code   RO         5327    .text               c_w.l(_printf_fp_hex.o)
    0x080016d8   0x0000002c   Code   RO         5332    .text               c_w.l(_printf_char.o)
    0x08001704   0x0000002c   Code   RO         5334    .text               c_w.l(_printf_wchar.o)
    0x08001730   0x00000040   Code   RO         5337    .text               c_w.l(_wcrtomb.o)
    0x08001770   0x0000000e   Code   RO         5339    .text               c_w.l(defsig_rtmem_outer.o)
    0x0800177e   0x0000004e   Code   RO         5343    .text               c_w.l(rt_memclr_w.o)
    0x080017cc   0x00000002   Code   RO         5358    .text               c_w.l(use_no_semi.o)
    0x080017ce   0x00000000   Code   RO         5360    .text               c_w.l(indicate_semi.o)
    0x080017ce   0x0000004a   Code   RO         5361    .text               c_w.l(sys_stackheap_outer.o)
    0x08001818   0x00000010   Code   RO         5363    .text               c_w.l(rt_ctype_table.o)
    0x08001828   0x00000008   Code   RO         5372    .text               c_w.l(rt_locale_intlibspace.o)
    0x08001830   0x00000080   Code   RO         5376    .text               c_w.l(_printf_fp_infnan.o)
    0x080018b0   0x000000dc   Code   RO         5378    .text               c_w.l(bigflt0.o)
    0x0800198c   0x00000012   Code   RO         5406    .text               c_w.l(exit.o)
    0x0800199e   0x0000000a   Code   RO         5408    .text               c_w.l(defsig_exit.o)
    0x080019a8   0x00000050   Code   RO         5410    .text               c_w.l(defsig_rtmem_inner.o)
    0x080019f8   0x0000000c   Code   RO         5424    .text               c_w.l(sys_exit.o)
    0x08001a04   0x00000032   Code   RO         5437    .text               c_w.l(defsig_general.o)
    0x08001a36   0x00000002   PAD
    0x08001a38   0x00000080   Code   RO         5443    .text               c_w.l(strcmpv7m.o)
    0x08001ab8   0x0000000e   Code   RO         5461    .text               c_w.l(sys_wrch.o)
    0x08001ac6   0x0000003e   Code   RO         5381    CL$$btod_d2e        c_w.l(btod.o)
    0x08001b04   0x00000046   Code   RO         5383    CL$$btod_d2e_denorm_low  c_w.l(btod.o)
    0x08001b4a   0x00000060   Code   RO         5382    CL$$btod_d2e_norm_op1  c_w.l(btod.o)
    0x08001baa   0x00000338   Code   RO         5391    CL$$btod_div_common  c_w.l(btod.o)
    0x08001ee2   0x000000c6   Code   RO         5388    CL$$btod_e2e        c_w.l(btod.o)
    0x08001fa8   0x00000028   Code   RO         5385    CL$$btod_ediv       c_w.l(btod.o)
    0x08001fd0   0x00000028   Code   RO         5384    CL$$btod_emul       c_w.l(btod.o)
    0x08001ff8   0x00000244   Code   RO         5390    CL$$btod_mult_common  c_w.l(btod.o)
    0x0800223c   0x00000108   Code   RO         1299    i.BSP_CAN_InitConfig  bsp_can.o
    0x08002344   0x000001bc   Code   RO         1319    i.BSP_DMA_InitConfig  bsp_dma.o
    0x08002500   0x000002f8   Code   RO         1359    i.BSP_GPIO_InitConfig  bsp_gpio.o
    0x080027f8   0x0000011c   Code   RO         1339    i.BSP_NVIC_InitConfig  bsp_nvic.o
    0x08002914   0x00000194   Code   RO         1279    i.BSP_TIM_InitConfig  bsp_tim.o
    0x08002aa8   0x000000e0   Code   RO         1379    i.BSP_UART_InitConfig  bsp_uart.o
    0x08002b88   0x00000018   Code   RO          333    i.Bell_Bark         driver_bell.o
    0x08002ba0   0x00000014   Code   RO          334    i.Bell_BarkWarning  driver_bell.o
    0x08002bb4   0x0000001c   Code   RO          335    i.Bell_InitConfig   driver_bell.o
    0x08002bd0   0x00000004   Code   RO          199    i.BusFault_Handler  stm32f4xx_it.o
    0x08002bd4   0x00000190   Code   RO          200    i.CAN1_RX0_IRQHandler  stm32f4xx_it.o
    0x08002d64   0x00000014   Code   RO          201    i.CAN2_RX0_IRQHandler  stm32f4xx_it.o
    0x08002d78   0x00000108   Code   RO         2345    i.CAN_FilterInit    stm32f4xx_can.o
    0x08002e80   0x00000012   Code   RO         2351    i.CAN_ITConfig      stm32f4xx_can.o
    0x08002e92   0x00000114   Code   RO         2352    i.CAN_Init          stm32f4xx_can.o
    0x08002fa6   0x000000f0   Code   RO         2355    i.CAN_Receive       stm32f4xx_can.o
    0x08003096   0x00000126   Code   RO         2360    i.CAN_Transmit      stm32f4xx_can.o
    0x080031bc   0x00000054   Code   RO          563    i.Chassis_Adjust    driver_chassis.o
    0x08003210   0x00000068   Code   RO          565    i.Chassis_InitConfig  driver_chassis.o
    0x08003278   0x00000128   Code   RO          566    i.Chassis_SendMotorParam  driver_chassis.o
    0x080033a0   0x00000088   Code   RO          567    i.Chassis_SpeedSet  driver_chassis.o
    0x08003428   0x0000000c   Code   RO          568    i.Chassis_TargetDirectionSet  driver_chassis.o
    0x08003434   0x00000048   Code   RO          945    i.CloudMotorCurrent  driver_cloudmotor.o
    0x0800347c   0x00000054   Code   RO          946    i.CloudMotor_InitConfig  driver_cloudmotor.o
    0x080034d0   0x00000022   Code   RO          947    i.Cloud_Adjust      driver_cloudmotor.o
    0x080034f2   0x00000032   Code   RO          948    i.Cloud_AutoAdjust  driver_cloudmotor.o
    0x08003524   0x000000cc   Code   RO          949    i.Cloud_PitchAngleSet  driver_cloudmotor.o
    0x080035f0   0x00000078   Code   RO          950    i.Cloud_YawAngleSet  driver_cloudmotor.o
    0x08003668   0x00000260   Code   RO          632    i.ControlPID_InitConfig  driver_control.o
    0x080038c8   0x0000022c   Code   RO          633    i.Control_ChassisPID  driver_control.o
    0x08003af4   0x000002b4   Code   RO          634    i.Control_FeedForwardYawPID  driver_control.o
    0x08003da8   0x00000104   Code   RO         1089    i.Control_KMMode    task_control.o
    0x08003eac   0x0000017c   Code   RO         1090    i.Control_KMSubschemaBigsample  task_control.o
    0x08004028   0x000000ac   Code   RO         1091    i.Control_KMSubschemaCircle  task_control.o
    0x080040d4   0x00000002   Code   RO         1092    i.Control_KMSubschemaFullauto  task_control.o
    0x080040d6   0x00000002   PAD
    0x080040d8   0x0000017c   Code   RO         1093    i.Control_KMSubschemaHalfauto  task_control.o
    0x08004254   0x00000144   Code   RO         1094    i.Control_KMSubschemaNormal  task_control.o
    0x08004398   0x00000110   Code   RO         1095    i.Control_KMSubschemaSupply  task_control.o
    0x080044a8   0x000002dc   Code   RO         1096    i.Control_KMSubschemaSwing  task_control.o
    0x08004784   0x0000028c   Code   RO          635    i.Control_PitchPID  driver_control.o
    0x08004a10   0x000001e0   Code   RO          636    i.Control_PokeIPID  driver_control.o
    0x08004bf0   0x0000001e   Code   RO         1097    i.Control_ProtectMode  task_control.o
    0x08004c0e   0x00000002   PAD
    0x08004c10   0x000000cc   Code   RO         1098    i.Control_RCMode    task_control.o
    0x08004cdc   0x000002a4   Code   RO          637    i.Control_YawPID    driver_control.o
    0x08004f80   0x000000c8   Code   RO          376    i.DBUS_ButtonCheckJump  driver_dbus.o
    0x08005048   0x00000018   Code   RO          379    i.DBUS_CheckPush    driver_dbus.o
    0x08005060   0x00000114   Code   RO          380    i.DBUS_DataDecoding  driver_dbus.o
    0x08005174   0x00000034   Code   RO          381    i.DBUS_InitConfig   driver_dbus.o
    0x080051a8   0x00000034   Code   RO         2564    i.DMA_ClearFlag     stm32f4xx_dma.o
    0x080051dc   0x00000016   Code   RO         2566    i.DMA_Cmd           stm32f4xx_dma.o
    0x080051f2   0x00000014   Code   RO         2571    i.DMA_GetCmdStatus  stm32f4xx_dma.o
    0x08005206   0x00000002   PAD
    0x08005208   0x00000058   Code   RO         2578    i.DMA_Init          stm32f4xx_dma.o
    0x08005260   0x00000004   Code   RO         2581    i.DMA_SetCurrDataCounter  stm32f4xx_dma.o
    0x08005264   0x00000002   Code   RO          202    i.DebugMon_Handler  stm32f4xx_it.o
    0x08005266   0x00000002   PAD
    0x08005268   0x00000480   Code   RO          497    i.ForcastCore       driver_vision.o
    0x080056e8   0x00000158   Code   RO          498    i.ForcastOnce       driver_vision.o
    0x08005840   0x00000038   Code   RO          865    i.FricGunControl    driver_fricmotor.o
    0x08005878   0x00000014   Code   RO          866    i.FricMotor_InitConfig  driver_fricmotor.o
    0x0800588c   0x00000090   Code   RO         2693    i.GPIO_Init         stm32f4xx_gpio.o
    0x0800591c   0x00000046   Code   RO         2694    i.GPIO_PinAFConfig  stm32f4xx_gpio.o
    0x08005962   0x00000012   Code   RO         2697    i.GPIO_ReadInputDataBit  stm32f4xx_gpio.o
    0x08005974   0x00000004   Code   RO         2700    i.GPIO_ResetBits    stm32f4xx_gpio.o
    0x08005978   0x00000004   Code   RO         2701    i.GPIO_SetBits      stm32f4xx_gpio.o
    0x0800597c   0x00000030   Code   RO         4580    i.GUI_DrawFullRect  drv_gui.o
    0x080059ac   0x0000002c   Code   RO         4581    i.GUI_DrawHLine     drv_gui.o
    0x080059d8   0x0000004c   Code   RO         4583    i.GUI_DrawRect      drv_gui.o
    0x08005a24   0x0000002c   Code   RO         4584    i.GUI_DrawVLine     drv_gui.o
    0x08005a50   0x00000024   Code   RO         4599    i.GUI_WidgetText_Create  drv_gui.o
    0x08005a74   0x0000000e   Code   RO         4600    i.GUI_WidgetText_SetRim  drv_gui.o
    0x08005a82   0x0000005c   Code   RO         4601    i.GUI_WidgetText_SetText  drv_gui.o
    0x08005ade   0x00000110   Code   RO         4602    i.GUI_WidgetText_Show  drv_gui.o
    0x08005bee   0x00000002   PAD
    0x08005bf0   0x00000034   Code   RO          435    i.Get_CRC16_Check_Sum  driver_judge.o
    0x08005c24   0x00000004   Code   RO          203    i.HardFault_Handler  stm32f4xx_it.o
    0x08005c28   0x00000048   Code   RO         4425    i.IIC_ACK           sim_iic.o
    0x08005c70   0x0000000c   Code   RO         4426    i.IIC_Delay         sim_iic.o
    0x08005c7c   0x0000000e   Code   RO         4743    i.IIC_Delay         bsp_oled.o
    0x08005c8a   0x00000002   PAD
    0x08005c8c   0x00000048   Code   RO         4428    i.IIC_NACK          sim_iic.o
    0x08005cd4   0x00000074   Code   RO         4429    i.IIC_ReadBuffer    sim_iic.o
    0x08005d48   0x00000060   Code   RO         4430    i.IIC_ReadByte      sim_iic.o
    0x08005da8   0x00000062   Code   RO         4431    i.IIC_SendBuffer    sim_iic.o
    0x08005e0a   0x00000002   PAD
    0x08005e0c   0x00000068   Code   RO         4432    i.IIC_SendByte      sim_iic.o
    0x08005e74   0x0000005c   Code   RO         4435    i.IIC_Start         sim_iic.o
    0x08005ed0   0x0000003c   Code   RO         4744    i.IIC_Start         bsp_oled.o
    0x08005f0c   0x00000048   Code   RO         4436    i.IIC_Stop          sim_iic.o
    0x08005f54   0x0000003c   Code   RO         4745    i.IIC_Stop          bsp_oled.o
    0x08005f90   0x00000060   Code   RO         4437    i.IIC_WaitACK       sim_iic.o
    0x08005ff0   0x00000080   Code   RO         4746    i.IIC_WriteByte     bsp_oled.o
    0x08006070   0x000000a4   Code   RO         4110    i.MPU9250DMPU_Selftest  mpu9250dmp.o
    0x08006114   0x00000218   Code   RO         4111    i.MPU9250DMP_GetEuler  mpu9250dmp.o
    0x0800632c   0x000000d8   Code   RO         4112    i.MPU9250DMP_InitConfig  mpu9250dmp.o
    0x08006404   0x00000084   Code   RO         4113    i.MPU9250_GetAccel  mpu9250dmp.o
    0x08006488   0x00000068   Code   RO         4114    i.MPU9250_GetGyro   mpu9250dmp.o
    0x080064f0   0x00000024   Code   RO          824    i.MPU9250_InitConfig  driver_mpu9250.o
    0x08006514   0x000000c4   Code   RO          825    i.MPU9250_Update    driver_mpu9250.o
    0x080065d8   0x00000164   Code   RO          569    i.MecanumCalculate  driver_chassis.o
    0x0800673c   0x00000004   Code   RO          204    i.MemManage_Handler  stm32f4xx_it.o
    0x08006740   0x00000002   Code   RO          205    i.NMI_Handler       stm32f4xx_it.o
    0x08006742   0x00000002   PAD
    0x08006744   0x00000078   Code   RO         1399    i.NVIC_Init         misc.o
    0x080067bc   0x00000014   Code   RO         1400    i.NVIC_PriorityGroupConfig  misc.o
    0x080067d0   0x00000030   Code   RO         4747    i.OLED_Clear        bsp_oled.o
    0x08006800   0x000000ce   Code   RO         4748    i.OLED_Delay        bsp_oled.o
    0x080068ce   0x00000002   PAD
    0x080068d0   0x00000094   Code   RO         4751    i.OLED_DrawPixel    bsp_oled.o
    0x08006964   0x00000258   Code   RO         4752    i.OLED_DrawSomeBits  bsp_oled.o
    0x08006bbc   0x000000c4   Code   RO         4753    i.OLED_Init         bsp_oled.o
    0x08006c80   0x0000011c   Code   RO         4754    i.OLED_Print6x8Str  bsp_oled.o
    0x08006d9c   0x00000038   Code   RO         4755    i.OLED_RefreshGram  bsp_oled.o
    0x08006dd4   0x0000002c   Code   RO         4756    i.OLED_SetPos       bsp_oled.o
    0x08006e00   0x00000024   Code   RO         4757    i.OLED_SetPositionInPage  bsp_oled.o
    0x08006e24   0x00000020   Code   RO         4759    i.OLED_WriteCommand  bsp_oled.o
    0x08006e44   0x00000020   Code   RO         4760    i.OLED_WriteData    bsp_oled.o
    0x08006e64   0x00000030   Code   RO          894    i.Poke_InitConfig   driver_pokemotor.o
    0x08006e94   0x0000014c   Code   RO          895    i.Poke_MotorAdjust  driver_pokemotor.o
    0x08006fe0   0x00000050   Code   RO          896    i.Poke_MotorCurrent  driver_pokemotor.o
    0x08007030   0x00000038   Code   RO          898    i.Poke_MotorStep    driver_pokemotor.o
    0x08007068   0x00000020   Code   RO         2005    i.RCC_AHB1PeriphClockCmd  stm32f4xx_rcc.o
    0x08007088   0x00000020   Code   RO         2014    i.RCC_APB1PeriphClockCmd  stm32f4xx_rcc.o
    0x080070a8   0x00000020   Code   RO         2017    i.RCC_APB2PeriphClockCmd  stm32f4xx_rcc.o
    0x080070c8   0x000000e8   Code   RO         2026    i.RCC_GetClocksFreq  stm32f4xx_rcc.o
    0x080071b0   0x0000026c   Code   RO          499    i.RecToPolar        driver_vision.o
    0x0800741c   0x00000084   Code   RO          500    i.SendEnemyColor    driver_vision.o
    0x080074a0   0x000000c8   Code   RO          501    i.SendPCOrder       driver_vision.o
    0x08007568   0x000000ec   Code   RO         4381    i.SetSysClock       system_stm32f4xx.o
    0x08007654   0x00000020   Code   RO         1001    i.StatusMachine_InitConfig  driver_statusmachine.o
    0x08007674   0x0000027c   Code   RO         1002    i.StatusMachine_Update  driver_statusmachine.o
    0x080078f0   0x0000002c   Code   RO          795    i.Steering_Control  driver_steering.o
    0x0800791c   0x0000000c   Code   RO          796    i.Steering_InitConfig  driver_steering.o
    0x08007928   0x0000002c   Code   RO         1033    i.SuperGyo_InitConfig  driver_supergyroscope.o
    0x08007954   0x00000034   Code   RO         3022    i.SysTick_Handler   port.o
    0x08007988   0x00000068   Code   RO         4383    i.SystemInit        system_stm32f4xx.o
    0x080079f0   0x0000003a   Code   RO         1443    i.TI1_Config        stm32f4xx_tim.o
    0x08007a2a   0x00000050   Code   RO         1444    i.TI2_Config        stm32f4xx_tim.o
    0x08007a7a   0x00000048   Code   RO         1445    i.TI3_Config        stm32f4xx_tim.o
    0x08007ac2   0x00000050   Code   RO         1446    i.TI4_Config        stm32f4xx_tim.o
    0x08007b12   0x00000006   Code   RO         1453    i.TIM_ClearFlag     stm32f4xx_tim.o
    0x08007b18   0x00000018   Code   RO         1459    i.TIM_Cmd           stm32f4xx_tim.o
    0x08007b30   0x0000001e   Code   RO         1461    i.TIM_CtrlPWMOutputs  stm32f4xx_tim.o
    0x08007b4e   0x00000042   Code   RO         1468    i.TIM_EncoderInterfaceConfig  stm32f4xx_tim.o
    0x08007b90   0x0000006e   Code   RO         1482    i.TIM_ICInit        stm32f4xx_tim.o
    0x08007bfe   0x00000012   Code   RO         1483    i.TIM_ICStructInit  stm32f4xx_tim.o
    0x08007c10   0x0000007c   Code   RO         1488    i.TIM_OC1Init       stm32f4xx_tim.o
    0x08007c8c   0x00000012   Code   RO         1491    i.TIM_OC1PreloadConfig  stm32f4xx_tim.o
    0x08007c9e   0x00000002   PAD
    0x08007ca0   0x000000a4   Code   RO         1493    i.TIM_OC2Init       stm32f4xx_tim.o
    0x08007d44   0x00000078   Code   RO         1503    i.TIM_OC4Init       stm32f4xx_tim.o
    0x08007dbc   0x00000012   Code   RO         1526    i.TIM_SetIC1Prescaler  stm32f4xx_tim.o
    0x08007dce   0x0000001a   Code   RO         1527    i.TIM_SetIC2Prescaler  stm32f4xx_tim.o
    0x08007de8   0x00000012   Code   RO         1528    i.TIM_SetIC3Prescaler  stm32f4xx_tim.o
    0x08007dfa   0x0000001a   Code   RO         1529    i.TIM_SetIC4Prescaler  stm32f4xx_tim.o
    0x08007e14   0x00000084   Code   RO         1531    i.TIM_TimeBaseInit  stm32f4xx_tim.o
    0x08007e98   0x00000064   Code   RO         1060    i.Task_BellBark     task_bell.o
    0x08007efc   0x000000a0   Code   RO         1211    i.Task_CANSend      task_cansend.o
    0x08007f9c   0x000001c0   Code   RO         1099    i.Task_Control      task_control.o
    0x0800815c   0x0000025c   Code   RO         1185    i.Task_Monitor      task_monitor.o
    0x080083b8   0x000001c4   Code   RO         1231    i.Task_SysInitConfig  task_sysinitconfig.o
    0x0800857c   0x000001c0   Code   RO          206    i.UART4_IRQHandler  stm32f4xx_it.o
    0x0800873c   0x0000006c   Code   RO          207    i.UART5_IRQHandler  stm32f4xx_it.o
    0x080087a8   0x00000390   Code   RO          208    i.USART1_IRQHandler  stm32f4xx_it.o
    0x08008b38   0x0000005c   Code   RO          209    i.USART3_IRQHandler  stm32f4xx_it.o
    0x08008b94   0x00000018   Code   RO         2794    i.USART_Cmd         stm32f4xx_usart.o
    0x08008bac   0x00000012   Code   RO         2795    i.USART_DMACmd      stm32f4xx_usart.o
    0x08008bbe   0x0000004a   Code   RO         2800    i.USART_ITConfig    stm32f4xx_usart.o
    0x08008c08   0x000000d4   Code   RO         2801    i.USART_Init        stm32f4xx_usart.o
    0x08008cdc   0x00000004   Code   RO          210    i.UsageFault_Handler  stm32f4xx_it.o
    0x08008ce0   0x00000040   Code   RO          438    i.Verify_CRC16_Check_Sum  driver_judge.o
    0x08008d20   0x00000084   Code   RO          502    i.Vision_InitConfig  driver_vision.o
    0x08008da4   0x00000030   Code   RO         5268    i.__ARM_fpclassify  m_wm.l(fpclassify.o)
    0x08008dd4   0x00000004   PAD
    0x08008dd8   0x00000360   Code   RO         4974    i.__hardfp_asin     m_wm.l(asin.o)
    0x08009138   0x000002d8   Code   RO         4988    i.__hardfp_atan     m_wm.l(atan.o)
    0x08009410   0x000001f0   Code   RO         5002    i.__hardfp_atan2    m_wm.l(atan2.o)
    0x08009600   0x000000c8   Code   RO         5014    i.__hardfp_cos      m_wm.l(cos.o)
    0x080096c8   0x000000c8   Code   RO         5026    i.__hardfp_sin      m_wm.l(sin.o)
    0x08009790   0x0000007a   Code   RO         5038    i.__hardfp_sqrt     m_wm.l(sqrt.o)
    0x0800980a   0x00000006   PAD
    0x08009810   0x00000438   Code   RO         5273    i.__ieee754_rem_pio2  m_wm.l(rred.o)
    0x08009c48   0x00000170   Code   RO         5245    i.__kernel_cos      m_wm.l(cos_i.o)
    0x08009db8   0x000000f8   Code   RO         5270    i.__kernel_poly     m_wm.l(poly.o)
    0x08009eb0   0x00000130   Code   RO         5278    i.__kernel_sin      m_wm.l(sin_i.o)
    0x08009fe0   0x00000014   Code   RO         5249    i.__mathlib_dbl_infnan  m_wm.l(dunder.o)
    0x08009ff4   0x00000014   Code   RO         5250    i.__mathlib_dbl_infnan2  m_wm.l(dunder.o)
    0x0800a008   0x00000020   Code   RO         5251    i.__mathlib_dbl_invalid  m_wm.l(dunder.o)
    0x0800a028   0x00000020   Code   RO         5254    i.__mathlib_dbl_underflow  m_wm.l(dunder.o)
    0x0800a048   0x0000000e   Code   RO         5142    i._is_digit         c_w.l(__printf_wp.o)
    0x0800a056   0x00000010   Code   RO         4990    i.atan              m_wm.l(atan.o)
    0x0800a066   0x00000002   PAD
    0x0800a068   0x00000064   Code   RO         4191    i.decode_gesture    inv_mpu_dmp_motion_driver.o
    0x0800a0cc   0x0000003c   Code   RO         4192    i.dmp_enable_6x_lp_quat  inv_mpu_dmp_motion_driver.o
    0x0800a108   0x0000021c   Code   RO         4193    i.dmp_enable_feature  inv_mpu_dmp_motion_driver.o
    0x0800a324   0x00000058   Code   RO         4194    i.dmp_enable_gyro_cal  inv_mpu_dmp_motion_driver.o
    0x0800a37c   0x0000003c   Code   RO         4195    i.dmp_enable_lp_quat  inv_mpu_dmp_motion_driver.o
    0x0800a3b8   0x00000018   Code   RO         4200    i.dmp_load_motion_driver_firmware  inv_mpu_dmp_motion_driver.o
    0x0800a3d0   0x000001cc   Code   RO         4201    i.dmp_read_fifo     inv_mpu_dmp_motion_driver.o
    0x0800a59c   0x00000130   Code   RO         4204    i.dmp_set_accel_bias  inv_mpu_dmp_motion_driver.o
    0x0800a6cc   0x00000070   Code   RO         4205    i.dmp_set_fifo_rate  inv_mpu_dmp_motion_driver.o
    0x0800a73c   0x00000130   Code   RO         4206    i.dmp_set_gyro_bias  inv_mpu_dmp_motion_driver.o
    0x0800a86c   0x00000138   Code   RO         4208    i.dmp_set_orientation  inv_mpu_dmp_motion_driver.o
    0x0800a9a4   0x00000038   Code   RO         4211    i.dmp_set_shake_reject_thresh  inv_mpu_dmp_motion_driver.o
    0x0800a9dc   0x00000026   Code   RO         4212    i.dmp_set_shake_reject_time  inv_mpu_dmp_motion_driver.o
    0x0800aa02   0x00000026   Code   RO         4213    i.dmp_set_shake_reject_timeout  inv_mpu_dmp_motion_driver.o
    0x0800aa28   0x00000046   Code   RO         4214    i.dmp_set_tap_axes  inv_mpu_dmp_motion_driver.o
    0x0800aa6e   0x00000026   Code   RO         4215    i.dmp_set_tap_count  inv_mpu_dmp_motion_driver.o
    0x0800aa94   0x000001c0   Code   RO         4216    i.dmp_set_tap_thresh  inv_mpu_dmp_motion_driver.o
    0x0800ac54   0x00000026   Code   RO         4217    i.dmp_set_tap_time  inv_mpu_dmp_motion_driver.o
    0x0800ac7a   0x00000026   Code   RO         4218    i.dmp_set_tap_time_multi  inv_mpu_dmp_motion_driver.o
    0x0800aca0   0x00000018   Code   RO         5264    i.fabs              m_wm.l(fabs.o)
    0x0800acb8   0x00000470   Code   RO         3824    i.get_st_biases     inv_mpu.o
    0x0800b128   0x0000004e   Code   RO         4115    i.inv_row_2_scale   mpu9250dmp.o
    0x0800b176   0x00000002   PAD
    0x0800b178   0x00000030   Code   RO            3    i.main              main.o
    0x0800b1a8   0x00000014   Code   RO         4117    i.mpu_accel_lpfset  mpu9250dmp.o
    0x0800b1bc   0x00000070   Code   RO         3825    i.mpu_configure_fifo  inv_mpu.o
    0x0800b22c   0x00000012   Code   RO         4118    i.mpu_delay_ms      mpu9250dmp.o
    0x0800b23e   0x00000002   PAD
    0x0800b240   0x0000004c   Code   RO         3826    i.mpu_get_accel_fsr  inv_mpu.o
    0x0800b28c   0x00000074   Code   RO         3827    i.mpu_get_accel_reg  inv_mpu.o
    0x0800b300   0x00000054   Code   RO         3828    i.mpu_get_accel_sens  inv_mpu.o
    0x0800b354   0x00000010   Code   RO         3833    i.mpu_get_fifo_config  inv_mpu.o
    0x0800b364   0x00000044   Code   RO         3834    i.mpu_get_gyro_fsr  inv_mpu.o
    0x0800b3a8   0x00000074   Code   RO         3835    i.mpu_get_gyro_reg  inv_mpu.o
    0x0800b41c   0x00000060   Code   RO         3836    i.mpu_get_gyro_sens  inv_mpu.o
    0x0800b47c   0x00000050   Code   RO         3838    i.mpu_get_lpf       inv_mpu.o
    0x0800b4cc   0x00000002   Code   RO         4119    i.mpu_get_ms        mpu9250dmp.o
    0x0800b4ce   0x00000002   PAD
    0x0800b4d0   0x00000020   Code   RO         3840    i.mpu_get_sample_rate  inv_mpu.o
    0x0800b4f0   0x00000134   Code   RO         3842    i.mpu_init          inv_mpu.o
    0x0800b624   0x000000b8   Code   RO         3843    i.mpu_load_firmware  inv_mpu.o
    0x0800b6dc   0x0000011c   Code   RO         3844    i.mpu_lp_accel_mode  inv_mpu.o
    0x0800b7f8   0x000000c0   Code   RO         3847    i.mpu_read_fifo_stream  inv_mpu.o
    0x0800b8b8   0x00000080   Code   RO         3848    i.mpu_read_mem      inv_mpu.o
    0x0800b938   0x000001c8   Code   RO         3851    i.mpu_reset_fifo    inv_mpu.o
    0x0800bb00   0x000000ac   Code   RO         3852    i.mpu_run_self_test  inv_mpu.o
    0x0800bbac   0x00000084   Code   RO         3854    i.mpu_set_accel_fsr  inv_mpu.o
    0x0800bc30   0x0000014c   Code   RO         3855    i.mpu_set_bypass    inv_mpu.o
    0x0800bd7c   0x00000060   Code   RO         3856    i.mpu_set_compass_sample_rate  inv_mpu.o
    0x0800bddc   0x00000090   Code   RO         3857    i.mpu_set_dmp_state  inv_mpu.o
    0x0800be6c   0x00000088   Code   RO         3858    i.mpu_set_gyro_fsr  inv_mpu.o
    0x0800bef4   0x0000006c   Code   RO         3859    i.mpu_set_int_latched  inv_mpu.o
    0x0800bf60   0x00000084   Code   RO         3861    i.mpu_set_lpf       inv_mpu.o
    0x0800bfe4   0x000000b4   Code   RO         3862    i.mpu_set_sample_rate  inv_mpu.o
    0x0800c098   0x00000168   Code   RO         3863    i.mpu_set_sensors   inv_mpu.o
    0x0800c200   0x00000080   Code   RO         3864    i.mpu_write_mem     inv_mpu.o
    0x0800c280   0x00000054   Code   RO         3095    i.prvAddCurrentTaskToDelayedList  tasks.o
    0x0800c2d4   0x00000042   Code   RO         3096    i.prvAllocateTCBAndStack  tasks.o
    0x0800c316   0x00000002   PAD
    0x0800c318   0x00000080   Code   RO         3419    i.prvCheckForValidListAndQueue  timers.o
    0x0800c398   0x00000064   Code   RO         3097    i.prvCheckTasksWaitingTermination  tasks.o
    0x0800c3fc   0x0000002a   Code   RO         3523    i.prvCopyDataFromQueue  queue.o
    0x0800c426   0x00000080   Code   RO         3524    i.prvCopyDataToQueue  queue.o
    0x0800c4a6   0x00000012   Code   RO         3098    i.prvDeleteTCB      tasks.o
    0x0800c4b8   0x00000028   Code   RO         3420    i.prvGetNextExpireTime  timers.o
    0x0800c4e0   0x00000038   Code   RO         3701    i.prvHeapInit       heap_2.o
    0x0800c518   0x00000028   Code   RO         3099    i.prvIdleTask       tasks.o
    0x0800c540   0x00000062   Code   RO         3100    i.prvInitialiseTCBVariables  tasks.o
    0x0800c5a2   0x00000002   PAD
    0x0800c5a4   0x00000068   Code   RO         3101    i.prvInitialiseTaskLists  tasks.o
    0x0800c60c   0x00000058   Code   RO         3421    i.prvInsertTimerInActiveList  timers.o
    0x0800c664   0x0000001a   Code   RO         3525    i.prvIsQueueEmpty   queue.o
    0x0800c67e   0x0000001e   Code   RO         3526    i.prvIsQueueFull    queue.o
    0x0800c69c   0x00000064   Code   RO         3422    i.prvProcessExpiredTimer  timers.o
    0x0800c700   0x000000f8   Code   RO         3423    i.prvProcessReceivedCommands  timers.o
    0x0800c7f8   0x00000074   Code   RO         3424    i.prvProcessTimerOrBlockTask  timers.o
    0x0800c86c   0x00000034   Code   RO         3103    i.prvResetNextTaskUnblockTime  tasks.o
    0x0800c8a0   0x0000002c   Code   RO         3425    i.prvSampleTimeNow  timers.o
    0x0800c8cc   0x000000a0   Code   RO         3426    i.prvSwitchTimerLists  timers.o
    0x0800c96c   0x00000040   Code   RO         3023    i.prvTaskExitError  port.o
    0x0800c9ac   0x0000001a   Code   RO         3427    i.prvTimerTask      timers.o
    0x0800c9c6   0x0000007e   Code   RO         3527    i.prvUnlockQueue    queue.o
    0x0800ca44   0x000000b8   Code   RO         3702    i.pvPortMalloc      heap_2.o
    0x0800cafc   0x00000020   Code   RO         3106    i.pvTaskIncrementMutexHeldCount  tasks.o
    0x0800cb1c   0x00000028   Code   RO         3024    i.pxPortInitialiseStack  port.o
    0x0800cb44   0x00000090   Code   RO         3865    i.set_int_enable    inv_mpu.o
    0x0800cbd4   0x00000238   Code   RO         3866    i.setup_compass     inv_mpu.o
    0x0800ce0c   0x0000006e   Code   RO         5040    i.sqrt              m_wm.l(sqrt.o)
    0x0800ce7a   0x00000028   Code   RO         2976    i.uxListRemove      list.o
    0x0800cea2   0x0000001a   Code   RO         2977    i.vListInitialise   list.o
    0x0800cebc   0x00000006   Code   RO         2978    i.vListInitialiseItem  list.o
    0x0800cec2   0x00000034   Code   RO         2979    i.vListInsert       list.o
    0x0800cef6   0x00000018   Code   RO         2980    i.vListInsertEnd    list.o
    0x0800cf0e   0x00000002   PAD
    0x0800cf10   0x00000054   Code   RO         3026    i.vPortEnterCritical  port.o
    0x0800cf64   0x0000003c   Code   RO         3027    i.vPortExitCritical  port.o
    0x0800cfa0   0x00000040   Code   RO         3703    i.vPortFree         heap_2.o
    0x0800cfe0   0x00000014   Code   RO         3028    i.vPortSetupTimerInterrupt  port.o
    0x0800cff4   0x00000078   Code   RO         3029    i.vPortValidateInterruptPriority  port.o
    0x0800d06c   0x0000002c   Code   RO         3533    i.vQueueAddToRegistry  queue.o
    0x0800d098   0x00000042   Code   RO         3537    i.vQueueWaitForMessageRestricted  queue.o
    0x0800d0da   0x00000002   PAD
    0x0800d0dc   0x0000008c   Code   RO         3114    i.vTaskDelay        tasks.o
    0x0800d168   0x000000fc   Code   RO         3115    i.vTaskDelayUntil   tasks.o
    0x0800d264   0x000000e0   Code   RO         3116    i.vTaskDelete       tasks.o
    0x0800d344   0x0000000c   Code   RO         3118    i.vTaskMissedYield  tasks.o
    0x0800d350   0x0000007c   Code   RO         3120    i.vTaskPlaceOnEventList  tasks.o
    0x0800d3cc   0x00000084   Code   RO         3121    i.vTaskPlaceOnEventListRestricted  tasks.o
    0x0800d450   0x000000b0   Code   RO         3123    i.vTaskPriorityInherit  tasks.o
    0x0800d500   0x00000030   Code   RO         3127    i.vTaskSetTimeOutState  tasks.o
    0x0800d530   0x00000088   Code   RO         3128    i.vTaskStartScheduler  tasks.o
    0x0800d5b8   0x00000010   Code   RO         3130    i.vTaskSuspendAll   tasks.o
    0x0800d5c8   0x0000008c   Code   RO         3131    i.vTaskSwitchContext  tasks.o
    0x0800d654   0x0000013c   Code   RO         3030    i.xPortStartScheduler  port.o
    0x0800d790   0x00000086   Code   RO         3540    i.xQueueGenericCreate  queue.o
    0x0800d816   0x00000002   PAD
    0x0800d818   0x000001ac   Code   RO         3541    i.xQueueGenericReceive  queue.o
    0x0800d9c4   0x00000094   Code   RO         3542    i.xQueueGenericReset  queue.o
    0x0800da58   0x000001a0   Code   RO         3543    i.xQueueGenericSend  queue.o
    0x0800dbf8   0x000000f0   Code   RO         3544    i.xQueueGenericSendFromISR  queue.o
    0x0800dce8   0x0000008c   Code   RO         3132    i.xTaskCheckForTimeOut  tasks.o
    0x0800dd74   0x00000170   Code   RO         3133    i.xTaskGenericCreate  tasks.o
    0x0800dee4   0x00000020   Code   RO         3137    i.xTaskGetSchedulerState  tasks.o
    0x0800df04   0x0000000c   Code   RO         3138    i.xTaskGetTickCount  tasks.o
    0x0800df10   0x00000014   Code   RO         3139    i.xTaskGetTickCountFromISR  tasks.o
    0x0800df24   0x0000014c   Code   RO         3140    i.xTaskIncrementTick  tasks.o
    0x0800e070   0x000000c8   Code   RO         3143    i.xTaskPriorityDisinherit  tasks.o
    0x0800e138   0x00000098   Code   RO         3144    i.xTaskRemoveFromEventList  tasks.o
    0x0800e1d0   0x00000104   Code   RO         3146    i.xTaskResumeAll    tasks.o
    0x0800e2d4   0x00000058   Code   RO         3431    i.xTimerCreateTimerTask  timers.o
    0x0800e32c   0x00000084   Code   RO         3432    i.xTimerGenericCommand  timers.o
    0x0800e3b0   0x0000002c   Code   RO         5404    locale$$code        c_w.l(lc_numeric_c.o)
    0x0800e3dc   0x0000002c   Code   RO         5433    locale$$code        c_w.l(lc_ctype_c.o)
    0x0800e408   0x00000018   Code   RO         4950    x$fpl$basic         fz_wm.l(basic.o)
    0x0800e420   0x00000062   Code   RO         4952    x$fpl$d2f           fz_wm.l(d2f.o)
    0x0800e482   0x00000002   PAD
    0x0800e484   0x00000150   Code   RO         4954    x$fpl$dadd          fz_wm.l(daddsub_clz.o)
    0x0800e5d4   0x000002b0   Code   RO         4961    x$fpl$ddiv          fz_wm.l(ddiv.o)
    0x0800e884   0x0000005e   Code   RO         5352    x$fpl$dfix          fz_wm.l(dfix.o)
    0x0800e8e2   0x0000002e   Code   RO         4965    x$fpl$dflt          fz_wm.l(dflt_clz.o)
    0x0800e910   0x00000026   Code   RO         4964    x$fpl$dfltu         fz_wm.l(dflt_clz.o)
    0x0800e936   0x00000002   PAD
    0x0800e938   0x00000154   Code   RO         4970    x$fpl$dmul          fz_wm.l(dmul.o)
    0x0800ea8c   0x0000009c   Code   RO         5226    x$fpl$dnaninf       fz_wm.l(dnaninf.o)
    0x0800eb28   0x0000000c   Code   RO         5228    x$fpl$dretinf       fz_wm.l(dretinf.o)
    0x0800eb34   0x00000016   Code   RO         4955    x$fpl$drsb          fz_wm.l(daddsub_clz.o)
    0x0800eb4a   0x00000002   PAD
    0x0800eb4c   0x00000198   Code   RO         5230    x$fpl$dsqrt         fz_wm.l(dsqrt_umaal.o)
    0x0800ece4   0x000001d4   Code   RO         4956    x$fpl$dsub          fz_wm.l(daddsub_clz.o)
    0x0800eeb8   0x00000056   Code   RO         4972    x$fpl$f2d           fz_wm.l(f2d.o)
    0x0800ef0e   0x0000008c   Code   RO         5232    x$fpl$fnaninf       fz_wm.l(fnaninf.o)
    0x0800ef9a   0x0000000a   Code   RO         5356    x$fpl$fpinit        fz_wm.l(fpinit.o)
    0x0800efa4   0x0000000a   Code   RO         5234    x$fpl$fretinf       fz_wm.l(fretinf.o)
    0x0800efae   0x00000004   Code   RO         5236    x$fpl$printf1       fz_wm.l(printf1.o)
    0x0800efb2   0x00000004   Code   RO         5238    x$fpl$printf2       fz_wm.l(printf2.o)
    0x0800efb6   0x00000000   Code   RO         5244    x$fpl$usenofp       fz_wm.l(usenofp.o)
    0x0800efb6   0x00000302   Data   RO          441    .constdata          driver_judge.o
    0x0800f2b8   0x00000082   Data   RO          504    .constdata          driver_vision.o
    0x0800f33a   0x00000002   PAD
    0x0800f33c   0x00000060   Data   RO         3867    .constdata          inv_mpu.o
    0x0800f39c   0x00000bf6   Data   RO         4220    .constdata          inv_mpu_dmp_motion_driver.o
    0x0800ff92   0x00000228   Data   RO         4762    .constdata          bsp_oled.o
    0x080101ba   0x00000006   PAD
    0x080101c0   0x00000050   Data   RO         4977    .constdata          m_wm.l(asin.o)
    0x08010210   0x00000098   Data   RO         4991    .constdata          m_wm.l(atan.o)
    0x080102a8   0x00000008   Data   RO         5101    .constdata          c_w.l(_printf_wctomb.o)
    0x080102b0   0x00000028   Data   RO         5130    .constdata          c_w.l(_printf_hex_int_ll_ptr.o)
    0x080102d8   0x00000011   Data   RO         5150    .constdata          c_w.l(__printf_flags_ss_wp.o)
    0x080102e9   0x00000007   PAD
    0x080102f0   0x00000030   Data   RO         5246    .constdata          m_wm.l(cos_i.o)
    0x08010320   0x00000008   Data   RO         5272    .constdata          m_wm.l(qnan.o)
    0x08010328   0x000000c8   Data   RO         5275    .constdata          m_wm.l(rred.o)
    0x080103f0   0x00000028   Data   RO         5279    .constdata          m_wm.l(sin_i.o)
    0x08010418   0x00000026   Data   RO         5328    .constdata          c_w.l(_printf_fp_hex.o)
    0x0801043e   0x00000002   PAD
    0x08010440   0x00000094   Data   RO         5379    .constdata          c_w.l(bigflt0.o)
    0x080104d4   0x00000020   Data   RO         5491    Region$$Table       anon$$obj.o
    0x080104f4   0x0000001c   Data   RO         5403    locale$$data        c_w.l(lc_numeric_c.o)
    0x08010510   0x00000110   Data   RO         5432    locale$$data        c_w.l(lc_ctype_c.o)


    Execution Region RW_IRAM1 (Base: 0x20000000, Size: 0x00008440, Max: 0x00020000, ABSOLUTE, COMPRESSED[0x0000007c])

    Base Addr    Size         Type   Attr      Idx    E Section Name        Object

    0x20000000   0x00000010   Data   RW            4    .data               main.o
    0x20000010   0x00000005   Data   RW          212    .data               stm32f4xx_it.o
    0x20000015   0x00000003   PAD
    0x20000018   0x0000000c   Data   RW          383    .data               driver_dbus.o
    0x20000024   0x0000000a   Data   RW          442    .data               driver_judge.o
    0x2000002e   0x00000002   PAD
    0x20000030   0x00000012   Data   RW          505    .data               driver_vision.o
    0x20000042   0x00000002   PAD
    0x20000044   0x00000014   Data   RW          571    .data               driver_chassis.o
    0x20000058   0x00000002   Data   RW          711    .data               driver_esp8266.o
    0x2000005a   0x00000002   PAD
    0x2000005c   0x00000009   Data   RW          900    .data               driver_pokemotor.o
    0x20000065   0x00000003   PAD
    0x20000068   0x0000000c   Data   RW         1003    .data               driver_statusmachine.o
    0x20000074   0x00000008   Data   RW         1035    .data               driver_supergyroscope.o
    0x2000007c   0x00000107   Data   RW         1061    .data               task_bell.o
    0x20000183   0x00000005   PAD
    0x20000188   0x0000002b   Data   RW         1101    .data               task_control.o
    0x200001b3   0x00000001   PAD
    0x200001b4   0x00000003   Data   RW         1186    .data               task_monitor.o
    0x200001b7   0x00000010   Data   RW         2058    .data               stm32f4xx_rcc.o
    0x200001c7   0x00000001   PAD
    0x200001c8   0x0000000c   Data   RW         3031    .data               port.o
    0x200001d4   0x00000038   Data   RW         3149    .data               tasks.o
    0x2000020c   0x00000010   Data   RW         3435    .data               timers.o
    0x2000021c   0x00000018   Data   RW         3707    .data               heap_2.o
    0x20000234   0x00000038   Data   RW         3868    .data               inv_mpu.o
    0x2000026c   0x00000009   Data   RW         4121    .data               mpu9250dmp.o
    0x20000275   0x00000001   PAD
    0x20000276   0x00000002   Data   RW         4763    .data               bsp_oled.o
    0x20000278   0x00000014   Zero   RW          211    .bss                stm32f4xx_it.o
    0x2000028c   0x00000080   Zero   RW          382    .bss                driver_dbus.o
    0x2000030c   0x000000b0   Zero   RW          440    .bss                driver_judge.o
    0x200003bc   0x000006ac   Zero   RW          503    .bss                driver_vision.o
    0x20000a68   0x0000006c   Zero   RW          570    .bss                driver_chassis.o
    0x20000ad4   0x00000210   Zero   RW          639    .bss                driver_control.o
    0x20000ce4   0x00000680   Zero   RW          709    .bss                driver_esp8266.o
    0x20001364   0x00000034   Zero   RW          826    .bss                driver_mpu9250.o
    0x20001398   0x00000014   Zero   RW          899    .bss                driver_pokemotor.o
    0x200013ac   0x0000003c   Zero   RW          951    .bss                driver_cloudmotor.o
    0x200013e8   0x0000000c   Zero   RW         1034    .bss                driver_supergyroscope.o
    0x200013f4   0x00000078   Zero   RW         1100    .bss                task_control.o
    0x2000146c   0x000000f0   Zero   RW         3148    .bss                tasks.o
    0x2000155c   0x00000028   Zero   RW         3434    .bss                timers.o
    0x20001584   0x00000040   Zero   RW         3552    .bss                queue.o
    0x200015c4   0x00006400   Zero   RW         3706    .bss                heap_2.o
    0x200079c4   0x0000000a   Zero   RW         4120    .bss                mpu9250dmp.o
    0x200079ce   0x00000002   PAD
    0x200079d0   0x00000010   Zero   RW         4219    .bss                inv_mpu_dmp_motion_driver.o
    0x200079e0   0x00000400   Zero   RW         4761    .bss                bsp_oled.o
    0x20007de0   0x00000060   Zero   RW         5287    .bss                c_w.l(libspace.o)
    0x20007e40   0x00000200   Zero   RW         4417    HEAP                startup_stm32f40_41xxx.o
    0x20008040   0x00000400   Zero   RW         4416    STACK               startup_stm32f40_41xxx.o


==============================================================================

Image component sizes


      Code (inc. data)   RO Data    RW Data    ZI Data      Debug   Object Name

       264         10          0          0          0        753   bsp_can.o
       444         44          0          0          0        829   bsp_dma.o
       760         18          0          0          0        946   bsp_gpio.o
       284         24          0          0          0        658   bsp_nvic.o
      1944         44        552          2       1024      11260   bsp_oled.o
       404         14          0          0          0        833   bsp_tim.o
       224         16          0          0          0        634   bsp_uart.o
        72         20          0          0          0       1517   driver_bell.o
       988         90          0         20        108       7210   driver_chassis.o
       564         56          0          0         60       5025   driver_cloudmotor.o
      3664        170          0          0        528       5615   driver_control.o
       552         52          0         12        128       3874   driver_dbus.o
         0          0          0          2       1664       1112   driver_esp8266.o
        76         12          0          0          0       1036   driver_fricmotor.o
       116         10        770         10        176       3827   driver_judge.o
       232         18          0          0         52       2094   driver_mpu9250.o
       516         58          0          9         20       4231   driver_pokemotor.o
       668         50          0         12          0       2698   driver_statusmachine.o
        56         10          0          0          0       1021   driver_steering.o
        44         14          0          8         12       1333   driver_supergyroscope.o
      2580        114        130         18       1708       8661   driver_vision.o
       626          0          0          0          0       6673   drv_gui.o
       304         40          0         24      25600       3491   heap_2.o
      6116        190         96         56          0      28168   inv_mpu.o
      3128        138       3062          0         16      20730   inv_mpu_dmp_motion_driver.o
       148          0          0          0          0       4702   list.o
        48         12          0         16          0     320301   main.o
       140         24          0          0          0       1507   misc.o
      1270         40          0          9         10       8410   mpu9250dmp.o
       938         90          0         12          0      16641   port.o
      1828         18          0          0         64      12569   queue.o
       830         32          0          0          0       6330   sim_iic.o
        64         26        392          0       1536        832   startup_stm32f40_41xxx.o
      1092          6          0          0          0       4364   stm32f4xx_can.o
       186         20          0          0          0       4101   stm32f4xx_dma.o
       240          0          0          0          0       3455   stm32f4xx_gpio.o
      2000        150          0          5         20       8623   stm32f4xx_it.o
       328         36          0         16          0       4543   stm32f4xx_rcc.o
      1190         56          0          0          0      12776   stm32f4xx_tim.o
       328          8          0          0          0       3469   stm32f4xx_usart.o
       340         32          0          0          0       1489   system_stm32f4xx.o
       100         14          0        263          0       1250   task_bell.o
       160         14          0          0          0        615   task_cansend.o
      3204        252          0         43        120       7751   task_control.o
       604         70          0          3          0       1179   task_monitor.o
       452         94          0          0          0        757   task_sysinitconfig.o
      3510        458          0         56        240      24463   tasks.o
      1170        108          0         16         40      14315   timers.o

    ----------------------------------------------------------------------
     44834       2772       5042        632      33128     588671   Object Totals
         0          0         32          0          0          0   (incl. Generated)
        38          0          8         20          2          0   (incl. Padding)

    ----------------------------------------------------------------------

      Code (inc. data)   RO Data    RW Data    ZI Data      Debug   Library Member Name

        90          0          0          0          0          0   __dczerorl2.o
         8          0          0          0          0         68   __main.o
       392          4         17          0          0         92   __printf_flags_ss_wp.o
        14          0          0          0          0         68   __printf_wp.o
         0          0          0          0          0          0   __rtentry.o
        12          0          0          0          0          0   __rtentry2.o
         6          0          0          0          0          0   __rtentry4.o
        52          8          0          0          0          0   __scatter.o
        28          0          0          0          0          0   __scatter_zi.o
         6          0          0          0          0          0   _printf_a.o
         6          0          0          0          0          0   _printf_c.o
        44          0          0          0          0        108   _printf_char.o
        48          6          0          0          0         96   _printf_char_common.o
        40          0          0          0          0         68   _printf_charcount.o
         6          0          0          0          0          0   _printf_d.o
       120         16          0          0          0         92   _printf_dec.o
         6          0          0          0          0          0   _printf_e.o
         6          0          0          0          0          0   _printf_f.o
      1050          0          0          0          0        216   _printf_fp_dec.o
       764         10         38          0          0        100   _printf_fp_hex.o
       128         16          0          0          0         84   _printf_fp_infnan.o
         6          0          0          0          0          0   _printf_g.o
       148          4         40          0          0        160   _printf_hex_int_ll_ptr.o
         6          0          0          0          0          0   _printf_i.o
       178          0          0          0          0         88   _printf_intcommon.o
        10          0          0          0          0          0   _printf_l.o
         6          0          0          0          0          0   _printf_lc.o
        10          0          0          0          0          0   _printf_ll.o
         6          0          0          0          0          0   _printf_lld.o
         6          0          0          0          0          0   _printf_lli.o
         6          0          0          0          0          0   _printf_llo.o
         6          0          0          0          0          0   _printf_llu.o
         6          0          0          0          0          0   _printf_llx.o
       124         16          0          0          0         92   _printf_longlong_dec.o
         6          0          0          0          0          0   _printf_ls.o
         6          0          0          0          0          0   _printf_n.o
         6          0          0          0          0          0   _printf_o.o
       112          8          0          0          0        124   _printf_oct_int_ll.o
         6          0          0          0          0          0   _printf_p.o
        78          0          0          0          0        108   _printf_pad.o
         0          0          0          0          0          0   _printf_percent.o
         4          0          0          0          0          0   _printf_percent_end.o
         6          0          0          0          0          0   _printf_s.o
        82          0          0          0          0         80   _printf_str.o
        36          0          0          0          0         84   _printf_truncate.o
         6          0          0          0          0          0   _printf_u.o
        44          0          0          0          0        108   _printf_wchar.o
       188          6          8          0          0         92   _printf_wctomb.o
         6          0          0          0          0          0   _printf_x.o
        22          0          0          0          0        100   _rserrno.o
        16          0          0          0          0         68   _snputc.o
        10          0          0          0          0         68   _sputc.o
        64          0          0          0          0         92   _wcrtomb.o
        16          0          0          0          0         68   aeabi_memset.o
       220          4        148          0          0         96   bigflt0.o
      1910        128          0          0          0        672   btod.o
        10          0          0          0          0         68   defsig_exit.o
        50          0          0          0          0         88   defsig_general.o
        80         58          0          0          0         76   defsig_rtmem_inner.o
        14          0          0          0          0         80   defsig_rtmem_outer.o
        18          0          0          0          0         80   exit.o
        94          0          0          0          0         80   h1_alloc.o
        52          0          0          0          0         68   h1_extend.o
        78          0          0          0          0         80   h1_free.o
        14          0          0          0          0         84   h1_init.o
         6          0          0          0          0        152   heapauxi.o
         4          0          0          0          0        136   hguard.o
         0          0          0          0          0          0   indicate_semi.o
       138          0          0          0          0        168   init_alloc.o
        44         10        272          0          0         76   lc_ctype_c.o
        44         10         28          0          0         76   lc_numeric_c.o
         2          0          0          0          0          0   libinit.o
        42          0          0          0          0          0   libinit2.o
         2          0          0          0          0          0   libshutdown.o
         2          0          0          0          0          0   libshutdown2.o
         8          4          0          0         96         68   libspace.o
        72          0          0          0          0         76   llsdiv.o
       138          0          0          0          0         80   lludiv10.o
       238          0          0          0          0        100   lludivv7m.o
         0          0          0          0          0          0   maybetermalloc1.o
        88          0          0          0          0         76   memcmp.o
        16          4          0          0          0         76   rt_ctype_table.o
         8          4          0          0          0         68   rt_errno_addr_intlibspace.o
         8          4          0          0          0         68   rt_heap_descriptor_intlibspace.o
         8          4          0          0          0         68   rt_locale_intlibspace.o
        68          0          0          0          0         68   rt_memclr.o
        78          0          0          0          0         80   rt_memclr_w.o
       138          0          0          0          0         68   rt_memcpy_v6.o
       100          0          0          0          0         80   rt_memcpy_w.o
         2          0          0          0          0          0   rtexit.o
        10          0          0          0          0          0   rtexit2.o
       128          0          0          0          0         68   strcmpv7m.o
        72          0          0          0          0         80   strcpy.o
        12          4          0          0          0         68   sys_exit.o
        74          0          0          0          0         80   sys_stackheap_outer.o
        14          0          0          0          0         76   sys_wrch.o
         2          0          0          0          0         68   use_no_semi.o
        52          4          0          0          0         80   vsnprintf.o
        24          0          0          0          0        164   basic.o
        98          4          0          0          0        140   d2f.o
       826         16          0          0          0        492   daddsub_clz.o
       688        140          0          0          0        256   ddiv.o
        94          4          0          0          0        140   dfix.o
        84          0          0          0          0        232   dflt_clz.o
       340         12          0          0          0        152   dmul.o
       156          4          0          0          0        140   dnaninf.o
        12          0          0          0          0        116   dretinf.o
       408         56          0          0          0        168   dsqrt_umaal.o
        86          4          0          0          0        132   f2d.o
       140          4          0          0          0        132   fnaninf.o
        10          0          0          0          0        116   fpinit.o
        10          0          0          0          0        116   fretinf.o
         4          0          0          0          0        116   printf1.o
         4          0          0          0          0        116   printf2.o
         0          0          0          0          0          0   usenofp.o
       864         94         80          0          0        280   asin.o
       744        106        152          0          0        352   atan.o
       496         64          0          0          0        192   atan2.o
       200         20          0          0          0        164   cos.o
       368         46         48          0          0        200   cos_i.o
       104         16          0          0          0        496   dunder.o
        24          0          0          0          0        124   fabs.o
        48          0          0          0          0        124   fpclassify.o
       248          0          0          0          0        152   poly.o
         0          0          8          0          0          0   qnan.o
      1080        142        200          0          0        188   rred.o
       200         20          0          0          0        164   sin.o
       304         24         40          0          0        208   sin_i.o
       232          0          0          0          0        296   sqrt.o

    ----------------------------------------------------------------------
     16140       1108       1088          0         96      11568   Library Totals
        28          0          9          0          0          0   (incl. Padding)

    ----------------------------------------------------------------------

      Code (inc. data)   RO Data    RW Data    ZI Data      Debug   Library Name

      8216        332        551          0         96       5900   c_w.l
      2984        244          0          0          0       2728   fz_wm.l
      4912        532        528          0          0       2940   m_wm.l

    ----------------------------------------------------------------------
     16140       1108       1088          0         96      11568   Library Totals

    ----------------------------------------------------------------------

==============================================================================


      Code (inc. data)   RO Data    RW Data    ZI Data      Debug   

     60974       3880       6130        632      33224     565759   Grand Totals
     60974       3880       6130        124      33224     565759   ELF Image Totals (compressed)
     60974       3880       6130        124          0          0   ROM Totals

==============================================================================

    Total RO  Size (Code + RO Data)                67104 (  65.53kB)
    Total RW  Size (RW Data + ZI Data)             33856 (  33.06kB)
    Total ROM Size (Code + RO Data + RW Data)      67228 (  65.65kB)

==============================================================================

